[INFO] Scanning for projects...
Downloading from central: https://repo.maven.apache.org/maven2/org/springframework/boot/spring-boot-starter-parent/3.3.4/spring-boot-starter-parent-3.3.4.pom
Progress (1): 1.1 kB
Progress (1): 2.6 kB
Progress (1): 6.5 kB
Progress (1): 7.7 kB
Progress (1): 12 kB 
Progress (1): 13 kB
                   
Downloaded from central: https://repo.maven.apache.org/maven2/org/springframework/boot/spring-boot-starter-parent/3.3.4/spring-boot-starter-parent-3.3.4.pom (13 kB at 17 kB/s)
Downloading from central: https://repo.maven.apache.org/maven2/org/springframework/boot/spring-boot-dependencies/3.3.4/spring-boot-dependencies-3.3.4.pom
Progress (1): 1.1 kB
Progress (1): 2.5 kB
Progress (1): 4.9 kB
Progress (1): 7.2 kB
Progress (1): 7.7 kB
Progress (1): 9.7 kB
Progress (1): 12 kB 
Progress (1): 18 kB
Progress (1): 24 kB
Progress (1): 32 kB
Progress (1): 39 kB
Progress (1): 45 kB
Progress (1): 55 kB
Progress (1): 63 kB
Progress (1): 73 kB
Progress (1): 81 kB
Progress (1): 88 kB
Progress (1): 94 kB
Progress (1): 100 kB
                    
Downloaded from central: https://repo.maven.apache.org/maven2/org/springframework/boot/spring-boot-dependencies/3.3.4/spring-boot-dependencies-3.3.4.pom (100 kB at 544 kB/s)
Downloading from central: https://repo.maven.apache.org/maven2/org/apache/activemq/activemq-bom/6.1.3/activemq-bom-6.1.3.pom
Progress (1): 799 B
Progress (1): 1.9 kB
Progress (1): 7.9 kB
                    
Downloaded from central: https://repo.maven.apache.org/maven2/org/apache/activemq/activemq-bom/6.1.3/activemq-bom-6.1.3.pom (7.9 kB at 56 kB/s)
Downloading from central: https://repo.maven.apache.org/maven2/org/apache/activemq/artemis-bom/2.33.0/artemis-bom-2.33.0.pom
Progress (1): 799 B
Progress (1): 3.3 kB
Progress (1): 9.6 kB
                    
Downloaded from central: https://repo.maven.apache.org/maven2/org/apache/activemq/artemis-bom/2.33.0/artemis-bom-2.33.0.pom (9.6 kB at 72 kB/s)
Downloading from central: https://repo.maven.apache.org/maven2/org/apache/activemq/artemis-project/2.33.0/artemis-project-2.33.0.pom
Progress (1): 713 B
Progress (1): 2.0 kB
Progress (1): 4.2 kB
Progress (1): 6.0 kB
Progress (1): 7.5 kB
Progress (1): 9.6 kB
Progress (1): 12 kB 
Progress (1): 12 kB
Progress (1): 14 kB
Progress (1): 16 kB
Progress (1): 17 kB
Progress (1): 24 kB
Progress (1): 27 kB
Progress (1): 29 kB
Progress (1): 32 kB
Progress (1): 38 kB
Progress (1): 42 kB
Progress (1): 46 kB
Progress (1): 49 kB
Progress (1): 51 kB
Progress (1): 55 kB
Progress (1): 60 kB
Progress (1): 63 kB
Progress (1): 64 kB
                   
Downloaded from central: https://repo.maven.apache.org/maven2/org/apache/activemq/artemis-project/2.33.0/artemis-project-2.33.0.pom (64 kB at 430 kB/s)
Downloading from central: https://repo.maven.apache.org/maven2/org/apache/apache/31/apache-31.pom
Progress (1): 739 B
Progress (1): 1.6 kB
Progress (1): 3.4 kB
Progress (1): 5.3 kB
Progress (1): 7.4 kB
Progress (1): 13 kB 
Progress (1): 18 kB
Progress (1): 20 kB
Progress (1): 22 kB
Progress (1): 24 kB
                   
Downloaded from central: https://repo.maven.apache.org/maven2/org/apache/apache/31/apache-31.pom (24 kB at 160 kB/s)
Downloading from central: https://repo.maven.apache.org/maven2/org/assertj/assertj-bom/3.25.3/assertj-bom-3.25.3.pom
Progress (1): 1.0 kB
Progress (1): 3.0 kB
Progress (1): 3.7 kB
                    
Downloaded from central: https://repo.maven.apache.org/maven2/org/assertj/assertj-bom/3.25.3/assertj-bom-3.25.3.pom (3.7 kB at 23 kB/s)
Downloading from central: https://repo.maven.apache.org/maven2/io/zipkin/reporter2/zipkin-reporter-bom/3.4.2/zipkin-reporter-bom-3.4.2.pom
Progress (1): 755 B
Progress (1): 1.7 kB
Progress (1): 5.2 kB
Progress (1): 6.4 kB
                    
Downloaded from central: https://repo.maven.apache.org/maven2/io/zipkin/reporter2/zipkin-reporter-bom/3.4.2/zipkin-reporter-bom-3.4.2.pom (6.4 kB at 43 kB/s)
Downloading from central: https://repo.maven.apache.org/maven2/io/zipkin/brave/brave-bom/6.0.3/brave-bom-6.0.3.pom
Progress (1): 1.1 kB
Progress (1): 2.4 kB
Progress (1): 11 kB 
Progress (1): 11 kB
                   
Downloaded from central: https://repo.maven.apache.org/maven2/io/zipkin/brave/brave-bom/6.0.3/brave-bom-6.0.3.pom (11 kB at 21 kB/s)
Downloading from central: https://repo.maven.apache.org/maven2/org/apache/cassandra/java-driver-bom/4.18.1/java-driver-bom-4.18.1.pom
Progress (1): 817 B
Progress (1): 2.0 kB
Progress (1): 5.1 kB
Progress (1): 5.5 kB
                    
Downloaded from central: https://repo.maven.apache.org/maven2/org/apache/cassandra/java-driver-bom/4.18.1/java-driver-bom-4.18.1.pom (5.5 kB at 46 kB/s)
Downloading from central: https://repo.maven.apache.org/maven2/org/glassfish/jaxb/jaxb-bom/4.0.5/jaxb-bom-4.0.5.pom
Progress (1): 849 B
Progress (1): 6.0 kB
Progress (1): 12 kB 
                   
Downloaded from central: https://repo.maven.apache.org/maven2/org/glassfish/jaxb/jaxb-bom/4.0.5/jaxb-bom-4.0.5.pom (12 kB at 68 kB/s)
Downloading from central: https://repo.maven.apache.org/maven2/org/eclipse/ee4j/project/1.0.9/project-1.0.9.pom
Progress (1): 876 B
Progress (1): 2.5 kB
Progress (1): 5.0 kB
Progress (1): 8.5 kB
Progress (1): 12 kB 
Progress (1): 16 kB
                   
Downloaded from central: https://repo.maven.apache.org/maven2/org/eclipse/ee4j/project/1.0.9/project-1.0.9.pom (16 kB at 89 kB/s)
Downloading from central: https://repo.maven.apache.org/maven2/org/apache/groovy/groovy-bom/4.0.23/groovy-bom-4.0.23.pom
Progress (1): 863 B
Progress (1): 3.6 kB
Progress (1): 7.0 kB
Progress (1): 11 kB 
Progress (1): 14 kB
Progress (1): 18 kB
Progress (1): 22 kB
Progress (1): 23 kB
Progress (1): 27 kB
                   
Downloaded from central: https://repo.maven.apache.org/maven2/org/apache/groovy/groovy-bom/4.0.23/groovy-bom-4.0.23.pom (27 kB at 204 kB/s)
Downloading from central: https://repo.maven.apache.org/maven2/org/infinispan/infinispan-bom/15.0.8.Final/infinispan-bom-15.0.8.Final.pom
Progress (1): 1.2 kB
Progress (1): 7.2 kB
Progress (1): 18 kB 
                   
Downloaded from central: https://repo.maven.apache.org/maven2/org/infinispan/infinispan-bom/15.0.8.Final/infinispan-bom-15.0.8.Final.pom (18 kB at 132 kB/s)
Downloading from central: https://repo.maven.apache.org/maven2/org/infinispan/infinispan-build-configuration-parent/15.0.8.Final/infinispan-build-configuration-parent-15.0.8.Final.pom
Progress (1): 1.1 kB
Progress (1): 3.4 kB
Progress (1): 5.5 kB
Progress (1): 7.6 kB
Progress (1): 9.5 kB
Progress (1): 12 kB 
Progress (1): 14 kB
Progress (1): 17 kB
Progress (1): 18 kB
Progress (1): 19 kB
                   
Downloaded from central: https://repo.maven.apache.org/maven2/org/infinispan/infinispan-build-configuration-parent/15.0.8.Final/infinispan-build-configuration-parent-15.0.8.Final.pom (19 kB at 134 kB/s)
Downloading from central: https://repo.maven.apache.org/maven2/org/jboss/jboss-parent/43/jboss-parent-43.pom
Progress (1): 701 B
Progress (1): 2.0 kB
Progress (1): 4.5 kB
Progress (1): 7.0 kB
Progress (1): 9.2 kB
Progress (1): 12 kB 
Progress (1): 19 kB
Progress (1): 22 kB
Progress (1): 29 kB
Progress (1): 32 kB
Progress (1): 35 kB
Progress (1): 38 kB
Progress (1): 47 kB
Progress (1): 66 kB
Progress (1): 75 kB
                   
Downloaded from central: https://repo.maven.apache.org/maven2/org/jboss/jboss-parent/43/jboss-parent-43.pom (75 kB at 484 kB/s)
Downloading from central: https://repo.maven.apache.org/maven2/com/fasterxml/jackson/jackson-bom/2.17.2/jackson-bom-2.17.2.pom
Progress (1): 924 B
Progress (1): 2.7 kB
Progress (1): 8.1 kB
Progress (1): 17 kB 
Progress (1): 19 kB
                   
Downloaded from central: https://repo.maven.apache.org/maven2/com/fasterxml/jackson/jackson-bom/2.17.2/jackson-bom-2.17.2.pom (19 kB at 101 kB/s)
Downloading from central: https://repo.maven.apache.org/maven2/com/fasterxml/jackson/jackson-parent/2.17/jackson-parent-2.17.pom
Progress (1): 1.1 kB
Progress (1): 2.5 kB
Progress (1): 4.0 kB
Progress (1): 6.5 kB
                    
Downloaded from central: https://repo.maven.apache.org/maven2/com/fasterxml/jackson/jackson-parent/2.17/jackson-parent-2.17.pom (6.5 kB at 42 kB/s)
Downloading from central: https://repo.maven.apache.org/maven2/com/fasterxml/oss-parent/58/oss-parent-58.pom
Progress (1): 950 B
Progress (1): 2.6 kB
Progress (1): 4.0 kB
Progress (1): 6.0 kB
Progress (1): 9.7 kB
Progress (1): 12 kB 
Progress (1): 15 kB
Progress (1): 18 kB
Progress (1): 19 kB
Progress (1): 22 kB
Progress (1): 24 kB
                   
Downloaded from central: https://repo.maven.apache.org/maven2/com/fasterxml/oss-parent/58/oss-parent-58.pom (24 kB at 185 kB/s)
Downloading from central: https://repo.maven.apache.org/maven2/org/glassfish/jersey/jersey-bom/3.1.8/jersey-bom-3.1.8.pom
Progress (1): 861 B
Progress (1): 8.2 kB
Progress (1): 20 kB 
Progress (1): 21 kB
                   
Downloaded from central: https://repo.maven.apache.org/maven2/org/glassfish/jersey/jersey-bom/3.1.8/jersey-bom-3.1.8.pom (21 kB at 155 kB/s)
Downloading from central: https://repo.maven.apache.org/maven2/org/eclipse/jetty/ee10/jetty-ee10-bom/12.0.13/jetty-ee10-bom-12.0.13.pom
Progress (1): 1.2 kB
Progress (1): 3.4 kB
Progress (1): 9.5 kB
Progress (1): 9.6 kB
                    
Downloaded from central: https://repo.maven.apache.org/maven2/org/eclipse/jetty/ee10/jetty-ee10-bom/12.0.13/jetty-ee10-bom-12.0.13.pom (9.6 kB at 75 kB/s)
Downloading from central: https://repo.maven.apache.org/maven2/org/eclipse/jetty/jetty-bom/12.0.13/jetty-bom-12.0.13.pom
Progress (1): 1.1 kB
Progress (1): 4.6 kB
Progress (1): 14 kB 
                   
Downloaded from central: https://repo.maven.apache.org/maven2/org/eclipse/jetty/jetty-bom/12.0.13/jetty-bom-12.0.13.pom (14 kB at 114 kB/s)
Downloading from central: https://repo.maven.apache.org/maven2/org/junit/junit-bom/5.10.3/junit-bom-5.10.3.pom
Progress (1): 908 B
Progress (1): 4.1 kB
Progress (1): 5.6 kB
                    
Downloaded from central: https://repo.maven.apache.org/maven2/org/junit/junit-bom/5.10.3/junit-bom-5.10.3.pom (5.6 kB at 32 kB/s)
Downloading from central: https://repo.maven.apache.org/maven2/org/jetbrains/kotlin/kotlin-bom/1.9.25/kotlin-bom-1.9.25.pom
Progress (1): 908 B
Progress (1): 5.3 kB
Progress (1): 9.1 kB
                    
Downloaded from central: https://repo.maven.apache.org/maven2/org/jetbrains/kotlin/kotlin-bom/1.9.25/kotlin-bom-1.9.25.pom (9.1 kB at 66 kB/s)
Downloading from central: https://repo.maven.apache.org/maven2/org/jetbrains/kotlinx/kotlinx-coroutines-bom/1.8.1/kotlinx-coroutines-bom-1.8.1.pom
Progress (1): 1.2 kB
Progress (1): 4.3 kB
                    
Downloaded from central: https://repo.maven.apache.org/maven2/org/jetbrains/kotlinx/kotlinx-coroutines-bom/1.8.1/kotlinx-coroutines-bom-1.8.1.pom (4.3 kB at 33 kB/s)
Downloading from central: https://repo.maven.apache.org/maven2/org/jetbrains/kotlinx/kotlinx-serialization-bom/1.6.3/kotlinx-serialization-bom-1.6.3.pom
Progress (1): 1.2 kB
Progress (1): 3.7 kB
                    
Downloaded from central: https://repo.maven.apache.org/maven2/org/jetbrains/kotlinx/kotlinx-serialization-bom/1.6.3/kotlinx-serialization-bom-1.6.3.pom (3.7 kB at 25 kB/s)
Downloading from central: https://repo.maven.apache.org/maven2/org/apache/logging/log4j/log4j-bom/2.23.1/log4j-bom-2.23.1.pom
Progress (1): 799 B
Progress (1): 2.3 kB
Progress (1): 5.7 kB
Progress (1): 8.2 kB
Progress (1): 12 kB 
                   
Downloaded from central: https://repo.maven.apache.org/maven2/org/apache/logging/log4j/log4j-bom/2.23.1/log4j-bom-2.23.1.pom (12 kB at 93 kB/s)
Downloading from central: https://repo.maven.apache.org/maven2/org/apache/logging/logging-parent/10.6.0/logging-parent-10.6.0.pom
Progress (1): 739 B
Progress (1): 2.2 kB
Progress (1): 4.7 kB
Progress (1): 6.5 kB
Progress (1): 8.4 kB
Progress (1): 11 kB 
Progress (1): 15 kB
Progress (1): 18 kB
Progress (1): 20 kB
Progress (1): 24 kB
Progress (1): 30 kB
Progress (1): 32 kB
Progress (1): 33 kB
Progress (1): 35 kB
Progress (1): 39 kB
Progress (1): 39 kB
Progress (1): 42 kB
Progress (1): 44 kB
Progress (1): 47 kB
Progress (1): 51 kB
Progress (1): 54 kB
                   
Downloaded from central: https://repo.maven.apache.org/maven2/org/apache/logging/logging-parent/10.6.0/logging-parent-10.6.0.pom (54 kB at 407 kB/s)
Downloading from central: https://repo.maven.apache.org/maven2/io/micrometer/micrometer-bom/1.13.4/micrometer-bom-1.13.4.pom
Progress (1): 1.0 kB
Progress (1): 7.6 kB
Progress (1): 8.4 kB
                    
Downloaded from central: https://repo.maven.apache.org/maven2/io/micrometer/micrometer-bom/1.13.4/micrometer-bom-1.13.4.pom (8.4 kB at 66 kB/s)
Downloading from central: https://repo.maven.apache.org/maven2/io/micrometer/micrometer-tracing-bom/1.3.4/micrometer-tracing-bom-1.3.4.pom
Progress (1): 1.0 kB
Progress (1): 3.9 kB
Progress (1): 4.5 kB
                    
Downloaded from central: https://repo.maven.apache.org/maven2/io/micrometer/micrometer-tracing-bom/1.3.4/micrometer-tracing-bom-1.3.4.pom (4.5 kB at 32 kB/s)
Downloading from central: https://repo.maven.apache.org/maven2/org/mockito/mockito-bom/5.11.0/mockito-bom-5.11.0.pom
Progress (1): 1.5 kB
Progress (1): 3.0 kB
                    
Downloaded from central: https://repo.maven.apache.org/maven2/org/mockito/mockito-bom/5.11.0/mockito-bom-5.11.0.pom (3.0 kB at 23 kB/s)
Downloading from central: https://repo.maven.apache.org/maven2/io/netty/netty-bom/4.1.113.Final/netty-bom-4.1.113.Final.pom
Progress (1): 791 B
Progress (1): 2.4 kB
Progress (1): 7.7 kB
Progress (1): 14 kB 
                   
Downloaded from central: https://repo.maven.apache.org/maven2/io/netty/netty-bom/4.1.113.Final/netty-bom-4.1.113.Final.pom (14 kB at 108 kB/s)
Downloading from central: https://repo.maven.apache.org/maven2/org/sonatype/oss/oss-parent/7/oss-parent-7.pom
Progress (1): 848 B
Progress (1): 2.5 kB
Progress (1): 4.8 kB
                    
Downloaded from central: https://repo.maven.apache.org/maven2/org/sonatype/oss/oss-parent/7/oss-parent-7.pom (4.8 kB at 25 kB/s)
Downloading from central: https://repo.maven.apache.org/maven2/com/squareup/okhttp3/okhttp-bom/4.12.0/okhttp-bom-4.12.0.pom
Progress (1): 931 B
Progress (1): 3.1 kB
                    
Downloaded from central: https://repo.maven.apache.org/maven2/com/squareup/okhttp3/okhttp-bom/4.12.0/okhttp-bom-4.12.0.pom (3.1 kB at 23 kB/s)
Downloading from central: https://repo.maven.apache.org/maven2/io/opentelemetry/opentelemetry-bom/1.37.0/opentelemetry-bom-1.37.0.pom
Progress (1): 956 B
Progress (1): 5.7 kB
                    
Downloaded from central: https://repo.maven.apache.org/maven2/io/opentelemetry/opentelemetry-bom/1.37.0/opentelemetry-bom-1.37.0.pom (5.7 kB at 43 kB/s)
Downloading from central: https://repo.maven.apache.org/maven2/io/prometheus/prometheus-metrics-bom/1.2.1/prometheus-metrics-bom-1.2.1.pom
Progress (1): 1.3 kB
Progress (1): 6.1 kB
                    
Downloaded from central: https://repo.maven.apache.org/maven2/io/prometheus/prometheus-metrics-bom/1.2.1/prometheus-metrics-bom-1.2.1.pom (6.1 kB at 27 kB/s)
Downloading from central: https://repo.maven.apache.org/maven2/io/prometheus/client_java/1.2.1/client_java-1.2.1.pom
Progress (1): 1.0 kB
Progress (1): 3.4 kB
Progress (1): 7.5 kB
Progress (1): 10 kB 
Progress (1): 13 kB
                   
Downloaded from central: https://repo.maven.apache.org/maven2/io/prometheus/client_java/1.2.1/client_java-1.2.1.pom (13 kB at 42 kB/s)
Downloading from central: https://repo.maven.apache.org/maven2/io/prometheus/simpleclient_bom/0.16.0/simpleclient_bom-0.16.0.pom
Progress (1): 1.9 kB
Progress (1): 6.0 kB
                    
Downloaded from central: https://repo.maven.apache.org/maven2/io/prometheus/simpleclient_bom/0.16.0/simpleclient_bom-0.16.0.pom (6.0 kB at 53 kB/s)
Downloading from central: https://repo.maven.apache.org/maven2/io/prometheus/parent/0.16.0/parent-0.16.0.pom
Progress (1): 1.1 kB
Progress (1): 3.4 kB
Progress (1): 7.9 kB
Progress (1): 13 kB 
                   
Downloaded from central: https://repo.maven.apache.org/maven2/io/prometheus/parent/0.16.0/parent-0.16.0.pom (13 kB at 75 kB/s)
Downloading from central: https://repo.maven.apache.org/maven2/org/apache/pulsar/pulsar-bom/3.2.4/pulsar-bom-3.2.4.pom
Progress (1): 794 B
Progress (1): 2.4 kB
Progress (1): 4.5 kB
Progress (1): 14 kB 
Progress (1): 26 kB
                   
Downloaded from central: https://repo.maven.apache.org/maven2/org/apache/pulsar/pulsar-bom/3.2.4/pulsar-bom-3.2.4.pom (26 kB at 218 kB/s)
Downloading from central: https://repo.maven.apache.org/maven2/org/apache/apache/29/apache-29.pom
Progress (1): 741 B
Progress (1): 2.1 kB
Progress (1): 3.9 kB
Progress (1): 6.9 kB
Progress (1): 12 kB 
Progress (1): 16 kB
Progress (1): 19 kB
Progress (1): 21 kB
                   
Downloaded from central: https://repo.maven.apache.org/maven2/org/apache/apache/29/apache-29.pom (21 kB at 177 kB/s)
Downloading from central: https://repo.maven.apache.org/maven2/com/querydsl/querydsl-bom/5.1.0/querydsl-bom-5.1.0.pom
Progress (1): 1.2 kB
Progress (1): 6.7 kB
Progress (1): 7.2 kB
                    
Downloaded from central: https://repo.maven.apache.org/maven2/com/querydsl/querydsl-bom/5.1.0/querydsl-bom-5.1.0.pom (7.2 kB at 61 kB/s)
Downloading from central: https://repo.maven.apache.org/maven2/io/projectreactor/reactor-bom/2023.0.10/reactor-bom-2023.0.10.pom
Progress (1): 908 B
Progress (1): 4.3 kB
Progress (1): 4.8 kB
                    
Downloaded from central: https://repo.maven.apache.org/maven2/io/projectreactor/reactor-bom/2023.0.10/reactor-bom-2023.0.10.pom (4.8 kB at 39 kB/s)
Downloading from central: https://repo.maven.apache.org/maven2/io/rest-assured/rest-assured-bom/5.4.0/rest-assured-bom-5.4.0.pom
Progress (1): 1.2 kB
Progress (1): 4.5 kB
                    
Downloaded from central: https://repo.maven.apache.org/maven2/io/rest-assured/rest-assured-bom/5.4.0/rest-assured-bom-5.4.0.pom (4.5 kB at 31 kB/s)
Downloading from central: https://repo.maven.apache.org/maven2/io/rsocket/rsocket-bom/1.1.3/rsocket-bom-1.1.3.pom
Progress (1): 1.2 kB
Progress (1): 2.6 kB
                    
Downloaded from central: https://repo.maven.apache.org/maven2/io/rsocket/rsocket-bom/1.1.3/rsocket-bom-1.1.3.pom (2.6 kB at 21 kB/s)
Downloading from central: https://repo.maven.apache.org/maven2/org/seleniumhq/selenium/selenium-bom/4.19.1/selenium-bom-4.19.1.pom
Progress (1): 1.1 kB
Progress (1): 3.4 kB
Progress (1): 6.0 kB
                    
Downloaded from central: https://repo.maven.apache.org/maven2/org/seleniumhq/selenium/selenium-bom/4.19.1/selenium-bom-4.19.1.pom (6.0 kB at 50 kB/s)
Downloading from central: https://repo.maven.apache.org/maven2/org/springframework/amqp/spring-amqp-bom/3.1.7/spring-amqp-bom-3.1.7.pom
Progress (1): 963 B
Progress (1): 3.9 kB
                    
Downloaded from central: https://repo.maven.apache.org/maven2/org/springframework/amqp/spring-amqp-bom/3.1.7/spring-amqp-bom-3.1.7.pom (3.9 kB at 30 kB/s)
Downloading from central: https://repo.maven.apache.org/maven2/org/springframework/batch/spring-batch-bom/5.1.2/spring-batch-bom-5.1.2.pom
Progress (1): 1.2 kB
Progress (1): 3.2 kB
                    
Downloaded from central: https://repo.maven.apache.org/maven2/org/springframework/batch/spring-batch-bom/5.1.2/spring-batch-bom-5.1.2.pom (3.2 kB at 25 kB/s)
Downloading from central: https://repo.maven.apache.org/maven2/org/springframework/data/spring-data-bom/2024.0.4/spring-data-bom-2024.0.4.pom
Progress (1): 964 B
Progress (1): 2.5 kB
Progress (1): 5.5 kB
                    
Downloaded from central: https://repo.maven.apache.org/maven2/org/springframework/data/spring-data-bom/2024.0.4/spring-data-bom-2024.0.4.pom (5.5 kB at 42 kB/s)
Downloading from central: https://repo.maven.apache.org/maven2/org/springframework/spring-framework-bom/6.1.13/spring-framework-bom-6.1.13.pom
Progress (1): 975 B
Progress (1): 5.8 kB
                    
Downloaded from central: https://repo.maven.apache.org/maven2/org/springframework/spring-framework-bom/6.1.13/spring-framework-bom-6.1.13.pom (5.8 kB at 48 kB/s)
Downloading from central: https://repo.maven.apache.org/maven2/org/springframework/integration/spring-integration-bom/6.3.4/spring-integration-bom-6.3.4.pom
Progress (1): 961 B
Progress (1): 6.7 kB
Progress (1): 10 kB 
                   
Downloaded from central: https://repo.maven.apache.org/maven2/org/springframework/integration/spring-integration-bom/6.3.4/spring-integration-bom-6.3.4.pom (10 kB at 86 kB/s)
Downloading from central: https://repo.maven.apache.org/maven2/org/springframework/pulsar/spring-pulsar-bom/1.1.4/spring-pulsar-bom-1.1.4.pom
Progress (1): 959 B
Progress (1): 2.9 kB
                    
Downloaded from central: https://repo.maven.apache.org/maven2/org/springframework/pulsar/spring-pulsar-bom/1.1.4/spring-pulsar-bom-1.1.4.pom (2.9 kB at 23 kB/s)
Downloading from central: https://repo.maven.apache.org/maven2/org/springframework/restdocs/spring-restdocs-bom/3.0.1/spring-restdocs-bom-3.0.1.pom
Progress (1): 1.1 kB
Progress (1): 2.6 kB
                    
Downloaded from central: https://repo.maven.apache.org/maven2/org/springframework/restdocs/spring-restdocs-bom/3.0.1/spring-restdocs-bom-3.0.1.pom (2.6 kB at 19 kB/s)
Downloading from central: https://repo.maven.apache.org/maven2/org/springframework/security/spring-security-bom/6.3.3/spring-security-bom-6.3.3.pom
Progress (1): 973 B
Progress (1): 5.3 kB
                    
Downloaded from central: https://repo.maven.apache.org/maven2/org/springframework/security/spring-security-bom/6.3.3/spring-security-bom-6.3.3.pom (5.3 kB at 34 kB/s)
Downloading from central: https://repo.maven.apache.org/maven2/org/springframework/session/spring-session-bom/3.3.2/spring-session-bom-3.3.2.pom
Progress (1): 1.0 kB
Progress (1): 2.9 kB
                    
Downloaded from central: https://repo.maven.apache.org/maven2/org/springframework/session/spring-session-bom/3.3.2/spring-session-bom-3.3.2.pom (2.9 kB at 19 kB/s)
Downloading from central: https://repo.maven.apache.org/maven2/org/springframework/ws/spring-ws-bom/4.0.11/spring-ws-bom-4.0.11.pom
Progress (1): 1.0 kB
Progress (1): 2.7 kB
Progress (1): 3.5 kB
                    
Downloaded from central: https://repo.maven.apache.org/maven2/org/springframework/ws/spring-ws-bom/4.0.11/spring-ws-bom-4.0.11.pom (3.5 kB at 27 kB/s)
Downloading from central: https://repo.maven.apache.org/maven2/org/testcontainers/testcontainers-bom/1.19.8/testcontainers-bom-1.19.8.pom
Progress (1): 1.2 kB
Progress (1): 10 kB 
                   
Downloaded from central: https://repo.maven.apache.org/maven2/org/testcontainers/testcontainers-bom/1.19.8/testcontainers-bom-1.19.8.pom (10 kB at 82 kB/s)
[INFO] 
[INFO] -----------------------< com.reparando:backend >------------------------
[INFO] Building reparando-backend 0.0.1-SNAPSHOT
[INFO]   from pom.xml
[INFO] --------------------------------[ jar ]---------------------------------
Downloading from central: https://repo.maven.apache.org/maven2/org/springframework/boot/spring-boot-maven-plugin/3.3.4/spring-boot-maven-plugin-3.3.4.pom
Progress (1): 1.3 kB
Progress (1): 4.0 kB
                    
Downloaded from central: https://repo.maven.apache.org/maven2/org/springframework/boot/spring-boot-maven-plugin/3.3.4/spring-boot-maven-plugin-3.3.4.pom (4.0 kB at 31 kB/s)
Downloading from central: https://repo.maven.apache.org/maven2/org/springframework/boot/spring-boot-maven-plugin/3.3.4/spring-boot-maven-plugin-3.3.4.jar
Progress (1): 8.2/137 kB
Progress (1): 25/137 kB 
Progress (1): 41/137 kB
Progress (1): 57/137 kB
Progress (1): 74/137 kB
Progress (1): 90/137 kB
Progress (1): 106/137 kB
Progress (1): 123/137 kB
Progress (1): 137 kB    
                    
Downloaded from central: https://repo.maven.apache.org/maven2/org/springframework/boot/spring-boot-maven-plugin/3.3.4/spring-boot-maven-plugin-3.3.4.jar (137 kB at 576 kB/s)
Downloading from central: https://repo.maven.apache.org/maven2/org/apache/maven/plugins/maven-clean-plugin/3.3.2/maven-clean-plugin-3.3.2.pom
Progress (1): 798 B
Progress (1): 2.3 kB
Progress (1): 4.9 kB
Progress (1): 5.3 kB
                    
Downloaded from central: https://repo.maven.apache.org/maven2/org/apache/maven/plugins/maven-clean-plugin/3.3.2/maven-clean-plugin-3.3.2.pom (5.3 kB at 39 kB/s)
Downloading from central: https://repo.maven.apache.org/maven2/org/apache/maven/plugins/maven-plugins/40/maven-plugins-40.pom
Progress (1): 773 B
Progress (1): 2.4 kB
Progress (1): 4.9 kB
Progress (1): 7.5 kB
Progress (1): 8.1 kB
                    
Downloaded from central: https://repo.maven.apache.org/maven2/org/apache/maven/plugins/maven-plugins/40/maven-plugins-40.pom (8.1 kB at 63 kB/s)
Downloading from central: https://repo.maven.apache.org/maven2/org/apache/maven/maven-parent/40/maven-parent-40.pom
Progress (1): 727 B
Progress (1): 1.9 kB
Progress (1): 5.5 kB
Progress (1): 9.9 kB
Progress (1): 14 kB 
Progress (1): 19 kB
Progress (1): 23 kB
Progress (1): 26 kB
Progress (1): 28 kB
Progress (1): 31 kB
Progress (1): 35 kB
Progress (1): 38 kB
Progress (1): 40 kB
Progress (1): 43 kB
Progress (1): 48 kB
Progress (1): 49 kB
Progress (1): 49 kB
                   
Downloaded from central: https://repo.maven.apache.org/maven2/org/apache/maven/maven-parent/40/maven-parent-40.pom (49 kB at 335 kB/s)
Downloading from central: https://repo.maven.apache.org/maven2/org/apache/apache/30/apache-30.pom
Progress (1): 743 B
Progress (1): 2.1 kB
Progress (1): 4.0 kB
Progress (1): 6.3 kB
Progress (1): 11 kB 
Progress (1): 16 kB
Progress (1): 20 kB
Progress (1): 22 kB
Progress (1): 23 kB
                   
Downloaded from central: https://repo.maven.apache.org/maven2/org/apache/apache/30/apache-30.pom (23 kB at 149 kB/s)
Downloading from central: https://repo.maven.apache.org/maven2/org/apache/maven/plugins/maven-clean-plugin/3.3.2/maven-clean-plugin-3.3.2.jar
Progress (1): 7.7/36 kB
Progress (1): 16/36 kB 
Progress (1): 32/36 kB
Progress (1): 36 kB   
                   
Downloaded from central: https://repo.maven.apache.org/maven2/org/apache/maven/plugins/maven-clean-plugin/3.3.2/maven-clean-plugin-3.3.2.jar (36 kB at 286 kB/s)
Downloading from central: https://repo.maven.apache.org/maven2/org/apache/maven/plugins/maven-resources-plugin/3.3.1/maven-resources-plugin-3.3.1.pom
Progress (1): 767 B
Progress (1): 2.2 kB
Progress (1): 4.9 kB
Progress (1): 7.5 kB
Progress (1): 8.2 kB
                    
Downloaded from central: https://repo.maven.apache.org/maven2/org/apache/maven/plugins/maven-resources-plugin/3.3.1/maven-resources-plugin-3.3.1.pom (8.2 kB at 67 kB/s)
Downloading from central: https://repo.maven.apache.org/maven2/org/apache/maven/plugins/maven-plugins/39/maven-plugins-39.pom
Progress (1): 773 B
Progress (1): 2.3 kB
Progress (1): 4.9 kB
Progress (1): 7.4 kB
Progress (1): 8.1 kB
                    
Downloaded from central: https://repo.maven.apache.org/maven2/org/apache/maven/plugins/maven-plugins/39/maven-plugins-39.pom (8.1 kB at 72 kB/s)
Downloading from central: https://repo.maven.apache.org/maven2/org/apache/maven/maven-parent/39/maven-parent-39.pom
Progress (1): 773 B
Progress (1): 2.0 kB
Progress (1): 5.9 kB
Progress (1): 8.2 kB
Progress (1): 12 kB 
Progress (1): 17 kB
Progress (1): 21 kB
Progress (1): 26 kB
Progress (1): 27 kB
Progress (1): 29 kB
Progress (1): 32 kB
Progress (1): 36 kB
Progress (1): 39 kB
Progress (1): 41 kB
Progress (1): 46 kB
Progress (1): 48 kB
                   
Downloaded from central: https://repo.maven.apache.org/maven2/org/apache/maven/maven-parent/39/maven-parent-39.pom (48 kB at 414 kB/s)
Downloading from central: https://repo.maven.apache.org/maven2/org/apache/maven/plugins/maven-resources-plugin/3.3.1/maven-resources-plugin-3.3.1.jar
Progress (1): 16/31 kB
Progress (1): 25/31 kB
Progress (1): 31 kB   
                   
Downloaded from central: https://repo.maven.apache.org/maven2/org/apache/maven/plugins/maven-resources-plugin/3.3.1/maven-resources-plugin-3.3.1.jar (31 kB at 233 kB/s)
Downloading from central: https://repo.maven.apache.org/maven2/org/apache/maven/plugins/maven-compiler-plugin/3.13.0/maven-compiler-plugin-3.13.0.pom
Progress (1): 762 B
Progress (1): 2.2 kB
Progress (1): 5.0 kB
Progress (1): 8.5 kB
Progress (1): 10 kB 
                   
Downloaded from central: https://repo.maven.apache.org/maven2/org/apache/maven/plugins/maven-compiler-plugin/3.13.0/maven-compiler-plugin-3.13.0.pom (10 kB at 76 kB/s)
Downloading from central: https://repo.maven.apache.org/maven2/org/apache/maven/plugins/maven-plugins/41/maven-plugins-41.pom
Progress (1): 773 B
Progress (1): 2.4 kB
Progress (1): 4.9 kB
Progress (1): 7.4 kB
                    
Downloaded from central: https://repo.maven.apache.org/maven2/org/apache/maven/plugins/maven-plugins/41/maven-plugins-41.pom (7.4 kB at 42 kB/s)
Downloading from central: https://repo.maven.apache.org/maven2/org/apache/maven/maven-parent/41/maven-parent-41.pom
Progress (1): 724 B
Progress (1): 1.9 kB
Progress (1): 5.5 kB
Progress (1): 9.9 kB
Progress (1): 14 kB 
Progress (1): 19 kB
Progress (1): 23 kB
Progress (1): 27 kB
Progress (1): 28 kB
Progress (1): 31 kB
Progress (1): 34 kB
Progress (1): 37 kB
Progress (1): 40 kB
Progress (1): 43 kB
Progress (1): 48 kB
Progress (1): 48 kB
Progress (1): 50 kB
                   
Downloaded from central: https://repo.maven.apache.org/maven2/org/apache/maven/maven-parent/41/maven-parent-41.pom (50 kB at 409 kB/s)
Downloading from central: https://repo.maven.apache.org/maven2/org/apache/maven/plugins/maven-compiler-plugin/3.13.0/maven-compiler-plugin-3.13.0.jar
Progress (1): 7.7/83 kB
Progress (1): 16/83 kB 
Progress (1): 32/83 kB
Progress (1): 49/83 kB
Progress (1): 65/83 kB
Progress (1): 81/83 kB
Progress (1): 83 kB   
                   
Downloaded from central: https://repo.maven.apache.org/maven2/org/apache/maven/plugins/maven-compiler-plugin/3.13.0/maven-compiler-plugin-3.13.0.jar (83 kB at 543 kB/s)
Downloading from central: https://repo.maven.apache.org/maven2/org/apache/maven/plugins/maven-surefire-plugin/3.2.5/maven-surefire-plugin-3.2.5.pom
Progress (1): 834 B
Progress (1): 2.7 kB
Progress (1): 5.3 kB
                    
Downloaded from central: https://repo.maven.apache.org/maven2/org/apache/maven/plugins/maven-surefire-plugin/3.2.5/maven-surefire-plugin-3.2.5.pom (5.3 kB at 47 kB/s)
Downloading from central: https://repo.maven.apache.org/maven2/org/apache/maven/surefire/surefire/3.2.5/surefire-3.2.5.pom
Progress (1): 787 B
Progress (1): 2.4 kB
Progress (1): 4.1 kB
Progress (1): 7.9 kB
Progress (1): 12 kB 
Progress (1): 14 kB
Progress (1): 17 kB
Progress (1): 20 kB
Progress (1): 22 kB
                   
Downloaded from central: https://repo.maven.apache.org/maven2/org/apache/maven/surefire/surefire/3.2.5/surefire-3.2.5.pom (22 kB at 188 kB/s)
Downloading from central: https://repo.maven.apache.org/maven2/org/junit/junit-bom/5.9.3/junit-bom-5.9.3.pom
Progress (1): 907 B
Progress (1): 4.1 kB
Progress (1): 5.6 kB
                    
Downloaded from central: https://repo.maven.apache.org/maven2/org/junit/junit-bom/5.9.3/junit-bom-5.9.3.pom (5.6 kB at 50 kB/s)
Downloading from central: https://repo.maven.apache.org/maven2/org/apache/maven/plugins/maven-surefire-plugin/3.2.5/maven-surefire-plugin-3.2.5.jar
Progress (1): 16/45 kB
Progress (1): 25/45 kB
Progress (1): 41/45 kB
Progress (1): 45 kB   
                   
Downloaded from central: https://repo.maven.apache.org/maven2/org/apache/maven/plugins/maven-surefire-plugin/3.2.5/maven-surefire-plugin-3.2.5.jar (45 kB at 340 kB/s)
Downloading from central: https://repo.maven.apache.org/maven2/org/apache/maven/plugins/maven-jar-plugin/3.4.2/maven-jar-plugin-3.4.2.pom
Progress (1): 782 B
Progress (1): 2.2 kB
Progress (1): 4.7 kB
Progress (1): 7.3 kB
Progress (1): 7.7 kB
                    
Downloaded from central: https://repo.maven.apache.org/maven2/org/apache/maven/plugins/maven-jar-plugin/3.4.2/maven-jar-plugin-3.4.2.pom (7.7 kB at 51 kB/s)
Downloading from central: https://repo.maven.apache.org/maven2/org/apache/maven/plugins/maven-plugins/42/maven-plugins-42.pom
Progress (1): 773 B
Progress (1): 2.4 kB
Progress (1): 4.9 kB
Progress (1): 7.7 kB
                    
Downloaded from central: https://repo.maven.apache.org/maven2/org/apache/maven/plugins/maven-plugins/42/maven-plugins-42.pom (7.7 kB at 64 kB/s)
Downloading from central: https://repo.maven.apache.org/maven2/org/apache/maven/maven-parent/42/maven-parent-42.pom
Progress (1): 724 B
Progress (1): 1.9 kB
Progress (1): 5.5 kB
Progress (1): 9.9 kB
Progress (1): 14 kB 
Progress (1): 19 kB
Progress (1): 23 kB
Progress (1): 26 kB
Progress (1): 28 kB
Progress (1): 31 kB
Progress (1): 34 kB
Progress (1): 37 kB
Progress (1): 40 kB
Progress (1): 43 kB
Progress (1): 47 kB
Progress (1): 47 kB
Progress (1): 50 kB
                   
Downloaded from central: https://repo.maven.apache.org/maven2/org/apache/maven/maven-parent/42/maven-parent-42.pom (50 kB at 400 kB/s)
Downloading from central: https://repo.maven.apache.org/maven2/org/apache/apache/32/apache-32.pom
Progress (1): 733 B
Progress (1): 2.0 kB
Progress (1): 4.0 kB
Progress (1): 5.9 kB
Progress (1): 10 kB 
Progress (1): 16 kB
Progress (1): 19 kB
Progress (1): 22 kB
Progress (1): 24 kB
                   
Downloaded from central: https://repo.maven.apache.org/maven2/org/apache/apache/32/apache-32.pom (24 kB at 166 kB/s)
Downloading from central: https://repo.maven.apache.org/maven2/org/junit/junit-bom/5.10.2/junit-bom-5.10.2.pom
Progress (1): 908 B
Progress (1): 4.1 kB
Progress (1): 5.6 kB
                    
Downloaded from central: https://repo.maven.apache.org/maven2/org/junit/junit-bom/5.10.2/junit-bom-5.10.2.pom (5.6 kB at 44 kB/s)
Downloading from central: https://repo.maven.apache.org/maven2/org/apache/maven/plugins/maven-jar-plugin/3.4.2/maven-jar-plugin-3.4.2.jar
Progress (1): 16/34 kB
Progress (1): 25/34 kB
Progress (1): 34 kB   
                   
Downloaded from central: https://repo.maven.apache.org/maven2/org/apache/maven/plugins/maven-jar-plugin/3.4.2/maven-jar-plugin-3.4.2.jar (34 kB at 231 kB/s)
Downloading from central: https://repo.maven.apache.org/maven2/org/springframework/boot/spring-boot-starter-webflux/3.3.4/spring-boot-starter-webflux-3.3.4.pom
Progress (1): 956 B
Progress (1): 2.9 kB
                    
Downloaded from central: https://repo.maven.apache.org/maven2/org/springframework/boot/spring-boot-starter-webflux/3.3.4/spring-boot-starter-webflux-3.3.4.pom (2.9 kB at 16 kB/s)
Downloading from central: https://repo.maven.apache.org/maven2/org/springframework/boot/spring-boot-starter/3.3.4/spring-boot-starter-3.3.4.pom
Progress (1): 947 B
Progress (1): 3.0 kB
                    
Downloaded from central: https://repo.maven.apache.org/maven2/org/springframework/boot/spring-boot-starter/3.3.4/spring-boot-starter-3.3.4.pom (3.0 kB at 24 kB/s)
Downloading from central: https://repo.maven.apache.org/maven2/org/springframework/boot/spring-boot/3.3.4/spring-boot-3.3.4.pom
Progress (1): 1.0 kB
Progress (1): 2.2 kB
                    
Downloaded from central: https://repo.maven.apache.org/maven2/org/springframework/boot/spring-boot/3.3.4/spring-boot-3.3.4.pom (2.2 kB at 15 kB/s)
Downloading from central: https://repo.maven.apache.org/maven2/org/springframework/spring-core/6.1.13/spring-core-6.1.13.pom
Progress (1): 1.1 kB
Progress (1): 2.0 kB
                    
Downloaded from central: https://repo.maven.apache.org/maven2/org/springframework/spring-core/6.1.13/spring-core-6.1.13.pom (2.0 kB at 16 kB/s)
Downloading from central: https://repo.maven.apache.org/maven2/org/springframework/spring-jcl/6.1.13/spring-jcl-6.1.13.pom
Progress (1): 1.1 kB
Progress (1): 1.8 kB
                    
Downloaded from central: https://repo.maven.apache.org/maven2/org/springframework/spring-jcl/6.1.13/spring-jcl-6.1.13.pom (1.8 kB at 16 kB/s)
Downloading from central: https://repo.maven.apache.org/maven2/org/springframework/spring-context/6.1.13/spring-context-6.1.13.pom
Progress (1): 1.1 kB
Progress (1): 2.8 kB
                    
Downloaded from central: https://repo.maven.apache.org/maven2/org/springframework/spring-context/6.1.13/spring-context-6.1.13.pom (2.8 kB at 17 kB/s)
Downloading from central: https://repo.maven.apache.org/maven2/org/springframework/spring-aop/6.1.13/spring-aop-6.1.13.pom
Progress (1): 1.1 kB
Progress (1): 2.2 kB
                    
Downloaded from central: https://repo.maven.apache.org/maven2/org/springframework/spring-aop/6.1.13/spring-aop-6.1.13.pom (2.2 kB at 18 kB/s)
Downloading from central: https://repo.maven.apache.org/maven2/org/springframework/spring-beans/6.1.13/spring-beans-6.1.13.pom
Progress (1): 1.1 kB
Progress (1): 2.0 kB
                    
Downloaded from central: https://repo.maven.apache.org/maven2/org/springframework/spring-beans/6.1.13/spring-beans-6.1.13.pom (2.0 kB at 11 kB/s)
Downloading from central: https://repo.maven.apache.org/maven2/org/springframework/spring-expression/6.1.13/spring-expression-6.1.13.pom
Progress (1): 1.1 kB
Progress (1): 2.1 kB
                    
Downloaded from central: https://repo.maven.apache.org/maven2/org/springframework/spring-expression/6.1.13/spring-expression-6.1.13.pom (2.1 kB at 11 kB/s)
Downloading from central: https://repo.maven.apache.org/maven2/io/micrometer/micrometer-observation/1.13.4/micrometer-observation-1.13.4.pom
Progress (1): 1.1 kB
Progress (1): 3.4 kB
Progress (1): 3.8 kB
                    
Downloaded from central: https://repo.maven.apache.org/maven2/io/micrometer/micrometer-observation/1.13.4/micrometer-observation-1.13.4.pom (3.8 kB at 32 kB/s)
Downloading from central: https://repo.maven.apache.org/maven2/io/micrometer/micrometer-commons/1.13.4/micrometer-commons-1.13.4.pom
Progress (1): 1.1 kB
Progress (1): 3.0 kB
Progress (1): 3.4 kB
                    
Downloaded from central: https://repo.maven.apache.org/maven2/io/micrometer/micrometer-commons/1.13.4/micrometer-commons-1.13.4.pom (3.4 kB at 28 kB/s)
Downloading from central: https://repo.maven.apache.org/maven2/org/springframework/boot/spring-boot-autoconfigure/3.3.4/spring-boot-autoconfigure-3.3.4.pom
Progress (1): 1.0 kB
Progress (1): 2.1 kB
                    
Downloaded from central: https://repo.maven.apache.org/maven2/org/springframework/boot/spring-boot-autoconfigure/3.3.4/spring-boot-autoconfigure-3.3.4.pom (2.1 kB at 15 kB/s)
Downloading from central: https://repo.maven.apache.org/maven2/org/springframework/boot/spring-boot-starter-logging/3.3.4/spring-boot-starter-logging-3.3.4.pom
Progress (1): 984 B
Progress (1): 2.5 kB
                    
Downloaded from central: https://repo.maven.apache.org/maven2/org/springframework/boot/spring-boot-starter-logging/3.3.4/spring-boot-starter-logging-3.3.4.pom (2.5 kB at 20 kB/s)
Downloading from central: https://repo.maven.apache.org/maven2/ch/qos/logback/logback-classic/1.5.8/logback-classic-1.5.8.pom
Progress (1): 1.7 kB
Progress (1): 4.8 kB
Progress (1): 8.2 kB
Progress (1): 11 kB 
Progress (1): 13 kB
Progress (1): 13 kB
                   
Downloaded from central: https://repo.maven.apache.org/maven2/ch/qos/logback/logback-classic/1.5.8/logback-classic-1.5.8.pom (13 kB at 97 kB/s)
Downloading from central: https://repo.maven.apache.org/maven2/ch/qos/logback/logback-parent/1.5.8/logback-parent-1.5.8.pom
Progress (1): 1.1 kB
Progress (1): 2.8 kB
Progress (1): 5.5 kB
Progress (1): 7.7 kB
Progress (1): 11 kB 
Progress (1): 15 kB
Progress (1): 18 kB
                   
Downloaded from central: https://repo.maven.apache.org/maven2/ch/qos/logback/logback-parent/1.5.8/logback-parent-1.5.8.pom (18 kB at 115 kB/s)
Downloading from central: https://repo.maven.apache.org/maven2/ch/qos/logback/logback-core/1.5.8/logback-core-1.5.8.pom
Progress (1): 1.8 kB
Progress (1): 5.1 kB
Progress (1): 7.9 kB
                    
Downloaded from central: https://repo.maven.apache.org/maven2/ch/qos/logback/logback-core/1.5.8/logback-core-1.5.8.pom (7.9 kB at 57 kB/s)
Downloading from central: https://repo.maven.apache.org/maven2/org/slf4j/slf4j-api/2.0.16/slf4j-api-2.0.16.pom
Progress (1): 1.1 kB
Progress (1): 2.8 kB
                    
Downloaded from central: https://repo.maven.apache.org/maven2/org/slf4j/slf4j-api/2.0.16/slf4j-api-2.0.16.pom (2.8 kB at 25 kB/s)
Downloading from central: https://repo.maven.apache.org/maven2/org/slf4j/slf4j-parent/2.0.16/slf4j-parent-2.0.16.pom
Progress (1): 960 B
Progress (1): 3.3 kB
Progress (1): 6.0 kB
Progress (1): 8.2 kB
Progress (1): 11 kB 
Progress (1): 13 kB
                   
Downloaded from central: https://repo.maven.apache.org/maven2/org/slf4j/slf4j-parent/2.0.16/slf4j-parent-2.0.16.pom (13 kB at 104 kB/s)
Downloading from central: https://repo.maven.apache.org/maven2/org/slf4j/slf4j-bom/2.0.16/slf4j-bom-2.0.16.pom
Progress (1): 1.0 kB
Progress (1): 4.6 kB
Progress (1): 7.3 kB
Progress (1): 7.3 kB
                    
Downloaded from central: https://repo.maven.apache.org/maven2/org/slf4j/slf4j-bom/2.0.16/slf4j-bom-2.0.16.pom (7.3 kB at 64 kB/s)
Downloading from central: https://repo.maven.apache.org/maven2/org/apache/logging/log4j/log4j-to-slf4j/2.23.1/log4j-to-slf4j-2.23.1.pom
Progress (1): 824 B
Progress (1): 2.7 kB
Progress (1): 4.4 kB
                    
Downloaded from central: https://repo.maven.apache.org/maven2/org/apache/logging/log4j/log4j-to-slf4j/2.23.1/log4j-to-slf4j-2.23.1.pom (4.4 kB at 28 kB/s)
Downloading from central: https://repo.maven.apache.org/maven2/org/apache/logging/log4j/log4j/2.23.1/log4j-2.23.1.pom
Progress (1): 721 B
Progress (1): 2.1 kB
Progress (1): 4.0 kB
Progress (1): 5.9 kB
Progress (1): 10 kB 
Progress (1): 16 kB
Progress (1): 24 kB
Progress (1): 31 kB
Progress (1): 35 kB
Progress (1): 37 kB
                   
Downloaded from central: https://repo.maven.apache.org/maven2/org/apache/logging/log4j/log4j/2.23.1/log4j-2.23.1.pom (37 kB at 314 kB/s)
Downloading from central: https://repo.maven.apache.org/maven2/org/codehaus/groovy/groovy-bom/3.0.21/groovy-bom-3.0.21.pom
Progress (1): 959 B
Progress (1): 4.4 kB
Progress (1): 8.1 kB
Progress (1): 12 kB 
Progress (1): 15 kB
Progress (1): 19 kB
Progress (1): 23 kB
Progress (1): 26 kB
                   
Downloaded from central: https://repo.maven.apache.org/maven2/org/codehaus/groovy/groovy-bom/3.0.21/groovy-bom-3.0.21.pom (26 kB at 211 kB/s)
Downloading from central: https://repo.maven.apache.org/maven2/com/fasterxml/jackson/jackson-bom/2.16.1/jackson-bom-2.16.1.pom
Progress (1): 956 B
Progress (1): 2.8 kB
Progress (1): 7.7 kB
Progress (1): 16 kB 
Progress (1): 18 kB
                   
Downloaded from central: https://repo.maven.apache.org/maven2/com/fasterxml/jackson/jackson-bom/2.16.1/jackson-bom-2.16.1.pom (18 kB at 135 kB/s)
Downloading from central: https://repo.maven.apache.org/maven2/com/fasterxml/jackson/jackson-parent/2.16/jackson-parent-2.16.pom
Progress (1): 1.1 kB
Progress (1): 2.5 kB
Progress (1): 4.0 kB
Progress (1): 6.5 kB
                    
Downloaded from central: https://repo.maven.apache.org/maven2/com/fasterxml/jackson/jackson-parent/2.16/jackson-parent-2.16.pom (6.5 kB at 54 kB/s)
Downloading from central: https://repo.maven.apache.org/maven2/com/fasterxml/oss-parent/56/oss-parent-56.pom
Progress (1): 949 B
Progress (1): 2.6 kB
Progress (1): 4.0 kB
Progress (1): 6.6 kB
Progress (1): 9.7 kB
Progress (1): 12 kB 
Progress (1): 15 kB
Progress (1): 18 kB
Progress (1): 21 kB
Progress (1): 24 kB
                   
Downloaded from central: https://repo.maven.apache.org/maven2/com/fasterxml/oss-parent/56/oss-parent-56.pom (24 kB at 207 kB/s)
Downloading from central: https://repo.maven.apache.org/maven2/jakarta/platform/jakarta.jakartaee-bom/9.1.0/jakarta.jakartaee-bom-9.1.0.pom
Progress (1): 848 B
Progress (1): 4.7 kB
Progress (1): 9.6 kB
                    
Downloaded from central: https://repo.maven.apache.org/maven2/jakarta/platform/jakarta.jakartaee-bom/9.1.0/jakarta.jakartaee-bom-9.1.0.pom (9.6 kB at 73 kB/s)
Downloading from central: https://repo.maven.apache.org/maven2/jakarta/platform/jakartaee-api-parent/9.1.0/jakartaee-api-parent-9.1.0.pom
Progress (1): 823 B
Progress (1): 3.1 kB
Progress (1): 5.9 kB
Progress (1): 11 kB 
Progress (1): 14 kB
Progress (1): 15 kB
                   
Downloaded from central: https://repo.maven.apache.org/maven2/jakarta/platform/jakartaee-api-parent/9.1.0/jakartaee-api-parent-9.1.0.pom (15 kB at 131 kB/s)
Downloading from central: https://repo.maven.apache.org/maven2/org/eclipse/ee4j/project/1.0.7/project-1.0.7.pom
Progress (1): 837 B
Progress (1): 2.5 kB
Progress (1): 5.0 kB
Progress (1): 8.0 kB
Progress (1): 13 kB 
Progress (1): 14 kB
                   
Downloaded from central: https://repo.maven.apache.org/maven2/org/eclipse/ee4j/project/1.0.7/project-1.0.7.pom (14 kB at 113 kB/s)
Downloading from central: https://repo.maven.apache.org/maven2/org/eclipse/jetty/jetty-bom/9.4.54.v20240208/jetty-bom-9.4.54.v20240208.pom
Progress (1): 1.1 kB
Progress (1): 4.8 kB
Progress (1): 12 kB 
Progress (1): 18 kB
                   
Downloaded from central: https://repo.maven.apache.org/maven2/org/eclipse/jetty/jetty-bom/9.4.54.v20240208/jetty-bom-9.4.54.v20240208.pom (18 kB at 127 kB/s)
Downloading from central: https://repo.maven.apache.org/maven2/io/fabric8/kubernetes-client-bom/5.12.4/kubernetes-client-bom-5.12.4.pom
Progress (1): 1.2 kB
Progress (1): 13 kB 
Progress (1): 26 kB
                   
Downloaded from central: https://repo.maven.apache.org/maven2/io/fabric8/kubernetes-client-bom/5.12.4/kubernetes-client-bom-5.12.4.pom (26 kB at 219 kB/s)
Downloading from central: https://repo.maven.apache.org/maven2/org/mockito/mockito-bom/4.11.0/mockito-bom-4.11.0.pom
Progress (1): 1.4 kB
Progress (1): 3.2 kB
                    
Downloaded from central: https://repo.maven.apache.org/maven2/org/mockito/mockito-bom/4.11.0/mockito-bom-4.11.0.pom (3.2 kB at 26 kB/s)
Downloading from central: https://repo.maven.apache.org/maven2/io/netty/netty-bom/4.1.107.Final/netty-bom-4.1.107.Final.pom
Progress (1): 786 B
Progress (1): 2.4 kB
Progress (1): 12 kB 
Progress (1): 14 kB
                   
Downloaded from central: https://repo.maven.apache.org/maven2/io/netty/netty-bom/4.1.107.Final/netty-bom-4.1.107.Final.pom (14 kB at 63 kB/s)
Downloading from central: https://repo.maven.apache.org/maven2/org/springframework/spring-framework-bom/5.3.32/spring-framework-bom-5.3.32.pom
Progress (1): 974 B
Progress (1): 5.7 kB
                    
Downloaded from central: https://repo.maven.apache.org/maven2/org/springframework/spring-framework-bom/5.3.32/spring-framework-bom-5.3.32.pom (5.7 kB at 48 kB/s)
Downloading from central: https://repo.maven.apache.org/maven2/org/apache/logging/log4j/log4j-api/2.23.1/log4j-api-2.23.1.pom
Progress (1): 823 B
Progress (1): 2.4 kB
Progress (1): 3.8 kB
                    
Downloaded from central: https://repo.maven.apache.org/maven2/org/apache/logging/log4j/log4j-api/2.23.1/log4j-api-2.23.1.pom (3.8 kB at 33 kB/s)
Downloading from central: https://repo.maven.apache.org/maven2/org/slf4j/jul-to-slf4j/2.0.16/jul-to-slf4j-2.0.16.pom
Progress (1): 1.1 kB
                    
Downloaded from central: https://repo.maven.apache.org/maven2/org/slf4j/jul-to-slf4j/2.0.16/jul-to-slf4j-2.0.16.pom (1.1 kB at 10 kB/s)
Downloading from central: https://repo.maven.apache.org/maven2/jakarta/annotation/jakarta.annotation-api/2.1.1/jakarta.annotation-api-2.1.1.pom
Progress (1): 828 B
Progress (1): 2.8 kB
Progress (1): 5.9 kB
Progress (1): 9.9 kB
Progress (1): 13 kB 
Progress (1): 16 kB
                   
Downloaded from central: https://repo.maven.apache.org/maven2/jakarta/annotation/jakarta.annotation-api/2.1.1/jakarta.annotation-api-2.1.1.pom (16 kB at 132 kB/s)
Downloading from central: https://repo.maven.apache.org/maven2/org/yaml/snakeyaml/2.2/snakeyaml-2.2.pom
Progress (1): 1.1 kB
Progress (1): 2.9 kB
Progress (1): 6.8 kB
Progress (1): 11 kB 
Progress (1): 15 kB
Progress (1): 20 kB
Progress (1): 21 kB
                   
Downloaded from central: https://repo.maven.apache.org/maven2/org/yaml/snakeyaml/2.2/snakeyaml-2.2.pom (21 kB at 188 kB/s)
Downloading from central: https://repo.maven.apache.org/maven2/org/springframework/boot/spring-boot-starter-json/3.3.4/spring-boot-starter-json-3.3.4.pom
Progress (1): 975 B
Progress (1): 3.1 kB
                    
Downloaded from central: https://repo.maven.apache.org/maven2/org/springframework/boot/spring-boot-starter-json/3.3.4/spring-boot-starter-json-3.3.4.pom (3.1 kB at 28 kB/s)
Downloading from central: https://repo.maven.apache.org/maven2/org/springframework/spring-web/6.1.13/spring-web-6.1.13.pom
Progress (1): 1.1 kB
Progress (1): 2.4 kB
                    
Downloaded from central: https://repo.maven.apache.org/maven2/org/springframework/spring-web/6.1.13/spring-web-6.1.13.pom (2.4 kB at 14 kB/s)
Downloading from central: https://repo.maven.apache.org/maven2/com/fasterxml/jackson/core/jackson-databind/2.17.2/jackson-databind-2.17.2.pom
Progress (1): 973 B
Progress (1): 2.4 kB
Progress (1): 4.0 kB
Progress (1): 6.2 kB
Progress (1): 8.0 kB
Progress (1): 10 kB 
Progress (1): 12 kB
Progress (1): 18 kB
Progress (1): 19 kB
Progress (1): 21 kB
Progress (1): 21 kB
                   
Downloaded from central: https://repo.maven.apache.org/maven2/com/fasterxml/jackson/core/jackson-databind/2.17.2/jackson-databind-2.17.2.pom (21 kB at 108 kB/s)
Downloading from central: https://repo.maven.apache.org/maven2/com/fasterxml/jackson/jackson-base/2.17.2/jackson-base-2.17.2.pom
Progress (1): 923 B
Progress (1): 2.4 kB
Progress (1): 4.3 kB
Progress (1): 6.3 kB
Progress (1): 8.5 kB
Progress (1): 11 kB 
Progress (1): 12 kB
                   
Downloaded from central: https://repo.maven.apache.org/maven2/com/fasterxml/jackson/jackson-base/2.17.2/jackson-base-2.17.2.pom (12 kB at 101 kB/s)
Downloading from central: https://repo.maven.apache.org/maven2/com/fasterxml/jackson/core/jackson-annotations/2.17.2/jackson-annotations-2.17.2.pom
Progress (1): 946 B
Progress (1): 2.4 kB
Progress (1): 3.9 kB
Progress (1): 6.3 kB
Progress (1): 7.1 kB
                    
Downloaded from central: https://repo.maven.apache.org/maven2/com/fasterxml/jackson/core/jackson-annotations/2.17.2/jackson-annotations-2.17.2.pom (7.1 kB at 55 kB/s)
Downloading from central: https://repo.maven.apache.org/maven2/com/fasterxml/jackson/core/jackson-core/2.17.2/jackson-core-2.17.2.pom
Progress (1): 1.0 kB
Progress (1): 3.0 kB
Progress (1): 3.4 kB
Progress (1): 6.9 kB
Progress (1): 9.5 kB
Progress (1): 9.6 kB
                    
Downloaded from central: https://repo.maven.apache.org/maven2/com/fasterxml/jackson/core/jackson-core/2.17.2/jackson-core-2.17.2.pom (9.6 kB at 72 kB/s)
Downloading from central: https://repo.maven.apache.org/maven2/com/fasterxml/jackson/datatype/jackson-datatype-jdk8/2.17.2/jackson-datatype-jdk8-2.17.2.pom
Progress (1): 1.0 kB
Progress (1): 2.6 kB
                    
Downloaded from central: https://repo.maven.apache.org/maven2/com/fasterxml/jackson/datatype/jackson-datatype-jdk8/2.17.2/jackson-datatype-jdk8-2.17.2.pom (2.6 kB at 20 kB/s)
Downloading from central: https://repo.maven.apache.org/maven2/com/fasterxml/jackson/module/jackson-modules-java8/2.17.2/jackson-modules-java8-2.17.2.pom
Progress (1): 1.4 kB
Progress (1): 3.1 kB
                    
Downloaded from central: https://repo.maven.apache.org/maven2/com/fasterxml/jackson/module/jackson-modules-java8/2.17.2/jackson-modules-java8-2.17.2.pom (3.1 kB at 23 kB/s)
Downloading from central: https://repo.maven.apache.org/maven2/com/fasterxml/jackson/datatype/jackson-datatype-jsr310/2.17.2/jackson-datatype-jsr310-2.17.2.pom
Progress (1): 983 B
Progress (1): 2.4 kB
Progress (1): 4.6 kB
Progress (1): 4.9 kB
                    
Downloaded from central: https://repo.maven.apache.org/maven2/com/fasterxml/jackson/datatype/jackson-datatype-jsr310/2.17.2/jackson-datatype-jsr310-2.17.2.pom (4.9 kB at 41 kB/s)
Downloading from central: https://repo.maven.apache.org/maven2/com/fasterxml/jackson/module/jackson-module-parameter-names/2.17.2/jackson-module-parameter-names-2.17.2.pom
Progress (1): 973 B
Progress (1): 2.8 kB
Progress (1): 4.2 kB
                    
Downloaded from central: https://repo.maven.apache.org/maven2/com/fasterxml/jackson/module/jackson-module-parameter-names/2.17.2/jackson-module-parameter-names-2.17.2.pom (4.2 kB at 35 kB/s)
Downloading from central: https://repo.maven.apache.org/maven2/org/springframework/boot/spring-boot-starter-reactor-netty/3.3.4/spring-boot-starter-reactor-netty-3.3.4.pom
Progress (1): 980 B
Progress (1): 2.1 kB
                    
Downloaded from central: https://repo.maven.apache.org/maven2/org/springframework/boot/spring-boot-starter-reactor-netty/3.3.4/spring-boot-starter-reactor-netty-3.3.4.pom (2.1 kB at 19 kB/s)
Downloading from central: https://repo.maven.apache.org/maven2/io/projectreactor/netty/reactor-netty-http/1.1.22/reactor-netty-http-1.1.22.pom
Progress (1): 1.1 kB
Progress (1): 4.3 kB
                    
Downloaded from central: https://repo.maven.apache.org/maven2/io/projectreactor/netty/reactor-netty-http/1.1.22/reactor-netty-http-1.1.22.pom (4.3 kB at 33 kB/s)
Downloading from central: https://repo.maven.apache.org/maven2/io/netty/netty-codec-http/4.1.113.Final/netty-codec-http-4.1.113.Final.pom
Progress (1): 810 B
Progress (1): 4.3 kB
Progress (1): 4.4 kB
                    
Downloaded from central: https://repo.maven.apache.org/maven2/io/netty/netty-codec-http/4.1.113.Final/netty-codec-http-4.1.113.Final.pom (4.4 kB at 35 kB/s)
Downloading from central: https://repo.maven.apache.org/maven2/io/netty/netty-parent/4.1.113.Final/netty-parent-4.1.113.Final.pom
Progress (1): 736 B
Progress (1): 2.1 kB
Progress (1): 4.2 kB
Progress (1): 7.0 kB
Progress (1): 9.1 kB
Progress (1): 22 kB 
Progress (1): 26 kB
Progress (1): 28 kB
Progress (1): 29 kB
Progress (1): 32 kB
Progress (1): 35 kB
Progress (1): 40 kB
Progress (1): 44 kB
Progress (1): 48 kB
Progress (1): 51 kB
Progress (1): 55 kB
Progress (1): 58 kB
Progress (1): 60 kB
Progress (1): 63 kB
Progress (1): 66 kB
Progress (1): 68 kB
Progress (1): 71 kB
Progress (1): 73 kB
Progress (1): 75 kB
Progress (1): 78 kB
Progress (1): 82 kB
Progress (1): 88 kB
Progress (1): 90 kB
                   
Downloaded from central: https://repo.maven.apache.org/maven2/io/netty/netty-parent/4.1.113.Final/netty-parent-4.1.113.Final.pom (90 kB at 734 kB/s)
Downloading from central: https://repo.maven.apache.org/maven2/org/sonatype/oss/oss-parent/9/oss-parent-9.pom
Progress (1): 838 B
Progress (1): 2.7 kB
Progress (1): 6.5 kB
Progress (1): 6.6 kB
                    
Downloaded from central: https://repo.maven.apache.org/maven2/org/sonatype/oss/oss-parent/9/oss-parent-9.pom (6.6 kB at 55 kB/s)
Downloading from central: https://repo.maven.apache.org/maven2/io/netty/netty-common/4.1.113.Final/netty-common-4.1.113.Final.pom
Progress (1): 1.3 kB
Progress (1): 4.7 kB
Progress (1): 10 kB 
Progress (1): 12 kB
                   
Downloaded from central: https://repo.maven.apache.org/maven2/io/netty/netty-common/4.1.113.Final/netty-common-4.1.113.Final.pom (12 kB at 104 kB/s)
Downloading from central: https://repo.maven.apache.org/maven2/io/netty/netty-buffer/4.1.113.Final/netty-buffer-4.1.113.Final.pom
Progress (1): 885 B
Progress (1): 1.6 kB
                    
Downloaded from central: https://repo.maven.apache.org/maven2/io/netty/netty-buffer/4.1.113.Final/netty-buffer-4.1.113.Final.pom (1.6 kB at 14 kB/s)
Downloading from central: https://repo.maven.apache.org/maven2/io/netty/netty-transport/4.1.113.Final/netty-transport-4.1.113.Final.pom
Progress (1): 859 B
Progress (1): 2.2 kB
                    
Downloaded from central: https://repo.maven.apache.org/maven2/io/netty/netty-transport/4.1.113.Final/netty-transport-4.1.113.Final.pom (2.2 kB at 20 kB/s)
Downloading from central: https://repo.maven.apache.org/maven2/io/netty/netty-resolver/4.1.113.Final/netty-resolver-4.1.113.Final.pom
Progress (1): 885 B
Progress (1): 1.6 kB
                    
Downloaded from central: https://repo.maven.apache.org/maven2/io/netty/netty-resolver/4.1.113.Final/netty-resolver-4.1.113.Final.pom (1.6 kB at 14 kB/s)
Downloading from central: https://repo.maven.apache.org/maven2/io/netty/netty-codec/4.1.113.Final/netty-codec-4.1.113.Final.pom
Progress (1): 807 B
Progress (1): 4.5 kB
Progress (1): 5.5 kB
                    
Downloaded from central: https://repo.maven.apache.org/maven2/io/netty/netty-codec/4.1.113.Final/netty-codec-4.1.113.Final.pom (5.5 kB at 48 kB/s)
Downloading from central: https://repo.maven.apache.org/maven2/io/netty/netty-handler/4.1.113.Final/netty-handler-4.1.113.Final.pom
Progress (1): 800 B
Progress (1): 3.9 kB
Progress (1): 4.6 kB
                    
Downloaded from central: https://repo.maven.apache.org/maven2/io/netty/netty-handler/4.1.113.Final/netty-handler-4.1.113.Final.pom (4.6 kB at 38 kB/s)
Downloading from central: https://repo.maven.apache.org/maven2/io/netty/netty-transport-native-unix-common/4.1.113.Final/netty-transport-native-unix-common-4.1.113.Final.pom
Progress (1): 773 B
Progress (1): 2.2 kB
Progress (1): 4.3 kB
Progress (1): 6.8 kB
Progress (1): 15 kB 
Progress (1): 33 kB
                   
Downloaded from central: https://repo.maven.apache.org/maven2/io/netty/netty-transport-native-unix-common/4.1.113.Final/netty-transport-native-unix-common-4.1.113.Final.pom (33 kB at 296 kB/s)
Downloading from central: https://repo.maven.apache.org/maven2/io/netty/netty-codec-http2/4.1.113.Final/netty-codec-http2-4.1.113.Final.pom
Progress (1): 801 B
Progress (1): 3.4 kB
Progress (1): 5.2 kB
                    
Downloaded from central: https://repo.maven.apache.org/maven2/io/netty/netty-codec-http2/4.1.113.Final/netty-codec-http2-4.1.113.Final.pom (5.2 kB at 44 kB/s)
Downloading from central: https://repo.maven.apache.org/maven2/io/netty/netty-resolver-dns/4.1.113.Final/netty-resolver-dns-4.1.113.Final.pom
Progress (1): 810 B
Progress (1): 3.4 kB
Progress (1): 3.7 kB
                    
Downloaded from central: https://repo.maven.apache.org/maven2/io/netty/netty-resolver-dns/4.1.113.Final/netty-resolver-dns-4.1.113.Final.pom (3.7 kB at 29 kB/s)
Downloading from central: https://repo.maven.apache.org/maven2/io/netty/netty-codec-dns/4.1.113.Final/netty-codec-dns-4.1.113.Final.pom
Progress (1): 850 B
Progress (1): 2.7 kB
                    
Downloaded from central: https://repo.maven.apache.org/maven2/io/netty/netty-codec-dns/4.1.113.Final/netty-codec-dns-4.1.113.Final.pom (2.7 kB at 24 kB/s)
Downloading from central: https://repo.maven.apache.org/maven2/io/netty/netty-resolver-dns-native-macos/4.1.113.Final/netty-resolver-dns-native-macos-4.1.113.Final.pom
Progress (1): 767 B
Progress (1): 2.1 kB
Progress (1): 4.4 kB
Progress (1): 6.5 kB
Progress (1): 18 kB 
Progress (1): 18 kB
                   
Downloaded from central: https://repo.maven.apache.org/maven2/io/netty/netty-resolver-dns-native-macos/4.1.113.Final/netty-resolver-dns-native-macos-4.1.113.Final.pom (18 kB at 108 kB/s)
Downloading from central: https://repo.maven.apache.org/maven2/io/netty/netty-resolver-dns-classes-macos/4.1.113.Final/netty-resolver-dns-classes-macos-4.1.113.Final.pom
Progress (1): 859 B
Progress (1): 2.0 kB
                    
Downloaded from central: https://repo.maven.apache.org/maven2/io/netty/netty-resolver-dns-classes-macos/4.1.113.Final/netty-resolver-dns-classes-macos-4.1.113.Final.pom (2.0 kB at 15 kB/s)
Downloading from central: https://repo.maven.apache.org/maven2/io/netty/netty-transport-native-epoll/4.1.113.Final/netty-transport-native-epoll-4.1.113.Final.pom
Progress (1): 752 B
Progress (1): 2.1 kB
Progress (1): 3.4 kB
Progress (1): 5.9 kB
Progress (1): 8.6 kB
Progress (1): 18 kB 
Progress (1): 26 kB
Progress (1): 27 kB
                   
Downloaded from central: https://repo.maven.apache.org/maven2/io/netty/netty-transport-native-epoll/4.1.113.Final/netty-transport-native-epoll-4.1.113.Final.pom (27 kB at 224 kB/s)
Downloading from central: https://repo.maven.apache.org/maven2/io/netty/netty-transport-classes-epoll/4.1.113.Final/netty-transport-classes-epoll-4.1.113.Final.pom
Progress (1): 859 B
Progress (1): 2.1 kB
                    
Downloaded from central: https://repo.maven.apache.org/maven2/io/netty/netty-transport-classes-epoll/4.1.113.Final/netty-transport-classes-epoll-4.1.113.Final.pom (2.1 kB at 9.2 kB/s)
Downloading from central: https://repo.maven.apache.org/maven2/io/projectreactor/netty/reactor-netty-core/1.1.22/reactor-netty-core-1.1.22.pom
Progress (1): 1.2 kB
Progress (1): 3.9 kB
                    
Downloaded from central: https://repo.maven.apache.org/maven2/io/projectreactor/netty/reactor-netty-core/1.1.22/reactor-netty-core-1.1.22.pom (3.9 kB at 34 kB/s)
Downloading from central: https://repo.maven.apache.org/maven2/io/netty/netty-handler-proxy/4.1.113.Final/netty-handler-proxy-4.1.113.Final.pom
Progress (1): 815 B
Progress (1): 3.3 kB
Progress (1): 3.6 kB
                    
Downloaded from central: https://repo.maven.apache.org/maven2/io/netty/netty-handler-proxy/4.1.113.Final/netty-handler-proxy-4.1.113.Final.pom (3.6 kB at 32 kB/s)
Downloading from central: https://repo.maven.apache.org/maven2/io/netty/netty-codec-socks/4.1.113.Final/netty-codec-socks-4.1.113.Final.pom
Progress (1): 850 B
Progress (1): 2.5 kB
                    
Downloaded from central: https://repo.maven.apache.org/maven2/io/netty/netty-codec-socks/4.1.113.Final/netty-codec-socks-4.1.113.Final.pom (2.5 kB at 22 kB/s)
Downloading from central: https://repo.maven.apache.org/maven2/io/projectreactor/reactor-core/3.6.10/reactor-core-3.6.10.pom
Progress (1): 1.1 kB
Progress (1): 2.1 kB
                    
Downloaded from central: https://repo.maven.apache.org/maven2/io/projectreactor/reactor-core/3.6.10/reactor-core-3.6.10.pom (2.1 kB at 17 kB/s)
Downloading from central: https://repo.maven.apache.org/maven2/org/reactivestreams/reactive-streams/1.0.4/reactive-streams-1.0.4.pom
Progress (1): 1.1 kB
                    
Downloaded from central: https://repo.maven.apache.org/maven2/org/reactivestreams/reactive-streams/1.0.4/reactive-streams-1.0.4.pom (1.1 kB at 8.7 kB/s)
Downloading from central: https://repo.maven.apache.org/maven2/org/springframework/spring-webflux/6.1.13/spring-webflux-6.1.13.pom
Progress (1): 1.0 kB
Progress (1): 2.6 kB
                    
Downloaded from central: https://repo.maven.apache.org/maven2/org/springframework/spring-webflux/6.1.13/spring-webflux-6.1.13.pom (2.6 kB at 13 kB/s)
Downloading from central: https://repo.maven.apache.org/maven2/org/springframework/boot/spring-boot-starter-security/3.3.4/spring-boot-starter-security-3.3.4.pom
Progress (1): 1.0 kB
Progress (1): 2.7 kB
                    
Downloaded from central: https://repo.maven.apache.org/maven2/org/springframework/boot/spring-boot-starter-security/3.3.4/spring-boot-starter-security-3.3.4.pom (2.7 kB at 11 kB/s)
Downloading from central: https://repo.maven.apache.org/maven2/org/springframework/security/spring-security-config/6.3.3/spring-security-config-6.3.3.pom
Progress (1): 1.0 kB
Progress (1): 2.8 kB
                    
Downloaded from central: https://repo.maven.apache.org/maven2/org/springframework/security/spring-security-config/6.3.3/spring-security-config-6.3.3.pom (2.8 kB at 23 kB/s)
Downloading from central: https://repo.maven.apache.org/maven2/org/springframework/security/spring-security-core/6.3.3/spring-security-core-6.3.3.pom
Progress (1): 1.0 kB
Progress (1): 3.2 kB
                    
Downloaded from central: https://repo.maven.apache.org/maven2/org/springframework/security/spring-security-core/6.3.3/spring-security-core-6.3.3.pom (3.2 kB at 18 kB/s)
Downloading from central: https://repo.maven.apache.org/maven2/org/springframework/security/spring-security-crypto/6.3.3/spring-security-crypto-6.3.3.pom
Progress (1): 1.0 kB
Progress (1): 1.9 kB
                    
Downloaded from central: https://repo.maven.apache.org/maven2/org/springframework/security/spring-security-crypto/6.3.3/spring-security-crypto-6.3.3.pom (1.9 kB at 6.3 kB/s)
Downloading from central: https://repo.maven.apache.org/maven2/org/springframework/security/spring-security-web/6.3.3/spring-security-web-6.3.3.pom
Progress (1): 1.0 kB
Progress (1): 3.2 kB
                    
Downloaded from central: https://repo.maven.apache.org/maven2/org/springframework/security/spring-security-web/6.3.3/spring-security-web-6.3.3.pom (3.2 kB at 27 kB/s)
Downloading from central: https://repo.maven.apache.org/maven2/org/springframework/boot/spring-boot-starter-validation/3.3.4/spring-boot-starter-validation-3.3.4.pom
Progress (1): 993 B
Progress (1): 2.5 kB
                    
Downloaded from central: https://repo.maven.apache.org/maven2/org/springframework/boot/spring-boot-starter-validation/3.3.4/spring-boot-starter-validation-3.3.4.pom (2.5 kB at 21 kB/s)
Downloading from central: https://repo.maven.apache.org/maven2/org/apache/tomcat/embed/tomcat-embed-el/10.1.30/tomcat-embed-el-10.1.30.pom
Progress (1): 843 B
Progress (1): 1.5 kB
                    
Downloaded from central: https://repo.maven.apache.org/maven2/org/apache/tomcat/embed/tomcat-embed-el/10.1.30/tomcat-embed-el-10.1.30.pom (1.5 kB at 12 kB/s)
Downloading from central: https://repo.maven.apache.org/maven2/org/hibernate/validator/hibernate-validator/8.0.1.Final/hibernate-validator-8.0.1.Final.pom
Progress (1): 973 B
Progress (1): 3.1 kB
Progress (1): 6.2 kB
Progress (1): 9.0 kB
Progress (1): 13 kB 
Progress (1): 15 kB
                   
Downloaded from central: https://repo.maven.apache.org/maven2/org/hibernate/validator/hibernate-validator/8.0.1.Final/hibernate-validator-8.0.1.Final.pom (15 kB at 109 kB/s)
Downloading from central: https://repo.maven.apache.org/maven2/org/hibernate/validator/hibernate-validator-parent/8.0.1.Final/hibernate-validator-parent-8.0.1.Final.pom
Progress (1): 976 B
Progress (1): 3.6 kB
Progress (1): 5.5 kB
Progress (1): 7.7 kB
Progress (1): 8.2 kB
Progress (1): 9.9 kB
Progress (1): 13 kB 
Progress (1): 15 kB
Progress (1): 17 kB
Progress (1): 19 kB
Progress (1): 26 kB
Progress (1): 32 kB
Progress (1): 36 kB
Progress (1): 39 kB
Progress (1): 44 kB
Progress (1): 48 kB
Progress (1): 53 kB
Progress (1): 57 kB
Progress (1): 62 kB
Progress (1): 68 kB
Progress (1): 71 kB
Progress (1): 74 kB
Progress (1): 79 kB
Progress (1): 81 kB
                   
Downloaded from central: https://repo.maven.apache.org/maven2/org/hibernate/validator/hibernate-validator-parent/8.0.1.Final/hibernate-validator-parent-8.0.1.Final.pom (81 kB at 603 kB/s)
Downloading from central: https://repo.maven.apache.org/maven2/org/jboss/arquillian/arquillian-bom/1.7.0.Alpha10/arquillian-bom-1.7.0.Alpha10.pom
Progress (1): 1.0 kB
Progress (1): 6.7 kB
Progress (1): 7.7 kB
Progress (1): 10 kB 
                   
Downloaded from central: https://repo.maven.apache.org/maven2/org/jboss/arquillian/arquillian-bom/1.7.0.Alpha10/arquillian-bom-1.7.0.Alpha10.pom (10 kB at 70 kB/s)
Downloading from central: https://repo.maven.apache.org/maven2/org/jboss/shrinkwrap/shrinkwrap-bom/1.2.6/shrinkwrap-bom-1.2.6.pom
Progress (1): 986 B
Progress (1): 4.0 kB
                    
Downloaded from central: https://repo.maven.apache.org/maven2/org/jboss/shrinkwrap/shrinkwrap-bom/1.2.6/shrinkwrap-bom-1.2.6.pom (4.0 kB at 33 kB/s)
Downloading from central: https://repo.maven.apache.org/maven2/org/jboss/shrinkwrap/resolver/shrinkwrap-resolver-bom/3.1.4/shrinkwrap-resolver-bom-3.1.4.pom
Progress (1): 975 B
Progress (1): 5.5 kB
Progress (1): 7.0 kB
                    
Downloaded from central: https://repo.maven.apache.org/maven2/org/jboss/shrinkwrap/resolver/shrinkwrap-resolver-bom/3.1.4/shrinkwrap-resolver-bom-3.1.4.pom (7.0 kB at 57 kB/s)
Downloading from central: https://repo.maven.apache.org/maven2/org/apache/maven/maven/3.6.3/maven-3.6.3.pom
Progress (1): 710 B
Progress (1): 1.9 kB
Progress (1): 3.5 kB
Progress (1): 5.5 kB
Progress (1): 11 kB 
Progress (1): 16 kB
Progress (1): 20 kB
Progress (1): 23 kB
Progress (1): 26 kB
Progress (1): 26 kB
                   
Downloaded from central: https://repo.maven.apache.org/maven2/org/apache/maven/maven/3.6.3/maven-3.6.3.pom (26 kB at 175 kB/s)
Downloading from central: https://repo.maven.apache.org/maven2/org/apache/maven/maven-parent/33/maven-parent-33.pom
Progress (1): 774 B
Progress (1): 2.0 kB
Progress (1): 5.9 kB
Progress (1): 8.2 kB
Progress (1): 12 kB 
Progress (1): 17 kB
Progress (1): 20 kB
Progress (1): 25 kB
Progress (1): 26 kB
Progress (1): 29 kB
Progress (1): 32 kB
Progress (1): 35 kB
Progress (1): 38 kB
Progress (1): 42 kB
Progress (1): 44 kB
                   
Downloaded from central: https://repo.maven.apache.org/maven2/org/apache/maven/maven-parent/33/maven-parent-33.pom (44 kB at 219 kB/s)
Downloading from central: https://repo.maven.apache.org/maven2/org/apache/apache/21/apache-21.pom
Progress (1): 753 B
Progress (1): 2.1 kB
Progress (1): 3.9 kB
Progress (1): 8.3 kB
Progress (1): 13 kB 
Progress (1): 16 kB
Progress (1): 17 kB
                   
Downloaded from central: https://repo.maven.apache.org/maven2/org/apache/apache/21/apache-21.pom (17 kB at 137 kB/s)
Downloading from central: https://repo.maven.apache.org/maven2/org/jboss/shrinkwrap/descriptors/shrinkwrap-descriptors-bom/2.0.0/shrinkwrap-descriptors-bom-2.0.0.pom
Progress (1): 1.1 kB
Progress (1): 5.2 kB
Progress (1): 5.2 kB
                    
Downloaded from central: https://repo.maven.apache.org/maven2/org/jboss/shrinkwrap/descriptors/shrinkwrap-descriptors-bom/2.0.0/shrinkwrap-descriptors-bom-2.0.0.pom (5.2 kB at 31 kB/s)
Downloading from central: https://repo.maven.apache.org/maven2/jakarta/validation/jakarta.validation-api/3.0.2/jakarta.validation-api-3.0.2.pom
Progress (1): 1.0 kB
Progress (1): 3.7 kB
Progress (1): 6.2 kB
Progress (1): 9.4 kB
Progress (1): 11 kB 
                   
Downloaded from central: https://repo.maven.apache.org/maven2/jakarta/validation/jakarta.validation-api/3.0.2/jakarta.validation-api-3.0.2.pom (11 kB at 55 kB/s)
Downloading from central: https://repo.maven.apache.org/maven2/org/eclipse/ee4j/project/1.0.6/project-1.0.6.pom
Progress (1): 839 B
Progress (1): 2.5 kB
Progress (1): 5.0 kB
Progress (1): 7.7 kB
Progress (1): 13 kB 
Progress (1): 13 kB
                   
Downloaded from central: https://repo.maven.apache.org/maven2/org/eclipse/ee4j/project/1.0.6/project-1.0.6.pom (13 kB at 67 kB/s)
Downloading from central: https://repo.maven.apache.org/maven2/org/jboss/logging/jboss-logging/3.5.3.Final/jboss-logging-3.5.3.Final.pom
Progress (1): 755 B
Progress (1): 2.4 kB
Progress (1): 5.5 kB
Progress (1): 9.3 kB
Progress (1): 17 kB 
Progress (1): 19 kB
                   
Downloaded from central: https://repo.maven.apache.org/maven2/org/jboss/logging/jboss-logging/3.5.3.Final/jboss-logging-3.5.3.Final.pom (19 kB at 94 kB/s)
Downloading from central: https://repo.maven.apache.org/maven2/org/jboss/logging/logging-parent/1.0.1.Final/logging-parent-1.0.1.Final.pom
Progress (1): 1.2 kB
Progress (1): 3.8 kB
Progress (1): 6.0 kB
                    
Downloaded from central: https://repo.maven.apache.org/maven2/org/jboss/logging/logging-parent/1.0.1.Final/logging-parent-1.0.1.Final.pom (6.0 kB at 49 kB/s)
Downloading from central: https://repo.maven.apache.org/maven2/org/jboss/jboss-parent/39/jboss-parent-39.pom
Progress (1): 739 B
Progress (1): 2.2 kB
Progress (1): 4.7 kB
Progress (1): 7.0 kB
Progress (1): 9.0 kB
Progress (1): 13 kB 
Progress (1): 22 kB
Progress (1): 25 kB
Progress (1): 29 kB
Progress (1): 33 kB
Progress (1): 36 kB
Progress (1): 39 kB
Progress (1): 45 kB
Progress (1): 67 kB
Progress (1): 68 kB
                   
Downloaded from central: https://repo.maven.apache.org/maven2/org/jboss/jboss-parent/39/jboss-parent-39.pom (68 kB at 580 kB/s)
Downloading from central: https://repo.maven.apache.org/maven2/com/fasterxml/classmate/1.7.0/classmate-1.7.0.pom
Progress (1): 1.2 kB
Progress (1): 2.9 kB
Progress (1): 4.9 kB
Progress (1): 7.0 kB
                    
Downloaded from central: https://repo.maven.apache.org/maven2/com/fasterxml/classmate/1.7.0/classmate-1.7.0.pom (7.0 kB at 61 kB/s)
Downloading from central: https://repo.maven.apache.org/maven2/org/springframework/boot/spring-boot-starter-data-r2dbc/3.3.4/spring-boot-starter-data-r2dbc-3.3.4.pom
Progress (1): 973 B
Progress (1): 2.6 kB
                    
Downloaded from central: https://repo.maven.apache.org/maven2/org/springframework/boot/spring-boot-starter-data-r2dbc/3.3.4/spring-boot-starter-data-r2dbc-3.3.4.pom (2.6 kB at 21 kB/s)
Downloading from central: https://repo.maven.apache.org/maven2/org/springframework/data/spring-data-r2dbc/3.3.4/spring-data-r2dbc-3.3.4.pom
Progress (1): 1.1 kB
Progress (1): 3.4 kB
Progress (1): 6.8 kB
Progress (1): 8.0 kB
                    
Downloaded from central: https://repo.maven.apache.org/maven2/org/springframework/data/spring-data-r2dbc/3.3.4/spring-data-r2dbc-3.3.4.pom (8.0 kB at 65 kB/s)
Downloading from central: https://repo.maven.apache.org/maven2/org/springframework/data/spring-data-relational-parent/3.3.4/spring-data-relational-parent-3.3.4.pom
Progress (1): 1.0 kB
Progress (1): 2.5 kB
Progress (1): 5.0 kB
Progress (1): 8.4 kB
Progress (1): 8.7 kB
                    
Downloaded from central: https://repo.maven.apache.org/maven2/org/springframework/data/spring-data-relational-parent/3.3.4/spring-data-relational-parent-3.3.4.pom (8.7 kB at 64 kB/s)
Downloading from central: https://repo.maven.apache.org/maven2/org/springframework/data/build/spring-data-parent/3.3.4/spring-data-parent-3.3.4.pom
Progress (1): 731 B
Progress (1): 2.3 kB
Progress (1): 3.4 kB
Progress (1): 4.7 kB
Progress (1): 6.2 kB
Progress (1): 8.3 kB
Progress (1): 12 kB 
Progress (1): 16 kB
Progress (1): 18 kB
Progress (1): 21 kB
Progress (1): 28 kB
Progress (1): 32 kB
Progress (1): 36 kB
Progress (1): 40 kB
Progress (1): 41 kB
                   
Downloaded from central: https://repo.maven.apache.org/maven2/org/springframework/data/build/spring-data-parent/3.3.4/spring-data-parent-3.3.4.pom (41 kB at 272 kB/s)
Downloading from central: https://repo.maven.apache.org/maven2/org/springframework/data/build/spring-data-build/3.3.4/spring-data-build-3.3.4.pom
Progress (1): 954 B
Progress (1): 2.5 kB
Progress (1): 4.6 kB
Progress (1): 7.1 kB
Progress (1): 7.2 kB
                    
Downloaded from central: https://repo.maven.apache.org/maven2/org/springframework/data/build/spring-data-build/3.3.4/spring-data-build-3.3.4.pom (7.2 kB at 36 kB/s)
Downloading from central: https://repo.maven.apache.org/maven2/org/springframework/data/spring-data-relational/3.3.4/spring-data-relational-3.3.4.pom
Progress (1): 1.6 kB
Progress (1): 2.7 kB
                    
Downloaded from central: https://repo.maven.apache.org/maven2/org/springframework/data/spring-data-relational/3.3.4/spring-data-relational-3.3.4.pom (2.7 kB at 14 kB/s)
Downloading from central: https://repo.maven.apache.org/maven2/org/springframework/data/spring-data-commons/3.3.4/spring-data-commons-3.3.4.pom
Progress (1): 1.2 kB
Progress (1): 5.3 kB
Progress (1): 9.2 kB
Progress (1): 9.9 kB
                    
Downloaded from central: https://repo.maven.apache.org/maven2/org/springframework/data/spring-data-commons/3.3.4/spring-data-commons-3.3.4.pom (9.9 kB at 81 kB/s)
Downloading from central: https://repo.maven.apache.org/maven2/org/springframework/spring-tx/6.1.13/spring-tx-6.1.13.pom
Progress (1): 1.1 kB
Progress (1): 2.2 kB
                    
Downloaded from central: https://repo.maven.apache.org/maven2/org/springframework/spring-tx/6.1.13/spring-tx-6.1.13.pom (2.2 kB at 20 kB/s)
Downloading from central: https://repo.maven.apache.org/maven2/org/springframework/spring-jdbc/6.1.13/spring-jdbc-6.1.13.pom
Progress (1): 1.0 kB
Progress (1): 2.4 kB
                    
Downloaded from central: https://repo.maven.apache.org/maven2/org/springframework/spring-jdbc/6.1.13/spring-jdbc-6.1.13.pom (2.4 kB at 20 kB/s)
Downloading from central: https://repo.maven.apache.org/maven2/org/springframework/spring-r2dbc/6.1.13/spring-r2dbc-6.1.13.pom
Progress (1): 1.0 kB
Progress (1): 2.8 kB
                    
Downloaded from central: https://repo.maven.apache.org/maven2/org/springframework/spring-r2dbc/6.1.13/spring-r2dbc-6.1.13.pom (2.8 kB at 19 kB/s)
Downloading from central: https://repo.maven.apache.org/maven2/io/r2dbc/r2dbc-spi/1.0.0.RELEASE/r2dbc-spi-1.0.0.RELEASE.pom
Progress (1): 866 B
Progress (1): 2.6 kB
                    
Downloaded from central: https://repo.maven.apache.org/maven2/io/r2dbc/r2dbc-spi/1.0.0.RELEASE/r2dbc-spi-1.0.0.RELEASE.pom (2.6 kB at 18 kB/s)
Downloading from central: https://repo.maven.apache.org/maven2/io/r2dbc/r2dbc-spi-parent/1.0.0.RELEASE/r2dbc-spi-parent-1.0.0.RELEASE.pom
Progress (1): 798 B
Progress (1): 2.5 kB
Progress (1): 5.8 kB
Progress (1): 9.5 kB
Progress (1): 13 kB 
                   
Downloaded from central: https://repo.maven.apache.org/maven2/io/r2dbc/r2dbc-spi-parent/1.0.0.RELEASE/r2dbc-spi-parent-1.0.0.RELEASE.pom (13 kB at 109 kB/s)
Downloading from central: https://repo.maven.apache.org/maven2/org/junit/junit-bom/5.8.2/junit-bom-5.8.2.pom
Progress (1): 907 B
Progress (1): 4.1 kB
Progress (1): 5.6 kB
                    
Downloaded from central: https://repo.maven.apache.org/maven2/org/junit/junit-bom/5.8.2/junit-bom-5.8.2.pom (5.6 kB at 48 kB/s)
Downloading from central: https://repo.maven.apache.org/maven2/io/r2dbc/r2dbc-pool/1.0.1.RELEASE/r2dbc-pool-1.0.1.RELEASE.pom
Progress (1): 867 B
Progress (1): 2.6 kB
                    
Downloaded from central: https://repo.maven.apache.org/maven2/io/r2dbc/r2dbc-pool/1.0.1.RELEASE/r2dbc-pool-1.0.1.RELEASE.pom (2.6 kB at 23 kB/s)
Downloading from central: https://repo.maven.apache.org/maven2/io/projectreactor/addons/reactor-pool/1.0.8/reactor-pool-1.0.8.pom
Progress (1): 1.0 kB
Progress (1): 2.1 kB
                    
Downloaded from central: https://repo.maven.apache.org/maven2/io/projectreactor/addons/reactor-pool/1.0.8/reactor-pool-1.0.8.pom (2.1 kB at 17 kB/s)
Downloading from central: https://repo.maven.apache.org/maven2/org/postgresql/r2dbc-postgresql/1.0.5.RELEASE/r2dbc-postgresql-1.0.5.RELEASE.pom
Progress (1): 855 B
Progress (1): 3.0 kB
Progress (1): 3.8 kB
                    
Downloaded from central: https://repo.maven.apache.org/maven2/org/postgresql/r2dbc-postgresql/1.0.5.RELEASE/r2dbc-postgresql-1.0.5.RELEASE.pom (3.8 kB at 32 kB/s)
Downloading from central: https://repo.maven.apache.org/maven2/com/ongres/scram/client/2.1/client-2.1.pom
Progress (1): 1.6 kB
Progress (1): 3.9 kB
                    
Downloaded from central: https://repo.maven.apache.org/maven2/com/ongres/scram/client/2.1/client-2.1.pom (3.9 kB at 30 kB/s)
Downloading from central: https://repo.maven.apache.org/maven2/com/ongres/scram/parent/2.1/parent-2.1.pom
Progress (1): 1.0 kB
Progress (1): 3.1 kB
Progress (1): 6.2 kB
Progress (1): 9.3 kB
                    
Downloaded from central: https://repo.maven.apache.org/maven2/com/ongres/scram/parent/2.1/parent-2.1.pom (9.3 kB at 37 kB/s)
Downloading from central: https://repo.maven.apache.org/maven2/com/ongres/scram/common/2.1/common-2.1.pom
Progress (1): 1.4 kB
                    
Downloaded from central: https://repo.maven.apache.org/maven2/com/ongres/scram/common/2.1/common-2.1.pom (1.4 kB at 11 kB/s)
Downloading from central: https://repo.maven.apache.org/maven2/com/ongres/stringprep/saslprep/1.1/saslprep-1.1.pom
Progress (1): 880 B
                   
Downloaded from central: https://repo.maven.apache.org/maven2/com/ongres/stringprep/saslprep/1.1/saslprep-1.1.pom (880 B at 6.4 kB/s)
Downloading from central: https://repo.maven.apache.org/maven2/com/ongres/stringprep/parent/1.1/parent-1.1.pom
Progress (1): 1.0 kB
Progress (1): 3.0 kB
Progress (1): 5.7 kB
Progress (1): 7.2 kB
                    
Downloaded from central: https://repo.maven.apache.org/maven2/com/ongres/stringprep/parent/1.1/parent-1.1.pom (7.2 kB at 43 kB/s)
Downloading from central: https://repo.maven.apache.org/maven2/com/ongres/stringprep/stringprep/1.1/stringprep-1.1.pom
Progress (1): 1.5 kB
Progress (1): 2.4 kB
                    
Downloaded from central: https://repo.maven.apache.org/maven2/com/ongres/stringprep/stringprep/1.1/stringprep-1.1.pom (2.4 kB at 7.0 kB/s)
Downloading from central: https://repo.maven.apache.org/maven2/org/postgresql/postgresql/42.7.4/postgresql-42.7.4.pom
Progress (1): 1.3 kB
Progress (1): 3.3 kB
                    
Downloaded from central: https://repo.maven.apache.org/maven2/org/postgresql/postgresql/42.7.4/postgresql-42.7.4.pom (3.3 kB at 28 kB/s)
Downloading from central: https://repo.maven.apache.org/maven2/org/checkerframework/checker-qual/3.42.0/checker-qual-3.42.0.pom
Progress (1): 940 B
Progress (1): 2.1 kB
                    
Downloaded from central: https://repo.maven.apache.org/maven2/org/checkerframework/checker-qual/3.42.0/checker-qual-3.42.0.pom (2.1 kB at 16 kB/s)
Downloading from central: https://repo.maven.apache.org/maven2/org/flywaydb/flyway-core/10.10.0/flyway-core-10.10.0.pom
Progress (1): 844 B
Progress (1): 3.8 kB
Progress (1): 6.2 kB
                    
Downloaded from central: https://repo.maven.apache.org/maven2/org/flywaydb/flyway-core/10.10.0/flyway-core-10.10.0.pom (6.2 kB at 44 kB/s)
Downloading from central: https://repo.maven.apache.org/maven2/org/flywaydb/flyway-parent/10.10.0/flyway-parent-10.10.0.pom
Progress (1): 730 B
Progress (1): 2.3 kB
Progress (1): 4.6 kB
Progress (1): 6.6 kB
Progress (1): 14 kB 
Progress (1): 22 kB
Progress (1): 26 kB
Progress (1): 30 kB
Progress (1): 33 kB
                   
Downloaded from central: https://repo.maven.apache.org/maven2/org/flywaydb/flyway-parent/10.10.0/flyway-parent-10.10.0.pom (33 kB at 262 kB/s)
Downloading from central: https://repo.maven.apache.org/maven2/com/fasterxml/jackson/dataformat/jackson-dataformat-toml/2.17.2/jackson-dataformat-toml-2.17.2.pom
Progress (1): 1.0 kB
Progress (1): 3.2 kB
Progress (1): 3.5 kB
                    
Downloaded from central: https://repo.maven.apache.org/maven2/com/fasterxml/jackson/dataformat/jackson-dataformat-toml/2.17.2/jackson-dataformat-toml-2.17.2.pom (3.5 kB at 28 kB/s)
Downloading from central: https://repo.maven.apache.org/maven2/com/fasterxml/jackson/dataformat/jackson-dataformats-text/2.17.2/jackson-dataformats-text-2.17.2.pom
Progress (1): 1.2 kB
Progress (1): 3.0 kB
Progress (1): 3.5 kB
                    
Downloaded from central: https://repo.maven.apache.org/maven2/com/fasterxml/jackson/dataformat/jackson-dataformats-text/2.17.2/jackson-dataformats-text-2.17.2.pom (3.5 kB at 28 kB/s)
Downloading from central: https://repo.maven.apache.org/maven2/com/google/code/gson/gson/2.10.1/gson-2.10.1.pom
Progress (1): 1.1 kB
Progress (1): 3.4 kB
Progress (1): 6.7 kB
Progress (1): 8.7 kB
Progress (1): 9.4 kB
                    
Downloaded from central: https://repo.maven.apache.org/maven2/com/google/code/gson/gson/2.10.1/gson-2.10.1.pom (9.4 kB at 70 kB/s)
Downloading from central: https://repo.maven.apache.org/maven2/com/google/code/gson/gson-parent/2.10.1/gson-parent-2.10.1.pom
Progress (1): 1.1 kB
Progress (1): 2.7 kB
Progress (1): 4.3 kB
Progress (1): 6.5 kB
Progress (1): 8.5 kB
Progress (1): 11 kB 
Progress (1): 13 kB
                   
Downloaded from central: https://repo.maven.apache.org/maven2/com/google/code/gson/gson-parent/2.10.1/gson-parent-2.10.1.pom (13 kB at 95 kB/s)
Downloading from central: https://repo.maven.apache.org/maven2/org/flywaydb/flyway-database-postgresql/10.10.0/flyway-database-postgresql-10.10.0.pom
Progress (1): 799 B
Progress (1): 3.4 kB
                    
Downloaded from central: https://repo.maven.apache.org/maven2/org/flywaydb/flyway-database-postgresql/10.10.0/flyway-database-postgresql-10.10.0.pom (3.4 kB at 20 kB/s)
Downloading from central: https://repo.maven.apache.org/maven2/io/jsonwebtoken/jjwt-api/0.12.6/jjwt-api-0.12.6.pom
Progress (1): 848 B
Progress (1): 1.8 kB
                    
Downloaded from central: https://repo.maven.apache.org/maven2/io/jsonwebtoken/jjwt-api/0.12.6/jjwt-api-0.12.6.pom (1.8 kB at 15 kB/s)
Downloading from central: https://repo.maven.apache.org/maven2/io/jsonwebtoken/jjwt-root/0.12.6/jjwt-root-0.12.6.pom
Progress (1): 720 B
Progress (1): 2.5 kB
Progress (1): 4.4 kB
Progress (1): 6.3 kB
Progress (1): 11 kB 
Progress (1): 14 kB
Progress (1): 19 kB
Progress (1): 22 kB
Progress (1): 25 kB
Progress (1): 29 kB
Progress (1): 33 kB
Progress (1): 37 kB
                   
Downloaded from central: https://repo.maven.apache.org/maven2/io/jsonwebtoken/jjwt-root/0.12.6/jjwt-root-0.12.6.pom (37 kB at 277 kB/s)
Downloading from central: https://repo.maven.apache.org/maven2/io/jsonwebtoken/jjwt-impl/0.12.6/jjwt-impl-0.12.6.pom
Progress (1): 846 B
Progress (1): 2.5 kB
                    
Downloaded from central: https://repo.maven.apache.org/maven2/io/jsonwebtoken/jjwt-impl/0.12.6/jjwt-impl-0.12.6.pom (2.5 kB at 19 kB/s)
Downloading from central: https://repo.maven.apache.org/maven2/io/jsonwebtoken/jjwt-jackson/0.12.6/jjwt-jackson-0.12.6.pom
Progress (1): 843 B
Progress (1): 2.4 kB
Progress (1): 2.9 kB
                    
Downloaded from central: https://repo.maven.apache.org/maven2/io/jsonwebtoken/jjwt-jackson/0.12.6/jjwt-jackson-0.12.6.pom (2.9 kB at 24 kB/s)
Downloading from central: https://repo.maven.apache.org/maven2/org/projectlombok/lombok/1.18.34/lombok-1.18.34.pom
Progress (1): 1.1 kB
Progress (1): 1.5 kB
                    
Downloaded from central: https://repo.maven.apache.org/maven2/org/projectlombok/lombok/1.18.34/lombok-1.18.34.pom (1.5 kB at 6.9 kB/s)
Downloading from central: https://repo.maven.apache.org/maven2/org/springframework/boot/spring-boot-starter-test/3.3.4/spring-boot-starter-test-3.3.4.pom
Progress (1): 916 B
Progress (1): 4.2 kB
Progress (1): 5.1 kB
                    
Downloaded from central: https://repo.maven.apache.org/maven2/org/springframework/boot/spring-boot-starter-test/3.3.4/spring-boot-starter-test-3.3.4.pom (5.1 kB at 38 kB/s)
Downloading from central: https://repo.maven.apache.org/maven2/org/springframework/boot/spring-boot-test/3.3.4/spring-boot-test-3.3.4.pom
Progress (1): 1.0 kB
Progress (1): 2.2 kB
                    
Downloaded from central: https://repo.maven.apache.org/maven2/org/springframework/boot/spring-boot-test/3.3.4/spring-boot-test-3.3.4.pom (2.2 kB at 14 kB/s)
Downloading from central: https://repo.maven.apache.org/maven2/org/springframework/spring-test/6.1.13/spring-test-6.1.13.pom
Progress (1): 1.1 kB
Progress (1): 2.1 kB
                    
Downloaded from central: https://repo.maven.apache.org/maven2/org/springframework/spring-test/6.1.13/spring-test-6.1.13.pom (2.1 kB at 14 kB/s)
Downloading from central: https://repo.maven.apache.org/maven2/org/springframework/boot/spring-boot-test-autoconfigure/3.3.4/spring-boot-test-autoconfigure-3.3.4.pom
Progress (1): 1.0 kB
Progress (1): 2.5 kB
                    
Downloaded from central: https://repo.maven.apache.org/maven2/org/springframework/boot/spring-boot-test-autoconfigure/3.3.4/spring-boot-test-autoconfigure-3.3.4.pom (2.5 kB at 20 kB/s)
Downloading from central: https://repo.maven.apache.org/maven2/com/jayway/jsonpath/json-path/2.9.0/json-path-2.9.0.pom
Progress (1): 960 B
Progress (1): 1.9 kB
                    
Downloaded from central: https://repo.maven.apache.org/maven2/com/jayway/jsonpath/json-path/2.9.0/json-path-2.9.0.pom (1.9 kB at 15 kB/s)
Downloading from central: https://repo.maven.apache.org/maven2/net/minidev/json-smart/2.5.1/json-smart-2.5.1.pom
Progress (1): 780 B
Progress (1): 1.9 kB
Progress (1): 3.6 kB
Progress (1): 5.5 kB
Progress (1): 8.2 kB
Progress (1): 9.3 kB
                    
Downloaded from central: https://repo.maven.apache.org/maven2/net/minidev/json-smart/2.5.1/json-smart-2.5.1.pom (9.3 kB at 81 kB/s)
Downloading from central: https://repo.maven.apache.org/maven2/net/minidev/accessors-smart/2.5.1/accessors-smart-2.5.1.pom
Progress (1): 780 B
Progress (1): 2.4 kB
Progress (1): 4.3 kB
Progress (1): 7.1 kB
Progress (1): 11 kB 
Progress (1): 11 kB
                   
Downloaded from central: https://repo.maven.apache.org/maven2/net/minidev/accessors-smart/2.5.1/accessors-smart-2.5.1.pom (11 kB at 102 kB/s)
Downloading from central: https://repo.maven.apache.org/maven2/org/ow2/asm/asm/9.6/asm-9.6.pom
Progress (1): 1.3 kB
Progress (1): 2.4 kB
                    
Downloaded from central: https://repo.maven.apache.org/maven2/org/ow2/asm/asm/9.6/asm-9.6.pom (2.4 kB at 20 kB/s)
Downloading from central: https://repo.maven.apache.org/maven2/org/ow2/ow2/1.5.1/ow2-1.5.1.pom
Progress (1): 712 B
Progress (1): 2.1 kB
Progress (1): 3.6 kB
Progress (1): 5.9 kB
Progress (1): 8.1 kB
Progress (1): 8.2 kB
Progress (1): 11 kB 
                   
Downloaded from central: https://repo.maven.apache.org/maven2/org/ow2/ow2/1.5.1/ow2-1.5.1.pom (11 kB at 105 kB/s)
Downloading from central: https://repo.maven.apache.org/maven2/jakarta/xml/bind/jakarta.xml.bind-api/4.0.2/jakarta.xml.bind-api-4.0.2.pom
Progress (1): 845 B
Progress (1): 3.2 kB
Progress (1): 6.0 kB
Progress (1): 9.8 kB
Progress (1): 13 kB 
Progress (1): 13 kB
                   
Downloaded from central: https://repo.maven.apache.org/maven2/jakarta/xml/bind/jakarta.xml.bind-api/4.0.2/jakarta.xml.bind-api-4.0.2.pom (13 kB at 113 kB/s)
Downloading from central: https://repo.maven.apache.org/maven2/jakarta/xml/bind/jakarta.xml.bind-api-parent/4.0.2/jakarta.xml.bind-api-parent-4.0.2.pom
Progress (1): 915 B
Progress (1): 2.8 kB
Progress (1): 6.6 kB
Progress (1): 9.1 kB
                    
Downloaded from central: https://repo.maven.apache.org/maven2/jakarta/xml/bind/jakarta.xml.bind-api-parent/4.0.2/jakarta.xml.bind-api-parent-4.0.2.pom (9.1 kB at 82 kB/s)
Downloading from central: https://repo.maven.apache.org/maven2/jakarta/activation/jakarta.activation-api/2.1.3/jakarta.activation-api-2.1.3.pom
Progress (1): 857 B
Progress (1): 2.6 kB
Progress (1): 5.3 kB
Progress (1): 9.4 kB
Progress (1): 12 kB 
Progress (1): 17 kB
Progress (1): 19 kB
                   
Downloaded from central: https://repo.maven.apache.org/maven2/jakarta/activation/jakarta.activation-api/2.1.3/jakarta.activation-api-2.1.3.pom (19 kB at 162 kB/s)
Downloading from central: https://repo.maven.apache.org/maven2/org/assertj/assertj-core/3.25.3/assertj-core-3.25.3.pom
Progress (1): 1.1 kB
Progress (1): 3.8 kB
                    
Downloaded from central: https://repo.maven.apache.org/maven2/org/assertj/assertj-core/3.25.3/assertj-core-3.25.3.pom (3.8 kB at 25 kB/s)
Downloading from central: https://repo.maven.apache.org/maven2/net/bytebuddy/byte-buddy/1.14.19/byte-buddy-1.14.19.pom
Progress (1): 973 B
Progress (1): 3.7 kB
Progress (1): 7.0 kB
Progress (1): 14 kB 
Progress (1): 16 kB
                   
Downloaded from central: https://repo.maven.apache.org/maven2/net/bytebuddy/byte-buddy/1.14.19/byte-buddy-1.14.19.pom (16 kB at 80 kB/s)
Downloading from central: https://repo.maven.apache.org/maven2/net/bytebuddy/byte-buddy-parent/1.14.19/byte-buddy-parent-1.14.19.pom
Progress (1): 907 B
Progress (1): 2.2 kB
Progress (1): 4.0 kB
Progress (1): 6.6 kB
Progress (1): 8.2 kB
Progress (1): 10 kB 
Progress (1): 13 kB
Progress (1): 17 kB
Progress (1): 22 kB
Progress (1): 25 kB
Progress (1): 36 kB
Progress (1): 47 kB
Progress (1): 52 kB
Progress (1): 57 kB
Progress (1): 62 kB
                   
Downloaded from central: https://repo.maven.apache.org/maven2/net/bytebuddy/byte-buddy-parent/1.14.19/byte-buddy-parent-1.14.19.pom (62 kB at 301 kB/s)
Downloading from central: https://repo.maven.apache.org/maven2/org/awaitility/awaitility/4.2.2/awaitility-4.2.2.pom
Progress (1): 821 B
Progress (1): 3.0 kB
Progress (1): 3.5 kB
                    
Downloaded from central: https://repo.maven.apache.org/maven2/org/awaitility/awaitility/4.2.2/awaitility-4.2.2.pom (3.5 kB at 18 kB/s)
Downloading from central: https://repo.maven.apache.org/maven2/org/awaitility/awaitility-parent/4.2.2/awaitility-parent-4.2.2.pom
Progress (1): 826 B
Progress (1): 2.5 kB
Progress (1): 5.3 kB
Progress (1): 9.3 kB
Progress (1): 11 kB 
                   
Downloaded from central: https://repo.maven.apache.org/maven2/org/awaitility/awaitility-parent/4.2.2/awaitility-parent-4.2.2.pom (11 kB at 53 kB/s)
Downloading from central: https://repo.maven.apache.org/maven2/org/hamcrest/hamcrest/2.2/hamcrest-2.2.pom
Progress (1): 1.1 kB
                    
Downloaded from central: https://repo.maven.apache.org/maven2/org/hamcrest/hamcrest/2.2/hamcrest-2.2.pom (1.1 kB at 7.5 kB/s)
Downloading from central: https://repo.maven.apache.org/maven2/org/junit/jupiter/junit-jupiter/5.10.3/junit-jupiter-5.10.3.pom
Progress (1): 944 B
Progress (1): 3.2 kB
                    
Downloaded from central: https://repo.maven.apache.org/maven2/org/junit/jupiter/junit-jupiter/5.10.3/junit-jupiter-5.10.3.pom (3.2 kB at 22 kB/s)
Downloading from central: https://repo.maven.apache.org/maven2/org/junit/jupiter/junit-jupiter-api/5.10.3/junit-jupiter-api-5.10.3.pom
Progress (1): 954 B
Progress (1): 3.2 kB
                    
Downloaded from central: https://repo.maven.apache.org/maven2/org/junit/jupiter/junit-jupiter-api/5.10.3/junit-jupiter-api-5.10.3.pom (3.2 kB at 22 kB/s)
Downloading from central: https://repo.maven.apache.org/maven2/org/opentest4j/opentest4j/1.3.0/opentest4j-1.3.0.pom
Progress (1): 996 B
Progress (1): 2.0 kB
                    
Downloaded from central: https://repo.maven.apache.org/maven2/org/opentest4j/opentest4j/1.3.0/opentest4j-1.3.0.pom (2.0 kB at 13 kB/s)
Downloading from central: https://repo.maven.apache.org/maven2/org/junit/platform/junit-platform-commons/1.10.3/junit-platform-commons-1.10.3.pom
Progress (1): 966 B
Progress (1): 2.8 kB
                    
Downloaded from central: https://repo.maven.apache.org/maven2/org/junit/platform/junit-platform-commons/1.10.3/junit-platform-commons-1.10.3.pom (2.8 kB at 14 kB/s)
Downloading from central: https://repo.maven.apache.org/maven2/org/apiguardian/apiguardian-api/1.1.2/apiguardian-api-1.1.2.pom
Progress (1): 1.0 kB
Progress (1): 1.5 kB
                    
Downloaded from central: https://repo.maven.apache.org/maven2/org/apiguardian/apiguardian-api/1.1.2/apiguardian-api-1.1.2.pom (1.5 kB at 12 kB/s)
Downloading from central: https://repo.maven.apache.org/maven2/org/junit/jupiter/junit-jupiter-params/5.10.3/junit-jupiter-params-5.10.3.pom
Progress (1): 964 B
Progress (1): 3.0 kB
                    
Downloaded from central: https://repo.maven.apache.org/maven2/org/junit/jupiter/junit-jupiter-params/5.10.3/junit-jupiter-params-5.10.3.pom (3.0 kB at 26 kB/s)
Downloading from central: https://repo.maven.apache.org/maven2/org/junit/jupiter/junit-jupiter-engine/5.10.3/junit-jupiter-engine-5.10.3.pom
Progress (1): 962 B
Progress (1): 3.2 kB
                    
Downloaded from central: https://repo.maven.apache.org/maven2/org/junit/jupiter/junit-jupiter-engine/5.10.3/junit-jupiter-engine-5.10.3.pom (3.2 kB at 26 kB/s)
Downloading from central: https://repo.maven.apache.org/maven2/org/junit/platform/junit-platform-engine/1.10.3/junit-platform-engine-1.10.3.pom
Progress (1): 957 B
Progress (1): 3.2 kB
                    
Downloaded from central: https://repo.maven.apache.org/maven2/org/junit/platform/junit-platform-engine/1.10.3/junit-platform-engine-1.10.3.pom (3.2 kB at 26 kB/s)
Downloading from central: https://repo.maven.apache.org/maven2/org/mockito/mockito-core/5.11.0/mockito-core-5.11.0.pom
Progress (1): 1.6 kB
Progress (1): 2.5 kB
                    
Downloaded from central: https://repo.maven.apache.org/maven2/org/mockito/mockito-core/5.11.0/mockito-core-5.11.0.pom (2.5 kB at 22 kB/s)
Downloading from central: https://repo.maven.apache.org/maven2/net/bytebuddy/byte-buddy-agent/1.14.19/byte-buddy-agent-1.14.19.pom
Progress (1): 1.2 kB
Progress (1): 3.6 kB
Progress (1): 6.2 kB
Progress (1): 10 kB 
                   
Downloaded from central: https://repo.maven.apache.org/maven2/net/bytebuddy/byte-buddy-agent/1.14.19/byte-buddy-agent-1.14.19.pom (10 kB at 55 kB/s)
Downloading from central: https://repo.maven.apache.org/maven2/org/objenesis/objenesis/3.3/objenesis-3.3.pom
Progress (1): 795 B
Progress (1): 2.5 kB
Progress (1): 3.0 kB
                    
Downloaded from central: https://repo.maven.apache.org/maven2/org/objenesis/objenesis/3.3/objenesis-3.3.pom (3.0 kB at 24 kB/s)
Downloading from central: https://repo.maven.apache.org/maven2/org/objenesis/objenesis-parent/3.3/objenesis-parent-3.3.pom
Progress (1): 741 B
Progress (1): 2.3 kB
Progress (1): 4.5 kB
Progress (1): 6.6 kB
Progress (1): 10 kB 
Progress (1): 13 kB
Progress (1): 18 kB
Progress (1): 19 kB
                   
Downloaded from central: https://repo.maven.apache.org/maven2/org/objenesis/objenesis-parent/3.3/objenesis-parent-3.3.pom (19 kB at 139 kB/s)
Downloading from central: https://repo.maven.apache.org/maven2/org/mockito/mockito-junit-jupiter/5.11.0/mockito-junit-jupiter-5.11.0.pom
Progress (1): 1.6 kB
Progress (1): 2.3 kB
                    
Downloaded from central: https://repo.maven.apache.org/maven2/org/mockito/mockito-junit-jupiter/5.11.0/mockito-junit-jupiter-5.11.0.pom (2.3 kB at 21 kB/s)
Downloading from central: https://repo.maven.apache.org/maven2/org/skyscreamer/jsonassert/1.5.3/jsonassert-1.5.3.pom
Progress (1): 1.0 kB
Progress (1): 3.5 kB
Progress (1): 7.0 kB
                    
Downloaded from central: https://repo.maven.apache.org/maven2/org/skyscreamer/jsonassert/1.5.3/jsonassert-1.5.3.pom (7.0 kB at 59 kB/s)
Downloading from central: https://repo.maven.apache.org/maven2/com/vaadin/external/google/android-json/0.0.20131108.vaadin1/android-json-0.0.20131108.vaadin1.pom
Progress (1): 1.1 kB
Progress (1): 2.8 kB
                    
Downloaded from central: https://repo.maven.apache.org/maven2/com/vaadin/external/google/android-json/0.0.20131108.vaadin1/android-json-0.0.20131108.vaadin1.pom (2.8 kB at 17 kB/s)
Downloading from central: https://repo.maven.apache.org/maven2/org/xmlunit/xmlunit-core/2.9.1/xmlunit-core-2.9.1.pom
Progress (1): 849 B
Progress (1): 2.4 kB
                    
Downloaded from central: https://repo.maven.apache.org/maven2/org/xmlunit/xmlunit-core/2.9.1/xmlunit-core-2.9.1.pom (2.4 kB at 3.7 kB/s)
Downloading from central: https://repo.maven.apache.org/maven2/org/xmlunit/xmlunit-parent/2.9.1/xmlunit-parent-2.9.1.pom
Progress (1): 781 B
Progress (1): 2.2 kB
Progress (1): 4.6 kB
Progress (1): 7.7 kB
Progress (1): 11 kB 
Progress (1): 13 kB
Progress (1): 17 kB
Progress (1): 21 kB
                   
Downloaded from central: https://repo.maven.apache.org/maven2/org/xmlunit/xmlunit-parent/2.9.1/xmlunit-parent-2.9.1.pom (21 kB at 182 kB/s)
Downloading from central: https://repo.maven.apache.org/maven2/io/projectreactor/reactor-test/3.6.10/reactor-test-3.6.10.pom
Progress (1): 1.0 kB
Progress (1): 2.1 kB
                    
Downloaded from central: https://repo.maven.apache.org/maven2/io/projectreactor/reactor-test/3.6.10/reactor-test-3.6.10.pom (2.1 kB at 15 kB/s)
Downloading from central: https://repo.maven.apache.org/maven2/org/springframework/security/spring-security-test/6.3.3/spring-security-test-6.3.3.pom
Progress (1): 1.0 kB
Progress (1): 2.7 kB
                    
Downloaded from central: https://repo.maven.apache.org/maven2/org/springframework/security/spring-security-test/6.3.3/spring-security-test-6.3.3.pom (2.7 kB at 23 kB/s)
Downloading from central: https://repo.maven.apache.org/maven2/org/testcontainers/junit-jupiter/1.19.8/junit-jupiter-1.19.8.pom
Progress (1): 1.3 kB
Progress (1): 1.5 kB
                    
Downloaded from central: https://repo.maven.apache.org/maven2/org/testcontainers/junit-jupiter/1.19.8/junit-jupiter-1.19.8.pom (1.5 kB at 14 kB/s)
Downloading from central: https://repo.maven.apache.org/maven2/org/testcontainers/testcontainers/1.19.8/testcontainers-1.19.8.pom
Progress (1): 1.3 kB
Progress (1): 2.6 kB
                    
Downloaded from central: https://repo.maven.apache.org/maven2/org/testcontainers/testcontainers/1.19.8/testcontainers-1.19.8.pom (2.6 kB at 23 kB/s)
Downloading from central: https://repo.maven.apache.org/maven2/junit/junit/4.13.2/junit-4.13.2.pom
Progress (1): 1.0 kB
Progress (1): 3.3 kB
Progress (1): 5.1 kB
Progress (1): 7.2 kB
Progress (1): 9.8 kB
Progress (1): 13 kB 
Progress (1): 16 kB
Progress (1): 21 kB
Progress (1): 26 kB
Progress (1): 27 kB
                   
Downloaded from central: https://repo.maven.apache.org/maven2/junit/junit/4.13.2/junit-4.13.2.pom (27 kB at 135 kB/s)
Downloading from central: https://repo.maven.apache.org/maven2/org/hamcrest/hamcrest-core/2.2/hamcrest-core-2.2.pom
Progress (1): 1.3 kB
Progress (1): 1.4 kB
                    
Downloaded from central: https://repo.maven.apache.org/maven2/org/hamcrest/hamcrest-core/2.2/hamcrest-core-2.2.pom (1.4 kB at 6.8 kB/s)
Downloading from central: https://repo.maven.apache.org/maven2/org/apache/commons/commons-compress/1.24.0/commons-compress-1.24.0.pom
Progress (1): 753 B
Progress (1): 1.9 kB
Progress (1): 3.5 kB
Progress (1): 6.5 kB
Progress (1): 9.4 kB
Progress (1): 11 kB 
Progress (1): 14 kB
Progress (1): 17 kB
Progress (1): 22 kB
Progress (1): 22 kB
                   
Downloaded from central: https://repo.maven.apache.org/maven2/org/apache/commons/commons-compress/1.24.0/commons-compress-1.24.0.pom (22 kB at 110 kB/s)
Downloading from central: https://repo.maven.apache.org/maven2/org/apache/commons/commons-parent/61/commons-parent-61.pom
Progress (1): 707 B
Progress (1): 1.9 kB
Progress (1): 3.1 kB
Progress (1): 4.6 kB
Progress (1): 6.6 kB
Progress (1): 8.5 kB
Progress (1): 10 kB 
Progress (1): 13 kB
Progress (1): 15 kB
Progress (1): 18 kB
Progress (1): 20 kB
Progress (1): 23 kB
Progress (1): 25 kB
Progress (1): 29 kB
Progress (1): 32 kB
Progress (1): 32 kB
Progress (1): 36 kB
Progress (1): 41 kB
Progress (1): 44 kB
Progress (1): 46 kB
Progress (1): 49 kB
Progress (1): 51 kB
Progress (1): 56 kB
Progress (1): 58 kB
Progress (1): 60 kB
Progress (1): 64 kB
Progress (1): 67 kB
Progress (1): 71 kB
Progress (1): 74 kB
Progress (1): 77 kB
Progress (1): 81 kB
                   
Downloaded from central: https://repo.maven.apache.org/maven2/org/apache/commons/commons-parent/61/commons-parent-61.pom (81 kB at 407 kB/s)
Downloading from central: https://repo.maven.apache.org/maven2/org/junit/junit-bom/5.10.0/junit-bom-5.10.0.pom
Progress (1): 913 B
Progress (1): 4.1 kB
Progress (1): 5.6 kB
                    
Downloaded from central: https://repo.maven.apache.org/maven2/org/junit/junit-bom/5.10.0/junit-bom-5.10.0.pom (5.6 kB at 43 kB/s)
Downloading from central: https://repo.maven.apache.org/maven2/org/rnorth/duct-tape/duct-tape/1.0.8/duct-tape-1.0.8.pom
Progress (1): 1.0 kB
Progress (1): 4.6 kB
Progress (1): 6.2 kB
                    
Downloaded from central: https://repo.maven.apache.org/maven2/org/rnorth/duct-tape/duct-tape/1.0.8/duct-tape-1.0.8.pom (6.2 kB at 55 kB/s)
Downloading from central: https://repo.maven.apache.org/maven2/org/jetbrains/annotations/17.0.0/annotations-17.0.0.pom
Progress (1): 1.3 kB
Progress (1): 1.4 kB
                    
Downloaded from central: https://repo.maven.apache.org/maven2/org/jetbrains/annotations/17.0.0/annotations-17.0.0.pom (1.4 kB at 11 kB/s)
Downloading from central: https://repo.maven.apache.org/maven2/com/github/docker-java/docker-java-api/3.3.6/docker-java-api-3.3.6.pom
Progress (1): 1.4 kB
Progress (1): 2.4 kB
                    
Downloaded from central: https://repo.maven.apache.org/maven2/com/github/docker-java/docker-java-api/3.3.6/docker-java-api-3.3.6.pom (2.4 kB at 19 kB/s)
Downloading from central: https://repo.maven.apache.org/maven2/com/github/docker-java/docker-java-parent/3.3.6/docker-java-parent-3.3.6.pom
Progress (1): 1.1 kB
Progress (1): 2.8 kB
Progress (1): 5.7 kB
Progress (1): 8.8 kB
Progress (1): 12 kB 
Progress (1): 12 kB
                   
Downloaded from central: https://repo.maven.apache.org/maven2/com/github/docker-java/docker-java-parent/3.3.6/docker-java-parent-3.3.6.pom (12 kB at 99 kB/s)
Downloading from central: https://repo.maven.apache.org/maven2/com/github/docker-java/docker-java-transport-zerodep/3.3.6/docker-java-transport-zerodep-3.3.6.pom
Progress (1): 1.4 kB
Progress (1): 4.1 kB
                    
Downloaded from central: https://repo.maven.apache.org/maven2/com/github/docker-java/docker-java-transport-zerodep/3.3.6/docker-java-transport-zerodep-3.3.6.pom (4.1 kB at 24 kB/s)
Downloading from central: https://repo.maven.apache.org/maven2/com/github/docker-java/docker-java-transport/3.3.6/docker-java-transport-3.3.6.pom
Progress (1): 1.4 kB
Progress (1): 1.6 kB
                    
Downloaded from central: https://repo.maven.apache.org/maven2/com/github/docker-java/docker-java-transport/3.3.6/docker-java-transport-3.3.6.pom (1.6 kB at 5.1 kB/s)
Downloading from central: https://repo.maven.apache.org/maven2/net/java/dev/jna/jna/5.13.0/jna-5.13.0.pom
Progress (1): 1.4 kB
Progress (1): 2.0 kB
                    
Downloaded from central: https://repo.maven.apache.org/maven2/net/java/dev/jna/jna/5.13.0/jna-5.13.0.pom (2.0 kB at 12 kB/s)
Downloading from central: https://repo.maven.apache.org/maven2/org/testcontainers/postgresql/1.19.8/postgresql-1.19.8.pom
Progress (1): 1.3 kB
Progress (1): 1.5 kB
                    
Downloaded from central: https://repo.maven.apache.org/maven2/org/testcontainers/postgresql/1.19.8/postgresql-1.19.8.pom (1.5 kB at 12 kB/s)
Downloading from central: https://repo.maven.apache.org/maven2/org/testcontainers/jdbc/1.19.8/jdbc-1.19.8.pom
Progress (1): 1.3 kB
Progress (1): 1.5 kB
                    
Downloaded from central: https://repo.maven.apache.org/maven2/org/testcontainers/jdbc/1.19.8/jdbc-1.19.8.pom (1.5 kB at 11 kB/s)
Downloading from central: https://repo.maven.apache.org/maven2/org/testcontainers/database-commons/1.19.8/database-commons-1.19.8.pom
Progress (1): 1.3 kB
Progress (1): 1.5 kB
                    
Downloaded from central: https://repo.maven.apache.org/maven2/org/testcontainers/database-commons/1.19.8/database-commons-1.19.8.pom (1.5 kB at 10 kB/s)
Downloading from central: https://repo.maven.apache.org/maven2/org/springframework/boot/spring-boot-starter-webflux/3.3.4/spring-boot-starter-webflux-3.3.4.jar
Progress (1): 4.8 kB
                    
Downloaded from central: https://repo.maven.apache.org/maven2/org/springframework/boot/spring-boot-starter-webflux/3.3.4/spring-boot-starter-webflux-3.3.4.jar (4.8 kB at 34 kB/s)
Downloading from central: https://repo.maven.apache.org/maven2/org/springframework/boot/spring-boot-starter/3.3.4/spring-boot-starter-3.3.4.jar
Downloading from central: https://repo.maven.apache.org/maven2/org/springframework/boot/spring-boot/3.3.4/spring-boot-3.3.4.jar
Downloading from central: https://repo.maven.apache.org/maven2/org/springframework/boot/spring-boot-autoconfigure/3.3.4/spring-boot-autoconfigure-3.3.4.jar
Downloading from central: https://repo.maven.apache.org/maven2/org/springframework/boot/spring-boot-starter-logging/3.3.4/spring-boot-starter-logging-3.3.4.jar
Downloading from central: https://repo.maven.apache.org/maven2/ch/qos/logback/logback-classic/1.5.8/logback-classic-1.5.8.jar
Progress (1): 0/1.6 MB
Progress (1): 0/1.6 MB
Progress (1): 0/1.6 MB
Progress (1): 0/1.6 MB
Progress (1): 0.1/1.6 MB
Progress (1): 0.1/1.6 MB
Progress (1): 0.1/1.6 MB
Progress (1): 0.1/1.6 MB
Progress (1): 0.1/1.6 MB
Progress (1): 0.1/1.6 MB
Progress (1): 0.2/1.6 MB
Progress (1): 0.2/1.6 MB
Progress (1): 0.2/1.6 MB
Progress (1): 0.2/1.6 MB
Progress (1): 0.2/1.6 MB
Progress (1): 0.2/1.6 MB
Progress (1): 0.3/1.6 MB
Progress (1): 0.3/1.6 MB
Progress (1): 0.3/1.6 MB
Progress (1): 0.3/1.6 MB
Progress (1): 0.3/1.6 MB
Progress (1): 0.3/1.6 MB
Progress (1): 0.4/1.6 MB
Progress (1): 0.4/1.6 MB
Progress (1): 0.4/1.6 MB
Progress (1): 0.4/1.6 MB
Progress (1): 0.4/1.6 MB
Progress (1): 0.4/1.6 MB
Progress (1): 0.5/1.6 MB
Progress (1): 0.5/1.6 MB
Progress (1): 0.5/1.6 MB
Progress (1): 0.5/1.6 MB
Progress (1): 0.5/1.6 MB
Progress (1): 0.5/1.6 MB
Progress (1): 0.5/1.6 MB
Progress (1): 0.6/1.6 MB
Progress (1): 0.6/1.6 MB
Progress (1): 0.6/1.6 MB
Progress (1): 0.6/1.6 MB
Progress (1): 0.6/1.6 MB
Progress (1): 0.6/1.6 MB
Progress (1): 0.7/1.6 MB
Progress (1): 0.7/1.6 MB
Progress (1): 0.7/1.6 MB
Progress (1): 0.7/1.6 MB
Progress (1): 0.7/1.6 MB
Progress (1): 0.7/1.6 MB
Progress (1): 0.7/1.6 MB
Progress (1): 0.8/1.6 MB
Progress (1): 0.8/1.6 MB
Progress (1): 0.8/1.6 MB
Progress (1): 0.8/1.6 MB
Progress (1): 0.8/1.6 MB
Progress (1): 0.8/1.6 MB
Progress (1): 0.9/1.6 MB
Progress (1): 0.9/1.6 MB
Progress (1): 0.9/1.6 MB
Progress (1): 0.9/1.6 MB
Progress (1): 0.9/1.6 MB
Progress (1): 0.9/1.6 MB
Progress (1): 1.0/1.6 MB
Progress (1): 1.0/1.6 MB
Progress (1): 1.0/1.6 MB
Progress (1): 1.0/1.6 MB
Progress (1): 1.0/1.6 MB
Progress (1): 1.0/1.6 MB
Progress (1): 1.1/1.6 MB
Progress (2): 1.1/1.6 MB | 0.9/305 kB
Progress (2): 1.1/1.6 MB | 0.9/305 kB
Progress (2): 1.1/1.6 MB | 2.3/305 kB
Progress (2): 1.1/1.6 MB | 3.6/305 kB
Progress (2): 1.1/1.6 MB | 3.6/305 kB
Progress (2): 1.1/1.6 MB | 3.6/305 kB
Progress (3): 1.1/1.6 MB | 3.6/305 kB | 0.9/4.8 kB
Progress (3): 1.1/1.6 MB | 3.6/305 kB | 0.9/4.8 kB
Progress (3): 1.1/1.6 MB | 3.6/305 kB | 2.3/4.8 kB
Progress (3): 1.1/1.6 MB | 3.6/305 kB | 3.6/4.8 kB
Progress (3): 1.1/1.6 MB | 3.6/305 kB | 4.8 kB    
Progress (3): 1.1/1.6 MB | 5.0/305 kB | 4.8 kB
Progress (3): 1.1/1.6 MB | 6.4/305 kB | 4.8 kB
Progress (3): 1.1/1.6 MB | 7.7/305 kB | 4.8 kB
Progress (3): 1.1/1.6 MB | 9.1/305 kB | 4.8 kB
Progress (3): 1.1/1.6 MB | 10/305 kB | 4.8 kB 
Progress (3): 1.1/1.6 MB | 12/305 kB | 4.8 kB
Progress (3): 1.1/1.6 MB | 13/305 kB | 4.8 kB
Progress (3): 1.1/1.6 MB | 15/305 kB | 4.8 kB
Progress (3): 1.1/1.6 MB | 16/305 kB | 4.8 kB
                                             
Downloaded from central: https://repo.maven.apache.org/maven2/org/springframework/boot/spring-boot-starter-logging/3.3.4/spring-boot-starter-logging-3.3.4.jar (4.8 kB at 11 kB/s)
Progress (2): 1.1/1.6 MB | 17/305 kB
                                    
Downloading from central: https://repo.maven.apache.org/maven2/ch/qos/logback/logback-core/1.5.8/logback-core-1.5.8.jar
Progress (2): 1.1/1.6 MB | 19/305 kB
Progress (2): 1.1/1.6 MB | 20/305 kB
Progress (2): 1.1/1.6 MB | 21/305 kB
Progress (2): 1.1/1.6 MB | 23/305 kB
Progress (2): 1.1/1.6 MB | 24/305 kB
Progress (2): 1.1/1.6 MB | 25/305 kB
Progress (2): 1.1/1.6 MB | 26/305 kB
Progress (2): 1.1/1.6 MB | 27/305 kB
Progress (2): 1.1/1.6 MB | 29/305 kB
Progress (2): 1.1/1.6 MB | 30/305 kB
Progress (2): 1.1/1.6 MB | 31/305 kB
Progress (2): 1.1/1.6 MB | 33/305 kB
Progress (2): 1.1/1.6 MB | 34/305 kB
Progress (2): 1.1/1.6 MB | 36/305 kB
Progress (2): 1.1/1.6 MB | 37/305 kB
Progress (2): 1.1/1.6 MB | 38/305 kB
Progress (2): 1.1/1.6 MB | 40/305 kB
Progress (2): 1.1/1.6 MB | 41/305 kB
Progress (2): 1.1/1.6 MB | 42/305 kB
Progress (2): 1.1/1.6 MB | 42/305 kB
Progress (2): 1.1/1.6 MB | 44/305 kB
Progress (2): 1.1/1.6 MB | 45/305 kB
Progress (2): 1.1/1.6 MB | 46/305 kB
Progress (2): 1.1/1.6 MB | 48/305 kB
Progress (2): 1.1/1.6 MB | 49/305 kB
Progress (2): 1.1/1.6 MB | 51/305 kB
Progress (2): 1.2/1.6 MB | 51/305 kB
Progress (2): 1.2/1.6 MB | 52/305 kB
Progress (2): 1.2/1.6 MB | 53/305 kB
Progress (2): 1.2/1.6 MB | 55/305 kB
Progress (2): 1.2/1.6 MB | 59/305 kB
Progress (2): 1.2/1.6 MB | 59/305 kB
Progress (2): 1.2/1.6 MB | 63/305 kB
Progress (2): 1.2/1.6 MB | 63/305 kB
Progress (2): 1.2/1.6 MB | 63/305 kB
Progress (2): 1.2/1.6 MB | 63/305 kB
Progress (2): 1.2/1.6 MB | 63/305 kB
Progress (2): 1.3/1.6 MB | 63/305 kB
Progress (2): 1.3/1.6 MB | 63/305 kB
Progress (2): 1.3/1.6 MB | 63/305 kB
Progress (2): 1.3/1.6 MB | 63/305 kB
Progress (2): 1.3/1.6 MB | 63/305 kB
Progress (2): 1.3/1.6 MB | 63/305 kB
Progress (2): 1.4/1.6 MB | 63/305 kB
Progress (2): 1.4/1.6 MB | 63/305 kB
Progress (2): 1.4/1.6 MB | 63/305 kB
Progress (2): 1.4/1.6 MB | 63/305 kB
Progress (2): 1.4/1.6 MB | 63/305 kB
Progress (2): 1.4/1.6 MB | 63/305 kB
Progress (2): 1.5/1.6 MB | 63/305 kB
Progress (2): 1.5/1.6 MB | 63/305 kB
Progress (2): 1.5/1.6 MB | 63/305 kB
Progress (2): 1.5/1.6 MB | 63/305 kB
Progress (3): 1.5/1.6 MB | 63/305 kB | 1.4/4.8 kB
Progress (3): 1.5/1.6 MB | 63/305 kB | 2.7/4.8 kB
Progress (3): 1.5/1.6 MB | 63/305 kB | 4.1/4.8 kB
Progress (3): 1.5/1.6 MB | 63/305 kB | 4.8 kB    
Progress (3): 1.5/1.6 MB | 63/305 kB | 4.8 kB
Progress (3): 1.5/1.6 MB | 63/305 kB | 4.8 kB
                                             
Downloaded from central: https://repo.maven.apache.org/maven2/org/springframework/boot/spring-boot-starter/3.3.4/spring-boot-starter-3.3.4.jar (4.8 kB at 10 kB/s)
Downloading from central: https://repo.maven.apache.org/maven2/org/apache/logging/log4j/log4j-to-slf4j/2.23.1/log4j-to-slf4j-2.23.1.jar
Progress (2): 1.6/1.6 MB | 63/305 kB
Progress (2): 1.6/1.6 MB | 63/305 kB
Progress (2): 1.6/1.6 MB | 63/305 kB
Progress (2): 1.6/1.6 MB | 63/305 kB
Progress (2): 1.6/1.6 MB | 63/305 kB
Progress (2): 1.6 MB | 63/305 kB    
                                
Downloaded from central: https://repo.maven.apache.org/maven2/org/springframework/boot/spring-boot/3.3.4/spring-boot-3.3.4.jar (1.6 MB at 3.4 MB/s)
Downloading from central: https://repo.maven.apache.org/maven2/org/apache/logging/log4j/log4j-api/2.23.1/log4j-api-2.23.1.jar
Progress (2): 63/305 kB | 0/2.0 MB
Progress (2): 63/305 kB | 0/2.0 MB
Progress (2): 63/305 kB | 0/2.0 MB
Progress (2): 63/305 kB | 0/2.0 MB
Progress (2): 63/305 kB | 0/2.0 MB
Progress (2): 63/305 kB | 0/2.0 MB
Progress (2): 63/305 kB | 0/2.0 MB
Progress (2): 63/305 kB | 0/2.0 MB
Progress (2): 63/305 kB | 0/2.0 MB
Progress (2): 63/305 kB | 0/2.0 MB
Progress (2): 63/305 kB | 0/2.0 MB
Progress (2): 63/305 kB | 0/2.0 MB
Progress (2): 63/305 kB | 0/2.0 MB
Progress (2): 63/305 kB | 0/2.0 MB
Progress (2): 63/305 kB | 0/2.0 MB
Progress (2): 63/305 kB | 0/2.0 MB
Progress (2): 63/305 kB | 0/2.0 MB
Progress (2): 63/305 kB | 0/2.0 MB
Progress (2): 63/305 kB | 0/2.0 MB
Progress (2): 63/305 kB | 0/2.0 MB
Progress (2): 63/305 kB | 0/2.0 MB
Progress (2): 63/305 kB | 0/2.0 MB
Progress (2): 63/305 kB | 0/2.0 MB
Progress (2): 63/305 kB | 0/2.0 MB
Progress (2): 63/305 kB | 0/2.0 MB
Progress (2): 67/305 kB | 0/2.0 MB
Progress (2): 72/305 kB | 0/2.0 MB
Progress (2): 72/305 kB | 0/2.0 MB
Progress (2): 72/305 kB | 0/2.0 MB
Progress (2): 76/305 kB | 0/2.0 MB
Progress (2): 76/305 kB | 0/2.0 MB
Progress (2): 76/305 kB | 0/2.0 MB
Progress (2): 76/305 kB | 0/2.0 MB
Progress (2): 80/305 kB | 0/2.0 MB
Progress (2): 84/305 kB | 0/2.0 MB
Progress (2): 89/305 kB | 0/2.0 MB
Progress (2): 93/305 kB | 0/2.0 MB
Progress (2): 93/305 kB | 0/2.0 MB
Progress (2): 93/305 kB | 0/2.0 MB
Progress (2): 93/305 kB | 0/2.0 MB
Progress (2): 93/305 kB | 0/2.0 MB
Progress (2): 93/305 kB | 0/2.0 MB
Progress (2): 93/305 kB | 0/2.0 MB
Progress (2): 93/305 kB | 0.1/2.0 MB
Progress (2): 97/305 kB | 0.1/2.0 MB
Progress (2): 101/305 kB | 0.1/2.0 MB
Progress (2): 105/305 kB | 0.1/2.0 MB
Progress (2): 105/305 kB | 0.1/2.0 MB
Progress (2): 105/305 kB | 0.1/2.0 MB
Progress (2): 105/305 kB | 0.1/2.0 MB
Progress (2): 105/305 kB | 0.1/2.0 MB
Progress (2): 110/305 kB | 0.1/2.0 MB
Progress (2): 110/305 kB | 0.1/2.0 MB
Progress (2): 114/305 kB | 0.1/2.0 MB
Progress (2): 118/305 kB | 0.1/2.0 MB
Progress (2): 122/305 kB | 0.1/2.0 MB
Progress (2): 127/305 kB | 0.1/2.0 MB
Progress (3): 127/305 kB | 0.1/2.0 MB | 0.9/619 kB
Progress (3): 127/305 kB | 0.1/2.0 MB | 2.3/619 kB
Progress (3): 127/305 kB | 0.1/2.0 MB | 3.6/619 kB
Progress (3): 127/305 kB | 0.1/2.0 MB | 5.0/619 kB
Progress (3): 127/305 kB | 0.1/2.0 MB | 6.4/619 kB
Progress (3): 127/305 kB | 0.1/2.0 MB | 7.7/619 kB
Progress (3): 127/305 kB | 0.1/2.0 MB | 9.1/619 kB
Progress (3): 127/305 kB | 0.1/2.0 MB | 10/619 kB 
Progress (3): 127/305 kB | 0.1/2.0 MB | 12/619 kB
Progress (3): 127/305 kB | 0.1/2.0 MB | 13/619 kB
Progress (3): 127/305 kB | 0.1/2.0 MB | 14/619 kB
Progress (3): 127/305 kB | 0.1/2.0 MB | 16/619 kB
Progress (3): 127/305 kB | 0.1/2.0 MB | 17/619 kB
Progress (3): 127/305 kB | 0.1/2.0 MB | 18/619 kB
Progress (3): 127/305 kB | 0.1/2.0 MB | 20/619 kB
Progress (3): 127/305 kB | 0.1/2.0 MB | 21/619 kB
Progress (3): 127/305 kB | 0.1/2.0 MB | 22/619 kB
Progress (3): 127/305 kB | 0.1/2.0 MB | 24/619 kB
Progress (3): 127/305 kB | 0.1/2.0 MB | 25/619 kB
Progress (3): 127/305 kB | 0.1/2.0 MB | 27/619 kB
Progress (3): 127/305 kB | 0.1/2.0 MB | 28/619 kB
Progress (3): 127/305 kB | 0.1/2.0 MB | 29/619 kB
Progress (3): 127/305 kB | 0.1/2.0 MB | 31/619 kB
Progress (3): 127/305 kB | 0.1/2.0 MB | 32/619 kB
Progress (3): 127/305 kB | 0.1/2.0 MB | 33/619 kB
Progress (3): 127/305 kB | 0.1/2.0 MB | 35/619 kB
Progress (3): 127/305 kB | 0.1/2.0 MB | 36/619 kB
Progress (3): 127/305 kB | 0.1/2.0 MB | 38/619 kB
Progress (3): 127/305 kB | 0.1/2.0 MB | 39/619 kB
Progress (3): 127/305 kB | 0.1/2.0 MB | 40/619 kB
Progress (3): 127/305 kB | 0.1/2.0 MB | 42/619 kB
Progress (3): 127/305 kB | 0.1/2.0 MB | 43/619 kB
Progress (3): 127/305 kB | 0.1/2.0 MB | 44/619 kB
Progress (3): 127/305 kB | 0.1/2.0 MB | 46/619 kB
Progress (3): 127/305 kB | 0.1/2.0 MB | 47/619 kB
Progress (3): 127/305 kB | 0.1/2.0 MB | 49/619 kB
Progress (3): 127/305 kB | 0.1/2.0 MB | 50/619 kB
Progress (3): 127/305 kB | 0.1/2.0 MB | 54/619 kB
Progress (3): 127/305 kB | 0.1/2.0 MB | 58/619 kB
Progress (3): 127/305 kB | 0.1/2.0 MB | 63/619 kB
Progress (3): 127/305 kB | 0.1/2.0 MB | 63/619 kB
Progress (3): 127/305 kB | 0.1/2.0 MB | 63/619 kB
Progress (3): 127/305 kB | 0.1/2.0 MB | 63/619 kB
Progress (3): 127/305 kB | 0.1/2.0 MB | 63/619 kB
Progress (3): 127/305 kB | 0.1/2.0 MB | 63/619 kB
Progress (3): 127/305 kB | 0.1/2.0 MB | 63/619 kB
Progress (3): 131/305 kB | 0.1/2.0 MB | 63/619 kB
Progress (3): 131/305 kB | 0.1/2.0 MB | 63/619 kB
Progress (3): 135/305 kB | 0.1/2.0 MB | 63/619 kB
Progress (3): 135/305 kB | 0.1/2.0 MB | 63/619 kB
Progress (4): 135/305 kB | 0.1/2.0 MB | 63/619 kB | 0.9/23 kB
Progress (4): 135/305 kB | 0.1/2.0 MB | 63/619 kB | 2.3/23 kB
Progress (4): 135/305 kB | 0.1/2.0 MB | 63/619 kB | 2.3/23 kB
Progress (4): 140/305 kB | 0.1/2.0 MB | 63/619 kB | 2.3/23 kB
Progress (4): 140/305 kB | 0.1/2.0 MB | 63/619 kB | 3.6/23 kB
Progress (4): 140/305 kB | 0.1/2.0 MB | 63/619 kB | 5.0/23 kB
Progress (4): 140/305 kB | 0.1/2.0 MB | 63/619 kB | 6.4/23 kB
Progress (4): 144/305 kB | 0.1/2.0 MB | 63/619 kB | 6.4/23 kB
Progress (4): 144/305 kB | 0.1/2.0 MB | 63/619 kB | 6.4/23 kB
Progress (4): 144/305 kB | 0.1/2.0 MB | 63/619 kB | 7.7/23 kB
Progress (4): 144/305 kB | 0.1/2.0 MB | 63/619 kB | 8.2/23 kB
Progress (4): 144/305 kB | 0.1/2.0 MB | 63/619 kB | 8.2/23 kB
Progress (4): 148/305 kB | 0.1/2.0 MB | 63/619 kB | 8.2/23 kB
Progress (4): 148/305 kB | 0.1/2.0 MB | 63/619 kB | 9.6/23 kB
Progress (4): 148/305 kB | 0.1/2.0 MB | 63/619 kB | 11/23 kB 
Progress (4): 152/305 kB | 0.1/2.0 MB | 63/619 kB | 11/23 kB
Progress (4): 152/305 kB | 0.1/2.0 MB | 63/619 kB | 11/23 kB
Progress (4): 152/305 kB | 0.1/2.0 MB | 63/619 kB | 11/23 kB
Progress (4): 152/305 kB | 0.1/2.0 MB | 63/619 kB | 12/23 kB
Progress (4): 152/305 kB | 0.1/2.0 MB | 63/619 kB | 14/23 kB
Progress (4): 152/305 kB | 0.1/2.0 MB | 63/619 kB | 15/23 kB
Progress (4): 152/305 kB | 0.1/2.0 MB | 63/619 kB | 16/23 kB
Progress (4): 152/305 kB | 0.1/2.0 MB | 63/619 kB | 18/23 kB
Progress (4): 156/305 kB | 0.1/2.0 MB | 63/619 kB | 18/23 kB
Progress (4): 156/305 kB | 0.1/2.0 MB | 63/619 kB | 18/23 kB
Progress (4): 161/305 kB | 0.1/2.0 MB | 63/619 kB | 18/23 kB
Progress (4): 161/305 kB | 0.1/2.0 MB | 63/619 kB | 18/23 kB
Progress (4): 165/305 kB | 0.1/2.0 MB | 63/619 kB | 18/23 kB
Progress (4): 165/305 kB | 0.1/2.0 MB | 63/619 kB | 19/23 kB
Progress (4): 165/305 kB | 0.1/2.0 MB | 63/619 kB | 21/23 kB
Progress (4): 165/305 kB | 0.1/2.0 MB | 63/619 kB | 22/23 kB
Progress (4): 165/305 kB | 0.1/2.0 MB | 63/619 kB | 23 kB   
                                                         
Downloaded from central: https://repo.maven.apache.org/maven2/org/apache/logging/log4j/log4j-to-slf4j/2.23.1/log4j-to-slf4j-2.23.1.jar (23 kB at 38 kB/s)
Downloading from central: https://repo.maven.apache.org/maven2/org/slf4j/jul-to-slf4j/2.0.16/jul-to-slf4j-2.0.16.jar
Progress (3): 169/305 kB | 0.1/2.0 MB | 63/619 kB
Progress (3): 169/305 kB | 0.1/2.0 MB | 63/619 kB
Progress (3): 173/305 kB | 0.1/2.0 MB | 63/619 kB
Progress (3): 173/305 kB | 0.1/2.0 MB | 63/619 kB
Progress (3): 178/305 kB | 0.1/2.0 MB | 63/619 kB
Progress (3): 182/305 kB | 0.1/2.0 MB | 63/619 kB
Progress (3): 186/305 kB | 0.1/2.0 MB | 63/619 kB
Progress (3): 190/305 kB | 0.1/2.0 MB | 63/619 kB
Progress (3): 195/305 kB | 0.1/2.0 MB | 63/619 kB
Progress (3): 195/305 kB | 0.1/2.0 MB | 67/619 kB
Progress (3): 199/305 kB | 0.1/2.0 MB | 67/619 kB
Progress (3): 203/305 kB | 0.1/2.0 MB | 67/619 kB
Progress (3): 207/305 kB | 0.1/2.0 MB | 67/619 kB
Progress (3): 211/305 kB | 0.1/2.0 MB | 67/619 kB
Progress (4): 211/305 kB | 0.1/2.0 MB | 67/619 kB | 8.2/343 kB
Progress (4): 216/305 kB | 0.1/2.0 MB | 67/619 kB | 8.2/343 kB
Progress (4): 220/305 kB | 0.1/2.0 MB | 67/619 kB | 8.2/343 kB
Progress (4): 220/305 kB | 0.1/2.0 MB | 67/619 kB | 25/343 kB 
Progress (4): 220/305 kB | 0.1/2.0 MB | 71/619 kB | 25/343 kB
Progress (4): 220/305 kB | 0.1/2.0 MB | 75/619 kB | 25/343 kB
Progress (4): 220/305 kB | 0.1/2.0 MB | 79/619 kB | 25/343 kB
Progress (4): 236/305 kB | 0.1/2.0 MB | 79/619 kB | 25/343 kB
Progress (4): 236/305 kB | 0.1/2.0 MB | 84/619 kB | 25/343 kB
Progress (4): 236/305 kB | 0.1/2.0 MB | 88/619 kB | 25/343 kB
Progress (4): 236/305 kB | 0.1/2.0 MB | 88/619 kB | 41/343 kB
Progress (4): 236/305 kB | 0.1/2.0 MB | 88/619 kB | 57/343 kB
Progress (4): 236/305 kB | 0.1/2.0 MB | 92/619 kB | 57/343 kB
Progress (4): 236/305 kB | 0.1/2.0 MB | 92/619 kB | 74/343 kB
Progress (4): 253/305 kB | 0.1/2.0 MB | 92/619 kB | 74/343 kB
Progress (4): 253/305 kB | 0.1/2.0 MB | 93/619 kB | 74/343 kB
Progress (4): 253/305 kB | 0.1/2.0 MB | 93/619 kB | 90/343 kB
Progress (4): 253/305 kB | 0.1/2.0 MB | 98/619 kB | 90/343 kB
Progress (4): 253/305 kB | 0.1/2.0 MB | 98/619 kB | 106/343 kB
Progress (4): 253/305 kB | 0.1/2.0 MB | 102/619 kB | 106/343 kB
Progress (4): 253/305 kB | 0.1/2.0 MB | 106/619 kB | 106/343 kB
Progress (4): 253/305 kB | 0.1/2.0 MB | 106/619 kB | 123/343 kB
Progress (4): 253/305 kB | 0.1/2.0 MB | 106/619 kB | 139/343 kB
Progress (4): 253/305 kB | 0.1/2.0 MB | 106/619 kB | 156/343 kB
Progress (4): 253/305 kB | 0.1/2.0 MB | 106/619 kB | 172/343 kB
Progress (4): 253/305 kB | 0.1/2.0 MB | 106/619 kB | 188/343 kB
Progress (4): 253/305 kB | 0.1/2.0 MB | 110/619 kB | 188/343 kB
Progress (4): 253/305 kB | 0.1/2.0 MB | 110/619 kB | 205/343 kB
Progress (4): 253/305 kB | 0.1/2.0 MB | 115/619 kB | 205/343 kB
Progress (4): 253/305 kB | 0.1/2.0 MB | 119/619 kB | 205/343 kB
Progress (4): 253/305 kB | 0.1/2.0 MB | 123/619 kB | 205/343 kB
Progress (4): 253/305 kB | 0.1/2.0 MB | 127/619 kB | 205/343 kB
Progress (4): 253/305 kB | 0.1/2.0 MB | 132/619 kB | 205/343 kB
Progress (4): 253/305 kB | 0.1/2.0 MB | 134/619 kB | 205/343 kB
Progress (4): 253/305 kB | 0.1/2.0 MB | 139/619 kB | 205/343 kB
Progress (4): 253/305 kB | 0.1/2.0 MB | 139/619 kB | 221/343 kB
Progress (4): 253/305 kB | 0.1/2.0 MB | 139/619 kB | 233/343 kB
Progress (4): 253/305 kB | 0.1/2.0 MB | 143/619 kB | 233/343 kB
Progress (4): 253/305 kB | 0.1/2.0 MB | 143/619 kB | 250/343 kB
Progress (4): 253/305 kB | 0.1/2.0 MB | 147/619 kB | 250/343 kB
Progress (4): 253/305 kB | 0.1/2.0 MB | 147/619 kB | 266/343 kB
Progress (4): 253/305 kB | 0.1/2.0 MB | 147/619 kB | 282/343 kB
Progress (4): 253/305 kB | 0.1/2.0 MB | 151/619 kB | 282/343 kB
Progress (4): 253/305 kB | 0.1/2.0 MB | 151/619 kB | 299/343 kB
Progress (4): 253/305 kB | 0.1/2.0 MB | 156/619 kB | 299/343 kB
Progress (4): 253/305 kB | 0.1/2.0 MB | 156/619 kB | 315/343 kB
Progress (4): 253/305 kB | 0.1/2.0 MB | 156/619 kB | 331/343 kB
Progress (4): 253/305 kB | 0.1/2.0 MB | 156/619 kB | 331/343 kB
Progress (4): 253/305 kB | 0.1/2.0 MB | 160/619 kB | 331/343 kB
Progress (4): 253/305 kB | 0.1/2.0 MB | 164/619 kB | 331/343 kB
Progress (4): 253/305 kB | 0.1/2.0 MB | 168/619 kB | 331/343 kB
Progress (4): 253/305 kB | 0.1/2.0 MB | 168/619 kB | 331/343 kB
Progress (4): 253/305 kB | 0.1/2.0 MB | 168/619 kB | 343 kB    
                                                           
Downloaded from central: https://repo.maven.apache.org/maven2/org/apache/logging/log4j/log4j-api/2.23.1/log4j-api-2.23.1.jar (343 kB at 521 kB/s)
Progress (3): 253/305 kB | 0.1/2.0 MB | 172/619 kB
                                                  
Downloading from central: https://repo.maven.apache.org/maven2/jakarta/annotation/jakarta.annotation-api/2.1.1/jakarta.annotation-api-2.1.1.jar
Progress (3): 253/305 kB | 0.1/2.0 MB | 177/619 kB
Progress (3): 253/305 kB | 0.1/2.0 MB | 177/619 kB
Progress (3): 253/305 kB | 0.1/2.0 MB | 181/619 kB
Progress (3): 262/305 kB | 0.1/2.0 MB | 181/619 kB
Progress (3): 262/305 kB | 0.1/2.0 MB | 181/619 kB
Progress (3): 262/305 kB | 0.1/2.0 MB | 181/619 kB
Progress (3): 262/305 kB | 0.1/2.0 MB | 181/619 kB
Progress (3): 262/305 kB | 0.2/2.0 MB | 181/619 kB
Progress (3): 279/305 kB | 0.2/2.0 MB | 181/619 kB
Progress (3): 279/305 kB | 0.2/2.0 MB | 181/619 kB
Progress (3): 279/305 kB | 0.2/2.0 MB | 181/619 kB
Progress (3): 279/305 kB | 0.2/2.0 MB | 181/619 kB
Progress (3): 279/305 kB | 0.2/2.0 MB | 181/619 kB
Progress (3): 279/305 kB | 0.2/2.0 MB | 181/619 kB
Progress (3): 279/305 kB | 0.2/2.0 MB | 181/619 kB
Progress (3): 295/305 kB | 0.2/2.0 MB | 181/619 kB
Progress (3): 295/305 kB | 0.2/2.0 MB | 181/619 kB
Progress (3): 295/305 kB | 0.2/2.0 MB | 181/619 kB
Progress (3): 305 kB | 0.2/2.0 MB | 181/619 kB    
Progress (3): 305 kB | 0.2/2.0 MB | 181/619 kB
                                              
Downloaded from central: https://repo.maven.apache.org/maven2/ch/qos/logback/logback-classic/1.5.8/logback-classic-1.5.8.jar (305 kB at 445 kB/s)
Downloading from central: https://repo.maven.apache.org/maven2/org/yaml/snakeyaml/2.2/snakeyaml-2.2.jar
Progress (2): 0.2/2.0 MB | 181/619 kB
Progress (2): 0.2/2.0 MB | 181/619 kB
Progress (2): 0.2/2.0 MB | 181/619 kB
Progress (2): 0.2/2.0 MB | 181/619 kB
Progress (2): 0.2/2.0 MB | 181/619 kB
Progress (2): 0.2/2.0 MB | 185/619 kB
Progress (2): 0.2/2.0 MB | 189/619 kB
Progress (2): 0.2/2.0 MB | 189/619 kB
Progress (2): 0.2/2.0 MB | 194/619 kB
Progress (2): 0.2/2.0 MB | 194/619 kB
Progress (2): 0.2/2.0 MB | 198/619 kB
Progress (2): 0.2/2.0 MB | 202/619 kB
Progress (2): 0.2/2.0 MB | 206/619 kB
Progress (2): 0.2/2.0 MB | 206/619 kB
Progress (2): 0.2/2.0 MB | 211/619 kB
Progress (2): 0.2/2.0 MB | 215/619 kB
Progress (2): 0.3/2.0 MB | 215/619 kB
Progress (2): 0.3/2.0 MB | 231/619 kB
Progress (2): 0.3/2.0 MB | 248/619 kB
Progress (2): 0.3/2.0 MB | 264/619 kB
Progress (2): 0.3/2.0 MB | 265/619 kB
Progress (2): 0.3/2.0 MB | 282/619 kB
Progress (2): 0.3/2.0 MB | 282/619 kB
Progress (2): 0.3/2.0 MB | 298/619 kB
Progress (2): 0.3/2.0 MB | 315/619 kB
Progress (2): 0.3/2.0 MB | 315/619 kB
Progress (2): 0.3/2.0 MB | 331/619 kB
Progress (2): 0.3/2.0 MB | 331/619 kB
Progress (2): 0.3/2.0 MB | 347/619 kB
Progress (3): 0.3/2.0 MB | 347/619 kB | 1.4/6.4 kB
Progress (3): 0.3/2.0 MB | 347/619 kB | 2.7/6.4 kB
Progress (3): 0.3/2.0 MB | 347/619 kB | 4.1/6.4 kB
Progress (3): 0.3/2.0 MB | 347/619 kB | 5.5/6.4 kB
Progress (3): 0.3/2.0 MB | 347/619 kB | 6.4 kB    
Progress (3): 0.3/2.0 MB | 364/619 kB | 6.4 kB
                                              
Downloaded from central: https://repo.maven.apache.org/maven2/org/slf4j/jul-to-slf4j/2.0.16/jul-to-slf4j-2.0.16.jar (6.4 kB at 8.3 kB/s)
Downloading from central: https://repo.maven.apache.org/maven2/org/springframework/boot/spring-boot-starter-json/3.3.4/spring-boot-starter-json-3.3.4.jar
Progress (2): 0.3/2.0 MB | 364/619 kB
Progress (2): 0.3/2.0 MB | 380/619 kB
Progress (2): 0.3/2.0 MB | 380/619 kB
Progress (2): 0.3/2.0 MB | 397/619 kB
Progress (2): 0.3/2.0 MB | 397/619 kB
Progress (2): 0.3/2.0 MB | 413/619 kB
Progress (3): 0.3/2.0 MB | 413/619 kB | 7.7/334 kB
Progress (3): 0.3/2.0 MB | 413/619 kB | 8.2/334 kB
Progress (4): 0.3/2.0 MB | 413/619 kB | 8.2/334 kB | 8.2/26 kB
Progress (4): 0.3/2.0 MB | 413/619 kB | 8.2/334 kB | 25/26 kB 
Progress (4): 0.3/2.0 MB | 413/619 kB | 8.2/334 kB | 26 kB   
Progress (4): 0.3/2.0 MB | 413/619 kB | 25/334 kB | 26 kB 
Progress (4): 0.3/2.0 MB | 429/619 kB | 25/334 kB | 26 kB
Progress (4): 0.4/2.0 MB | 429/619 kB | 25/334 kB | 26 kB
                                                         
Downloaded from central: https://repo.maven.apache.org/maven2/jakarta/annotation/jakarta.annotation-api/2.1.1/jakarta.annotation-api-2.1.1.jar (26 kB at 33 kB/s)
Downloading from central: https://repo.maven.apache.org/maven2/com/fasterxml/jackson/datatype/jackson-datatype-jdk8/2.17.2/jackson-datatype-jdk8-2.17.2.jar
Progress (3): 0.4/2.0 MB | 429/619 kB | 41/334 kB
Progress (3): 0.4/2.0 MB | 446/619 kB | 41/334 kB
Progress (3): 0.4/2.0 MB | 462/619 kB | 41/334 kB
Progress (3): 0.4/2.0 MB | 462/619 kB | 41/334 kB
Progress (3): 0.4/2.0 MB | 462/619 kB | 57/334 kB
Progress (3): 0.4/2.0 MB | 478/619 kB | 57/334 kB
Progress (3): 0.4/2.0 MB | 478/619 kB | 74/334 kB
Progress (3): 0.4/2.0 MB | 478/619 kB | 74/334 kB
Progress (3): 0.4/2.0 MB | 495/619 kB | 74/334 kB
Progress (3): 0.4/2.0 MB | 495/619 kB | 74/334 kB
Progress (3): 0.4/2.0 MB | 495/619 kB | 90/334 kB
Progress (3): 0.4/2.0 MB | 495/619 kB | 90/334 kB
Progress (3): 0.4/2.0 MB | 511/619 kB | 90/334 kB
Progress (3): 0.4/2.0 MB | 511/619 kB | 106/334 kB
Progress (3): 0.4/2.0 MB | 511/619 kB | 123/334 kB
Progress (3): 0.4/2.0 MB | 511/619 kB | 139/334 kB
Progress (3): 0.4/2.0 MB | 511/619 kB | 139/334 kB
Progress (3): 0.4/2.0 MB | 511/619 kB | 156/334 kB
Progress (3): 0.4/2.0 MB | 528/619 kB | 156/334 kB
Progress (3): 0.5/2.0 MB | 528/619 kB | 156/334 kB
Progress (3): 0.5/2.0 MB | 528/619 kB | 172/334 kB
Progress (3): 0.5/2.0 MB | 544/619 kB | 172/334 kB
Progress (3): 0.5/2.0 MB | 544/619 kB | 188/334 kB
Progress (3): 0.5/2.0 MB | 544/619 kB | 188/334 kB
Progress (3): 0.5/2.0 MB | 544/619 kB | 205/334 kB
Progress (3): 0.5/2.0 MB | 560/619 kB | 205/334 kB
Progress (3): 0.5/2.0 MB | 560/619 kB | 205/334 kB
Progress (3): 0.5/2.0 MB | 560/619 kB | 221/334 kB
Progress (3): 0.5/2.0 MB | 560/619 kB | 221/334 kB
Progress (3): 0.5/2.0 MB | 577/619 kB | 221/334 kB
Progress (3): 0.5/2.0 MB | 577/619 kB | 238/334 kB
Progress (3): 0.5/2.0 MB | 577/619 kB | 238/334 kB
Progress (3): 0.5/2.0 MB | 577/619 kB | 254/334 kB
Progress (3): 0.5/2.0 MB | 593/619 kB | 254/334 kB
Progress (3): 0.5/2.0 MB | 593/619 kB | 254/334 kB
Progress (3): 0.5/2.0 MB | 610/619 kB | 254/334 kB
Progress (3): 0.6/2.0 MB | 610/619 kB | 254/334 kB
Progress (3): 0.6/2.0 MB | 619 kB | 254/334 kB    
                                              
Downloaded from central: https://repo.maven.apache.org/maven2/ch/qos/logback/logback-core/1.5.8/logback-core-1.5.8.jar (619 kB at 736 kB/s)
Progress (2): 0.6/2.0 MB | 254/334 kB
                                     
Downloading from central: https://repo.maven.apache.org/maven2/com/fasterxml/jackson/datatype/jackson-datatype-jsr310/2.17.2/jackson-datatype-jsr310-2.17.2.jar
Progress (2): 0.6/2.0 MB | 254/334 kB
Progress (2): 0.6/2.0 MB | 254/334 kB
Progress (2): 0.6/2.0 MB | 254/334 kB
Progress (2): 0.6/2.0 MB | 254/334 kB
Progress (2): 0.6/2.0 MB | 270/334 kB
Progress (2): 0.7/2.0 MB | 270/334 kB
Progress (2): 0.7/2.0 MB | 287/334 kB
Progress (2): 0.7/2.0 MB | 287/334 kB
Progress (2): 0.7/2.0 MB | 303/334 kB
Progress (2): 0.7/2.0 MB | 303/334 kB
Progress (2): 0.7/2.0 MB | 319/334 kB
Progress (2): 0.7/2.0 MB | 319/334 kB
Progress (2): 0.7/2.0 MB | 334 kB    
                                 
Downloaded from central: https://repo.maven.apache.org/maven2/org/yaml/snakeyaml/2.2/snakeyaml-2.2.jar (334 kB at 384 kB/s)
Downloading from central: https://repo.maven.apache.org/maven2/com/fasterxml/jackson/module/jackson-module-parameter-names/2.17.2/jackson-module-parameter-names-2.17.2.jar
Progress (1): 0.7/2.0 MB
Progress (1): 0.7/2.0 MB
Progress (1): 0.8/2.0 MB
Progress (1): 0.8/2.0 MB
Progress (1): 0.8/2.0 MB
Progress (1): 0.8/2.0 MB
Progress (1): 0.8/2.0 MB
Progress (1): 0.8/2.0 MB
Progress (1): 0.9/2.0 MB
Progress (1): 0.9/2.0 MB
Progress (2): 0.9/2.0 MB | 0.9/4.7 kB
Progress (2): 0.9/2.0 MB | 2.3/4.7 kB
Progress (2): 0.9/2.0 MB | 3.6/4.7 kB
Progress (2): 0.9/2.0 MB | 4.7 kB    
                                 
Downloaded from central: https://repo.maven.apache.org/maven2/org/springframework/boot/spring-boot-starter-json/3.3.4/spring-boot-starter-json-3.3.4.jar (4.7 kB at 5.3 kB/s)
Downloading from central: https://repo.maven.apache.org/maven2/org/springframework/boot/spring-boot-starter-reactor-netty/3.3.4/spring-boot-starter-reactor-netty-3.3.4.jar
Progress (1): 0.9/2.0 MB
Progress (1): 0.9/2.0 MB
Progress (2): 0.9/2.0 MB | 7.7/36 kB
Progress (2): 0.9/2.0 MB | 16/36 kB 
Progress (2): 0.9/2.0 MB | 16/36 kB
Progress (2): 0.9/2.0 MB | 32/36 kB
Progress (2): 0.9/2.0 MB | 32/36 kB
Progress (2): 0.9/2.0 MB | 36 kB   
                                
Downloaded from central: https://repo.maven.apache.org/maven2/com/fasterxml/jackson/datatype/jackson-datatype-jdk8/2.17.2/jackson-datatype-jdk8-2.17.2.jar (36 kB at 40 kB/s)
Downloading from central: https://repo.maven.apache.org/maven2/io/projectreactor/netty/reactor-netty-http/1.1.22/reactor-netty-http-1.1.22.jar
Progress (1): 1.0/2.0 MB
Progress (1): 1.0/2.0 MB
Progress (1): 1.0/2.0 MB
Progress (1): 1.0/2.0 MB
Progress (1): 1.0/2.0 MB
Progress (1): 1.0/2.0 MB
Progress (1): 1.0/2.0 MB
Progress (1): 1.1/2.0 MB
Progress (1): 1.1/2.0 MB
Progress (1): 1.1/2.0 MB
Progress (1): 1.1/2.0 MB
Progress (1): 1.1/2.0 MB
Progress (1): 1.1/2.0 MB
Progress (1): 1.2/2.0 MB
Progress (1): 1.2/2.0 MB
Progress (1): 1.2/2.0 MB
Progress (1): 1.2/2.0 MB
Progress (1): 1.2/2.0 MB
Progress (2): 1.2/2.0 MB | 7.7/132 kB
Progress (2): 1.2/2.0 MB | 16/132 kB 
Progress (2): 1.2/2.0 MB | 32/132 kB
Progress (2): 1.2/2.0 MB | 49/132 kB
Progress (2): 1.2/2.0 MB | 49/132 kB
Progress (2): 1.3/2.0 MB | 49/132 kB
Progress (2): 1.3/2.0 MB | 65/132 kB
Progress (2): 1.3/2.0 MB | 65/132 kB
Progress (2): 1.3/2.0 MB | 81/132 kB
Progress (2): 1.3/2.0 MB | 81/132 kB
Progress (2): 1.3/2.0 MB | 98/132 kB
Progress (2): 1.3/2.0 MB | 114/132 kB
Progress (2): 1.3/2.0 MB | 131/132 kB
Progress (2): 1.3/2.0 MB | 132 kB    
                                 
Downloaded from central: https://repo.maven.apache.org/maven2/com/fasterxml/jackson/datatype/jackson-datatype-jsr310/2.17.2/jackson-datatype-jsr310-2.17.2.jar (132 kB at 137 kB/s)
Downloading from central: https://repo.maven.apache.org/maven2/io/netty/netty-codec-http/4.1.113.Final/netty-codec-http-4.1.113.Final.jar
Progress (1): 1.3/2.0 MB
Progress (1): 1.3/2.0 MB
Progress (1): 1.3/2.0 MB
Progress (1): 1.4/2.0 MB
Progress (1): 1.4/2.0 MB
Progress (1): 1.4/2.0 MB
Progress (1): 1.4/2.0 MB
Progress (1): 1.4/2.0 MB
Progress (2): 1.4/2.0 MB | 7.7/10 kB
Progress (2): 1.4/2.0 MB | 10 kB    
Progress (2): 1.4/2.0 MB | 10 kB
                                
Downloaded from central: https://repo.maven.apache.org/maven2/com/fasterxml/jackson/module/jackson-module-parameter-names/2.17.2/jackson-module-parameter-names-2.17.2.jar (10 kB at 11 kB/s)
Downloading from central: https://repo.maven.apache.org/maven2/io/netty/netty-codec-http2/4.1.113.Final/netty-codec-http2-4.1.113.Final.jar
Progress (1): 1.5/2.0 MB
Progress (1): 1.5/2.0 MB
Progress (1): 1.5/2.0 MB
Progress (1): 1.5/2.0 MB
Progress (1): 1.5/2.0 MB
Progress (1): 1.5/2.0 MB
Progress (1): 1.6/2.0 MB
Progress (1): 1.6/2.0 MB
Progress (1): 1.6/2.0 MB
Progress (1): 1.6/2.0 MB
Progress (1): 1.6/2.0 MB
Progress (1): 1.6/2.0 MB
Progress (1): 1.7/2.0 MB
Progress (1): 1.7/2.0 MB
Progress (1): 1.7/2.0 MB
Progress (1): 1.7/2.0 MB
Progress (1): 1.7/2.0 MB
Progress (1): 1.7/2.0 MB
Progress (1): 1.8/2.0 MB
Progress (1): 1.8/2.0 MB
Progress (1): 1.8/2.0 MB
Progress (1): 1.8/2.0 MB
Progress (1): 1.8/2.0 MB
Progress (1): 1.8/2.0 MB
Progress (1): 1.9/2.0 MB
Progress (1): 1.9/2.0 MB
Progress (1): 1.9/2.0 MB
Progress (1): 1.9/2.0 MB
Progress (1): 1.9/2.0 MB
Progress (1): 1.9/2.0 MB
Progress (1): 1.9/2.0 MB
Progress (1): 2.0 MB    
                    
Downloaded from central: https://repo.maven.apache.org/maven2/org/springframework/boot/spring-boot-autoconfigure/3.3.4/spring-boot-autoconfigure-3.3.4.jar (2.0 MB at 1.9 MB/s)
Downloading from central: https://repo.maven.apache.org/maven2/org/springframework/spring-web/6.1.13/spring-web-6.1.13.jar
Progress (1): 0.9/4.8 kB
Progress (1): 2.3/4.8 kB
Progress (1): 3.6/4.8 kB
Progress (1): 4.8 kB    
                    
Downloaded from central: https://repo.maven.apache.org/maven2/org/springframework/boot/spring-boot-starter-reactor-netty/3.3.4/spring-boot-starter-reactor-netty-3.3.4.jar (4.8 kB at 4.7 kB/s)
Downloading from central: https://repo.maven.apache.org/maven2/org/springframework/spring-beans/6.1.13/spring-beans-6.1.13.jar
Progress (1): 7.7/480 kB
Progress (1): 16/480 kB 
Progress (1): 32/480 kB
Progress (1): 49/480 kB
Progress (1): 65/480 kB
Progress (1): 81/480 kB
Progress (1): 98/480 kB
Progress (1): 114/480 kB
Progress (1): 131/480 kB
Progress (1): 147/480 kB
Progress (1): 163/480 kB
Progress (1): 180/480 kB
Progress (1): 196/480 kB
Progress (1): 212/480 kB
Progress (1): 229/480 kB
Progress (1): 229/480 kB
Progress (1): 246/480 kB
Progress (1): 262/480 kB
Progress (1): 279/480 kB
Progress (1): 295/480 kB
Progress (1): 311/480 kB
Progress (1): 328/480 kB
Progress (1): 344/480 kB
Progress (1): 360/480 kB
Progress (1): 377/480 kB
Progress (1): 393/480 kB
Progress (1): 410/480 kB
Progress (1): 426/480 kB
Progress (1): 442/480 kB
Progress (1): 459/480 kB
Progress (1): 475/480 kB
Progress (1): 480 kB    
                    
Downloaded from central: https://repo.maven.apache.org/maven2/io/projectreactor/netty/reactor-netty-http/1.1.22/reactor-netty-http-1.1.22.jar (480 kB at 451 kB/s)
Downloading from central: https://repo.maven.apache.org/maven2/io/micrometer/micrometer-observation/1.13.4/micrometer-observation-1.13.4.jar
Progress (1): 7.7/668 kB
Progress (1): 12/668 kB 
Progress (1): 28/668 kB
Progress (1): 44/668 kB
Progress (1): 61/668 kB
Progress (2): 61/668 kB | 3.4/490 kB
Progress (2): 77/668 kB | 3.4/490 kB
Progress (2): 77/668 kB | 20/490 kB 
Progress (2): 93/668 kB | 20/490 kB
Progress (2): 93/668 kB | 28/490 kB
Progress (2): 93/668 kB | 44/490 kB
Progress (2): 93/668 kB | 61/490 kB
Progress (2): 110/668 kB | 61/490 kB
Progress (2): 110/668 kB | 69/490 kB
Progress (2): 126/668 kB | 69/490 kB
Progress (2): 126/668 kB | 85/490 kB
Progress (2): 126/668 kB | 93/490 kB
Progress (2): 126/668 kB | 102/490 kB
Progress (2): 143/668 kB | 102/490 kB
Progress (2): 143/668 kB | 118/490 kB
Progress (2): 143/668 kB | 134/490 kB
Progress (2): 159/668 kB | 134/490 kB
Progress (2): 159/668 kB | 151/490 kB
Progress (2): 175/668 kB | 151/490 kB
Progress (2): 175/668 kB | 167/490 kB
Progress (2): 175/668 kB | 180/490 kB
Progress (2): 175/668 kB | 184/490 kB
Progress (2): 192/668 kB | 184/490 kB
Progress (2): 208/668 kB | 184/490 kB
Progress (2): 208/668 kB | 200/490 kB
Progress (2): 208/668 kB | 216/490 kB
Progress (2): 225/668 kB | 216/490 kB
Progress (2): 225/668 kB | 233/490 kB
Progress (2): 225/668 kB | 249/490 kB
Progress (2): 225/668 kB | 266/490 kB
Progress (2): 241/668 kB | 266/490 kB
Progress (2): 241/668 kB | 282/490 kB
Progress (2): 257/668 kB | 282/490 kB
Progress (2): 257/668 kB | 298/490 kB
Progress (2): 274/668 kB | 298/490 kB
Progress (2): 274/668 kB | 311/490 kB
Progress (2): 274/668 kB | 328/490 kB
Progress (2): 290/668 kB | 328/490 kB
Progress (2): 306/668 kB | 328/490 kB
Progress (2): 306/668 kB | 344/490 kB
Progress (2): 306/668 kB | 360/490 kB
Progress (2): 323/668 kB | 360/490 kB
Progress (2): 323/668 kB | 377/490 kB
Progress (2): 323/668 kB | 393/490 kB
Progress (2): 339/668 kB | 393/490 kB
Progress (2): 356/668 kB | 393/490 kB
Progress (2): 356/668 kB | 410/490 kB
Progress (2): 356/668 kB | 426/490 kB
Progress (2): 372/668 kB | 426/490 kB
Progress (2): 388/668 kB | 426/490 kB
Progress (2): 405/668 kB | 426/490 kB
Progress (2): 405/668 kB | 442/490 kB
Progress (2): 405/668 kB | 459/490 kB
Progress (2): 421/668 kB | 459/490 kB
Progress (2): 421/668 kB | 475/490 kB
Progress (2): 421/668 kB | 490 kB    
Progress (2): 438/668 kB | 490 kB
Progress (2): 454/668 kB | 490 kB
Progress (2): 470/668 kB | 490 kB
Progress (2): 487/668 kB | 490 kB
Progress (2): 503/668 kB | 490 kB
Progress (3): 503/668 kB | 490 kB | 1.4/862 kB
Progress (3): 503/668 kB | 490 kB | 2.7/862 kB
Progress (3): 503/668 kB | 490 kB | 4.1/862 kB
                                              
Downloaded from central: https://repo.maven.apache.org/maven2/io/netty/netty-codec-http2/4.1.113.Final/netty-codec-http2-4.1.113.Final.jar (490 kB at 427 kB/s)
Downloading from central: https://repo.maven.apache.org/maven2/io/micrometer/micrometer-commons/1.13.4/micrometer-commons-1.13.4.jar
Progress (2): 519/668 kB | 4.1/862 kB
Progress (3): 519/668 kB | 4.1/862 kB | 0/1.9 MB
Progress (3): 519/668 kB | 4.1/862 kB | 0/1.9 MB
Progress (3): 519/668 kB | 8.2/862 kB | 0/1.9 MB
Progress (3): 519/668 kB | 8.2/862 kB | 0/1.9 MB
Progress (3): 519/668 kB | 12/862 kB | 0/1.9 MB 
Progress (3): 536/668 kB | 12/862 kB | 0/1.9 MB
Progress (3): 536/668 kB | 12/862 kB | 0/1.9 MB
Progress (3): 536/668 kB | 17/862 kB | 0/1.9 MB
Progress (3): 536/668 kB | 17/862 kB | 0.1/1.9 MB
Progress (3): 536/668 kB | 21/862 kB | 0.1/1.9 MB
Progress (3): 536/668 kB | 25/862 kB | 0.1/1.9 MB
Progress (3): 552/668 kB | 25/862 kB | 0.1/1.9 MB
Progress (3): 569/668 kB | 25/862 kB | 0.1/1.9 MB
Progress (3): 569/668 kB | 29/862 kB | 0.1/1.9 MB
Progress (3): 585/668 kB | 29/862 kB | 0.1/1.9 MB
Progress (3): 585/668 kB | 29/862 kB | 0.1/1.9 MB
Progress (3): 585/668 kB | 33/862 kB | 0.1/1.9 MB
Progress (3): 585/668 kB | 37/862 kB | 0.1/1.9 MB
Progress (3): 601/668 kB | 37/862 kB | 0.1/1.9 MB
Progress (3): 618/668 kB | 37/862 kB | 0.1/1.9 MB
Progress (3): 618/668 kB | 37/862 kB | 0.1/1.9 MB
Progress (3): 618/668 kB | 41/862 kB | 0.1/1.9 MB
Progress (3): 634/668 kB | 41/862 kB | 0.1/1.9 MB
Progress (3): 634/668 kB | 46/862 kB | 0.1/1.9 MB
Progress (3): 634/668 kB | 46/862 kB | 0.1/1.9 MB
Progress (3): 651/668 kB | 46/862 kB | 0.1/1.9 MB
Progress (3): 651/668 kB | 50/862 kB | 0.1/1.9 MB
Progress (3): 667/668 kB | 50/862 kB | 0.1/1.9 MB
Progress (3): 668 kB | 50/862 kB | 0.1/1.9 MB    
Progress (3): 668 kB | 50/862 kB | 0.1/1.9 MB
Progress (3): 668 kB | 50/862 kB | 0.1/1.9 MB
                                             
Downloaded from central: https://repo.maven.apache.org/maven2/io/netty/netty-codec-http/4.1.113.Final/netty-codec-http-4.1.113.Final.jar (668 kB at 565 kB/s)
Downloading from central: https://repo.maven.apache.org/maven2/org/springframework/spring-webflux/6.1.13/spring-webflux-6.1.13.jar
Progress (2): 54/862 kB | 0.1/1.9 MB
Progress (2): 58/862 kB | 0.1/1.9 MB
Progress (2): 63/862 kB | 0.1/1.9 MB
Progress (2): 63/862 kB | 0.2/1.9 MB
Progress (2): 63/862 kB | 0.2/1.9 MB
Progress (3): 63/862 kB | 0.2/1.9 MB | 7.7/72 kB
Progress (3): 63/862 kB | 0.2/1.9 MB | 7.7/72 kB
Progress (3): 63/862 kB | 0.2/1.9 MB | 16/72 kB 
Progress (3): 63/862 kB | 0.2/1.9 MB | 32/72 kB
Progress (3): 63/862 kB | 0.2/1.9 MB | 32/72 kB
Progress (3): 63/862 kB | 0.2/1.9 MB | 49/72 kB
Progress (3): 63/862 kB | 0.2/1.9 MB | 49/72 kB
Progress (3): 63/862 kB | 0.2/1.9 MB | 49/72 kB
Progress (3): 63/862 kB | 0.2/1.9 MB | 49/72 kB
Progress (3): 63/862 kB | 0.3/1.9 MB | 49/72 kB
Progress (3): 63/862 kB | 0.3/1.9 MB | 49/72 kB
Progress (3): 63/862 kB | 0.3/1.9 MB | 49/72 kB
Progress (3): 63/862 kB | 0.3/1.9 MB | 49/72 kB
Progress (3): 63/862 kB | 0.3/1.9 MB | 49/72 kB
Progress (3): 63/862 kB | 0.3/1.9 MB | 65/72 kB
Progress (3): 63/862 kB | 0.3/1.9 MB | 72 kB   
                                            
Downloaded from central: https://repo.maven.apache.org/maven2/io/micrometer/micrometer-observation/1.13.4/micrometer-observation-1.13.4.jar (72 kB at 60 kB/s)
Downloading from central: https://repo.maven.apache.org/maven2/org/springframework/boot/spring-boot-starter-security/3.3.4/spring-boot-starter-security-3.3.4.jar
Progress (2): 63/862 kB | 0.3/1.9 MB
Progress (2): 63/862 kB | 0.4/1.9 MB
Progress (2): 63/862 kB | 0.4/1.9 MB
Progress (2): 63/862 kB | 0.4/1.9 MB
Progress (2): 63/862 kB | 0.4/1.9 MB
Progress (2): 63/862 kB | 0.4/1.9 MB
Progress (2): 63/862 kB | 0.4/1.9 MB
Progress (2): 63/862 kB | 0.5/1.9 MB
Progress (2): 63/862 kB | 0.5/1.9 MB
Progress (2): 63/862 kB | 0.5/1.9 MB
Progress (2): 63/862 kB | 0.5/1.9 MB
Progress (2): 63/862 kB | 0.5/1.9 MB
Progress (2): 63/862 kB | 0.5/1.9 MB
Progress (2): 63/862 kB | 0.6/1.9 MB
Progress (2): 63/862 kB | 0.6/1.9 MB
Progress (2): 63/862 kB | 0.6/1.9 MB
Progress (2): 63/862 kB | 0.6/1.9 MB
Progress (2): 63/862 kB | 0.6/1.9 MB
Progress (2): 63/862 kB | 0.6/1.9 MB
Progress (2): 63/862 kB | 0.7/1.9 MB
Progress (2): 63/862 kB | 0.7/1.9 MB
Progress (2): 63/862 kB | 0.7/1.9 MB
Progress (2): 63/862 kB | 0.7/1.9 MB
Progress (2): 63/862 kB | 0.7/1.9 MB
Progress (2): 67/862 kB | 0.7/1.9 MB
Progress (2): 71/862 kB | 0.7/1.9 MB
Progress (2): 75/862 kB | 0.7/1.9 MB
Progress (2): 80/862 kB | 0.7/1.9 MB
Progress (2): 80/862 kB | 0.7/1.9 MB
Progress (2): 84/862 kB | 0.7/1.9 MB
Progress (2): 88/862 kB | 0.7/1.9 MB
Progress (2): 88/862 kB | 0.8/1.9 MB
Progress (2): 92/862 kB | 0.8/1.9 MB
Progress (2): 92/862 kB | 0.8/1.9 MB
Progress (2): 96/862 kB | 0.8/1.9 MB
Progress (2): 96/862 kB | 0.8/1.9 MB
Progress (2): 101/862 kB | 0.8/1.9 MB
Progress (2): 101/862 kB | 0.8/1.9 MB
Progress (2): 101/862 kB | 0.8/1.9 MB
Progress (2): 101/862 kB | 0.8/1.9 MB
Progress (2): 105/862 kB | 0.8/1.9 MB
Progress (2): 105/862 kB | 0.9/1.9 MB
Progress (3): 105/862 kB | 0.9/1.9 MB | 7.7/48 kB
Progress (3): 109/862 kB | 0.9/1.9 MB | 7.7/48 kB
Progress (3): 109/862 kB | 0.9/1.9 MB | 12/48 kB 
Progress (3): 113/862 kB | 0.9/1.9 MB | 12/48 kB
Progress (3): 113/862 kB | 0.9/1.9 MB | 12/48 kB
Progress (3): 113/862 kB | 0.9/1.9 MB | 28/48 kB
Progress (3): 113/862 kB | 0.9/1.9 MB | 28/48 kB
Progress (3): 118/862 kB | 0.9/1.9 MB | 28/48 kB
Progress (3): 118/862 kB | 0.9/1.9 MB | 28/48 kB
Progress (3): 118/862 kB | 0.9/1.9 MB | 28/48 kB
Progress (3): 118/862 kB | 0.9/1.9 MB | 44/48 kB
Progress (3): 118/862 kB | 0.9/1.9 MB | 48 kB   
Progress (3): 118/862 kB | 0.9/1.9 MB | 48 kB
                                             
Downloaded from central: https://repo.maven.apache.org/maven2/io/micrometer/micrometer-commons/1.13.4/micrometer-commons-1.13.4.jar (48 kB at 38 kB/s)
Downloading from central: https://repo.maven.apache.org/maven2/org/springframework/spring-aop/6.1.13/spring-aop-6.1.13.jar
Progress (2): 118/862 kB | 1.0/1.9 MB
Progress (2): 122/862 kB | 1.0/1.9 MB
Progress (2): 123/862 kB | 1.0/1.9 MB
Progress (2): 123/862 kB | 1.0/1.9 MB
Progress (2): 123/862 kB | 1.0/1.9 MB
Progress (2): 127/862 kB | 1.0/1.9 MB
Progress (2): 127/862 kB | 1.0/1.9 MB
Progress (2): 131/862 kB | 1.0/1.9 MB
Progress (2): 131/862 kB | 1.0/1.9 MB
Progress (2): 136/862 kB | 1.0/1.9 MB
Progress (2): 136/862 kB | 1.0/1.9 MB
Progress (2): 136/862 kB | 1.0/1.9 MB
Progress (2): 140/862 kB | 1.0/1.9 MB
Progress (2): 140/862 kB | 1.1/1.9 MB
Progress (2): 140/862 kB | 1.1/1.9 MB
Progress (2): 144/862 kB | 1.1/1.9 MB
Progress (2): 144/862 kB | 1.1/1.9 MB
Progress (2): 144/862 kB | 1.1/1.9 MB
Progress (2): 148/862 kB | 1.1/1.9 MB
Progress (2): 148/862 kB | 1.1/1.9 MB
Progress (2): 148/862 kB | 1.1/1.9 MB
Progress (2): 152/862 kB | 1.1/1.9 MB
Progress (2): 152/862 kB | 1.2/1.9 MB
Progress (2): 152/862 kB | 1.2/1.9 MB
Progress (2): 152/862 kB | 1.2/1.9 MB
Progress (2): 157/862 kB | 1.2/1.9 MB
Progress (2): 157/862 kB | 1.2/1.9 MB
Progress (2): 157/862 kB | 1.2/1.9 MB
Progress (2): 157/862 kB | 1.2/1.9 MB
Progress (2): 157/862 kB | 1.2/1.9 MB
Progress (2): 161/862 kB | 1.2/1.9 MB
Progress (2): 161/862 kB | 1.3/1.9 MB
Progress (2): 161/862 kB | 1.3/1.9 MB
Progress (2): 161/862 kB | 1.3/1.9 MB
Progress (2): 165/862 kB | 1.3/1.9 MB
Progress (2): 165/862 kB | 1.3/1.9 MB
Progress (2): 169/862 kB | 1.3/1.9 MB
Progress (2): 169/862 kB | 1.3/1.9 MB
Progress (2): 169/862 kB | 1.3/1.9 MB
Progress (2): 169/862 kB | 1.4/1.9 MB
Progress (2): 169/862 kB | 1.4/1.9 MB
Progress (2): 169/862 kB | 1.4/1.9 MB
Progress (2): 169/862 kB | 1.4/1.9 MB
Progress (2): 169/862 kB | 1.4/1.9 MB
Progress (2): 169/862 kB | 1.4/1.9 MB
Progress (2): 169/862 kB | 1.5/1.9 MB
Progress (2): 169/862 kB | 1.5/1.9 MB
Progress (2): 169/862 kB | 1.5/1.9 MB
Progress (2): 169/862 kB | 1.5/1.9 MB
Progress (2): 169/862 kB | 1.5/1.9 MB
Progress (2): 169/862 kB | 1.5/1.9 MB
Progress (2): 169/862 kB | 1.6/1.9 MB
Progress (2): 169/862 kB | 1.6/1.9 MB
Progress (2): 169/862 kB | 1.6/1.9 MB
Progress (2): 169/862 kB | 1.6/1.9 MB
Progress (2): 169/862 kB | 1.6/1.9 MB
Progress (2): 169/862 kB | 1.6/1.9 MB
Progress (2): 169/862 kB | 1.7/1.9 MB
Progress (2): 169/862 kB | 1.7/1.9 MB
Progress (2): 169/862 kB | 1.7/1.9 MB
Progress (2): 169/862 kB | 1.7/1.9 MB
Progress (2): 169/862 kB | 1.7/1.9 MB
Progress (2): 169/862 kB | 1.7/1.9 MB
Progress (2): 169/862 kB | 1.8/1.9 MB
Progress (3): 169/862 kB | 1.8/1.9 MB | 7.7/980 kB
Progress (3): 169/862 kB | 1.8/1.9 MB | 12/980 kB 
Progress (3): 169/862 kB | 1.8/1.9 MB | 28/980 kB
Progress (3): 169/862 kB | 1.8/1.9 MB | 28/980 kB
Progress (3): 169/862 kB | 1.8/1.9 MB | 44/980 kB
Progress (4): 169/862 kB | 1.8/1.9 MB | 44/980 kB | 4.7 kB
Progress (4): 169/862 kB | 1.8/1.9 MB | 44/980 kB | 4.7 kB
                                                          
Downloaded from central: https://repo.maven.apache.org/maven2/org/springframework/boot/spring-boot-starter-security/3.3.4/spring-boot-starter-security-3.3.4.jar (4.7 kB at 3.6 kB/s)
Downloading from central: https://repo.maven.apache.org/maven2/org/springframework/security/spring-security-config/6.3.3/spring-security-config-6.3.3.jar
Progress (3): 169/862 kB | 1.8/1.9 MB | 44/980 kB
Progress (3): 169/862 kB | 1.8/1.9 MB | 44/980 kB
Progress (3): 169/862 kB | 1.8/1.9 MB | 44/980 kB
Progress (3): 169/862 kB | 1.8/1.9 MB | 61/980 kB
Progress (3): 169/862 kB | 1.9/1.9 MB | 61/980 kB
Progress (3): 169/862 kB | 1.9/1.9 MB | 77/980 kB
Progress (3): 169/862 kB | 1.9/1.9 MB | 93/980 kB
Progress (3): 169/862 kB | 1.9/1.9 MB | 93/980 kB
Progress (3): 169/862 kB | 1.9/1.9 MB | 110/980 kB
Progress (3): 169/862 kB | 1.9/1.9 MB | 110/980 kB
Progress (3): 169/862 kB | 1.9/1.9 MB | 126/980 kB
Progress (3): 169/862 kB | 1.9/1.9 MB | 143/980 kB
Progress (3): 169/862 kB | 1.9 MB | 143/980 kB    
Progress (3): 186/862 kB | 1.9 MB | 143/980 kB
Progress (3): 186/862 kB | 1.9 MB | 159/980 kB
                                              
Downloaded from central: https://repo.maven.apache.org/maven2/org/springframework/spring-web/6.1.13/spring-web-6.1.13.jar (1.9 MB at 1.4 MB/s)
Downloading from central: https://repo.maven.apache.org/maven2/org/springframework/spring-context/6.1.13/spring-context-6.1.13.jar
Progress (2): 186/862 kB | 175/980 kB
Progress (2): 186/862 kB | 192/980 kB
Progress (2): 186/862 kB | 208/980 kB
Progress (2): 202/862 kB | 208/980 kB
Progress (2): 202/862 kB | 225/980 kB
Progress (2): 202/862 kB | 241/980 kB
Progress (2): 202/862 kB | 257/980 kB
Progress (2): 219/862 kB | 257/980 kB
Progress (2): 219/862 kB | 274/980 kB
Progress (2): 219/862 kB | 290/980 kB
Progress (2): 219/862 kB | 306/980 kB
Progress (2): 219/862 kB | 323/980 kB
Progress (2): 219/862 kB | 339/980 kB
Progress (2): 235/862 kB | 339/980 kB
Progress (2): 235/862 kB | 356/980 kB
Progress (2): 235/862 kB | 372/980 kB
Progress (2): 235/862 kB | 388/980 kB
Progress (2): 235/862 kB | 405/980 kB
Progress (2): 235/862 kB | 421/980 kB
Progress (2): 251/862 kB | 421/980 kB
Progress (2): 254/862 kB | 421/980 kB
Progress (2): 254/862 kB | 438/980 kB
Progress (2): 254/862 kB | 454/980 kB
Progress (2): 254/862 kB | 470/980 kB
Progress (3): 254/862 kB | 470/980 kB | 7.7/417 kB
Progress (3): 254/862 kB | 470/980 kB | 12/417 kB 
Progress (3): 254/862 kB | 470/980 kB | 28/417 kB
Progress (3): 254/862 kB | 487/980 kB | 28/417 kB
Progress (3): 254/862 kB | 487/980 kB | 44/417 kB
Progress (3): 254/862 kB | 503/980 kB | 44/417 kB
Progress (3): 270/862 kB | 503/980 kB | 44/417 kB
Progress (3): 270/862 kB | 519/980 kB | 44/417 kB
Progress (3): 270/862 kB | 519/980 kB | 61/417 kB
Progress (3): 287/862 kB | 519/980 kB | 61/417 kB
Progress (3): 287/862 kB | 536/980 kB | 61/417 kB
Progress (3): 287/862 kB | 536/980 kB | 77/417 kB
Progress (3): 287/862 kB | 552/980 kB | 77/417 kB
Progress (3): 287/862 kB | 552/980 kB | 93/417 kB
Progress (3): 303/862 kB | 552/980 kB | 93/417 kB
Progress (3): 303/862 kB | 552/980 kB | 110/417 kB
Progress (3): 303/862 kB | 569/980 kB | 110/417 kB
Progress (3): 303/862 kB | 585/980 kB | 110/417 kB
Progress (3): 303/862 kB | 585/980 kB | 126/417 kB
Progress (3): 303/862 kB | 585/980 kB | 134/417 kB
Progress (3): 303/862 kB | 601/980 kB | 134/417 kB
Progress (3): 303/862 kB | 601/980 kB | 143/417 kB
Progress (3): 319/862 kB | 601/980 kB | 143/417 kB
Progress (3): 319/862 kB | 601/980 kB | 159/417 kB
Progress (3): 319/862 kB | 601/980 kB | 167/417 kB
Progress (3): 319/862 kB | 618/980 kB | 167/417 kB
Progress (3): 319/862 kB | 618/980 kB | 184/417 kB
Progress (3): 319/862 kB | 634/980 kB | 184/417 kB
Progress (3): 319/862 kB | 634/980 kB | 200/417 kB
Progress (3): 336/862 kB | 634/980 kB | 200/417 kB
Progress (3): 336/862 kB | 634/980 kB | 216/417 kB
Progress (3): 336/862 kB | 651/980 kB | 216/417 kB
Progress (3): 352/862 kB | 651/980 kB | 216/417 kB
Progress (3): 352/862 kB | 651/980 kB | 233/417 kB
Progress (3): 352/862 kB | 667/980 kB | 233/417 kB
Progress (3): 352/862 kB | 667/980 kB | 249/417 kB
Progress (3): 352/862 kB | 667/980 kB | 266/417 kB
Progress (3): 369/862 kB | 667/980 kB | 266/417 kB
Progress (3): 369/862 kB | 667/980 kB | 282/417 kB
Progress (3): 369/862 kB | 683/980 kB | 282/417 kB
Progress (3): 369/862 kB | 683/980 kB | 298/417 kB
Progress (3): 369/862 kB | 683/980 kB | 315/417 kB
Progress (3): 369/862 kB | 700/980 kB | 315/417 kB
Progress (3): 369/862 kB | 700/980 kB | 331/417 kB
Progress (3): 369/862 kB | 700/980 kB | 347/417 kB
Progress (3): 369/862 kB | 716/980 kB | 347/417 kB
Progress (3): 369/862 kB | 716/980 kB | 364/417 kB
Progress (3): 369/862 kB | 716/980 kB | 380/417 kB
Progress (3): 385/862 kB | 716/980 kB | 380/417 kB
Progress (3): 385/862 kB | 732/980 kB | 380/417 kB
Progress (3): 385/862 kB | 749/980 kB | 380/417 kB
Progress (3): 385/862 kB | 749/980 kB | 397/417 kB
Progress (3): 401/862 kB | 749/980 kB | 397/417 kB
Progress (3): 401/862 kB | 765/980 kB | 397/417 kB
Progress (3): 401/862 kB | 765/980 kB | 413/417 kB
Progress (3): 401/862 kB | 765/980 kB | 417 kB    
Progress (3): 401/862 kB | 782/980 kB | 417 kB
Progress (3): 401/862 kB | 798/980 kB | 417 kB
                                              
Downloaded from central: https://repo.maven.apache.org/maven2/org/springframework/spring-aop/6.1.13/spring-aop-6.1.13.jar (417 kB at 298 kB/s)
Progress (2): 401/862 kB | 814/980 kB
                                     
Downloading from central: https://repo.maven.apache.org/maven2/org/springframework/security/spring-security-web/6.3.3/spring-security-web-6.3.3.jar
Progress (2): 418/862 kB | 814/980 kB
Progress (2): 418/862 kB | 831/980 kB
Progress (2): 418/862 kB | 847/980 kB
Progress (2): 434/862 kB | 847/980 kB
Progress (2): 434/862 kB | 863/980 kB
Progress (2): 434/862 kB | 880/980 kB
Progress (2): 451/862 kB | 880/980 kB
Progress (2): 451/862 kB | 896/980 kB
Progress (2): 451/862 kB | 913/980 kB
Progress (2): 451/862 kB | 929/980 kB
Progress (2): 467/862 kB | 929/980 kB
Progress (2): 467/862 kB | 945/980 kB
Progress (2): 467/862 kB | 962/980 kB
Progress (2): 467/862 kB | 978/980 kB
Progress (2): 467/862 kB | 980 kB    
Progress (2): 483/862 kB | 980 kB
                                 
Downloaded from central: https://repo.maven.apache.org/maven2/org/springframework/spring-webflux/6.1.13/spring-webflux-6.1.13.jar (980 kB at 690 kB/s)
Downloading from central: https://repo.maven.apache.org/maven2/org/springframework/spring-expression/6.1.13/spring-expression-6.1.13.jar
Progress (1): 500/862 kB
Progress (2): 500/862 kB | 0/1.9 MB
Progress (2): 500/862 kB | 0/1.9 MB
Progress (2): 516/862 kB | 0/1.9 MB
Progress (2): 516/862 kB | 0/1.9 MB
Progress (2): 516/862 kB | 0.1/1.9 MB
Progress (2): 532/862 kB | 0.1/1.9 MB
Progress (2): 532/862 kB | 0.1/1.9 MB
Progress (2): 532/862 kB | 0.1/1.9 MB
Progress (2): 532/862 kB | 0.1/1.9 MB
Progress (2): 532/862 kB | 0.1/1.9 MB
Progress (2): 532/862 kB | 0.1/1.9 MB
Progress (2): 549/862 kB | 0.1/1.9 MB
Progress (2): 549/862 kB | 0.2/1.9 MB
Progress (2): 549/862 kB | 0.2/1.9 MB
Progress (2): 549/862 kB | 0.2/1.9 MB
Progress (2): 565/862 kB | 0.2/1.9 MB
Progress (2): 565/862 kB | 0.2/1.9 MB
Progress (2): 565/862 kB | 0.2/1.9 MB
Progress (2): 565/862 kB | 0.2/1.9 MB
Progress (2): 565/862 kB | 0.2/1.9 MB
Progress (2): 565/862 kB | 0.3/1.9 MB
Progress (2): 565/862 kB | 0.3/1.9 MB
Progress (3): 565/862 kB | 0.3/1.9 MB | 0/1.3 MB
Progress (3): 565/862 kB | 0.3/1.9 MB | 0/1.3 MB
Progress (3): 565/862 kB | 0.3/1.9 MB | 0/1.3 MB
Progress (3): 565/862 kB | 0.3/1.9 MB | 0/1.3 MB
Progress (3): 565/862 kB | 0.3/1.9 MB | 0/1.3 MB
Progress (3): 565/862 kB | 0.3/1.9 MB | 0/1.3 MB
Progress (3): 565/862 kB | 0.3/1.9 MB | 0/1.3 MB
Progress (3): 582/862 kB | 0.3/1.9 MB | 0/1.3 MB
Progress (3): 582/862 kB | 0.3/1.9 MB | 0.1/1.3 MB
Progress (3): 582/862 kB | 0.3/1.9 MB | 0.1/1.3 MB
Progress (3): 582/862 kB | 0.3/1.9 MB | 0.1/1.3 MB
Progress (3): 582/862 kB | 0.4/1.9 MB | 0.1/1.3 MB
Progress (3): 582/862 kB | 0.4/1.9 MB | 0.1/1.3 MB
Progress (3): 582/862 kB | 0.4/1.9 MB | 0.1/1.3 MB
Progress (3): 598/862 kB | 0.4/1.9 MB | 0.1/1.3 MB
Progress (3): 598/862 kB | 0.4/1.9 MB | 0.1/1.3 MB
Progress (3): 598/862 kB | 0.4/1.9 MB | 0.1/1.3 MB
Progress (3): 598/862 kB | 0.4/1.9 MB | 0.1/1.3 MB
Progress (3): 598/862 kB | 0.4/1.9 MB | 0.1/1.3 MB
Progress (3): 598/862 kB | 0.4/1.9 MB | 0.1/1.3 MB
Progress (3): 598/862 kB | 0.4/1.9 MB | 0.1/1.3 MB
Progress (3): 614/862 kB | 0.4/1.9 MB | 0.1/1.3 MB
Progress (3): 614/862 kB | 0.4/1.9 MB | 0.2/1.3 MB
Progress (3): 614/862 kB | 0.4/1.9 MB | 0.2/1.3 MB
Progress (3): 614/862 kB | 0.4/1.9 MB | 0.2/1.3 MB
Progress (3): 614/862 kB | 0.5/1.9 MB | 0.2/1.3 MB
Progress (3): 614/862 kB | 0.5/1.9 MB | 0.2/1.3 MB
Progress (3): 631/862 kB | 0.5/1.9 MB | 0.2/1.3 MB
Progress (3): 631/862 kB | 0.5/1.9 MB | 0.2/1.3 MB
Progress (3): 631/862 kB | 0.5/1.9 MB | 0.2/1.3 MB
Progress (3): 631/862 kB | 0.5/1.9 MB | 0.2/1.3 MB
Progress (3): 631/862 kB | 0.5/1.9 MB | 0.2/1.3 MB
Progress (3): 647/862 kB | 0.5/1.9 MB | 0.2/1.3 MB
Progress (3): 647/862 kB | 0.5/1.9 MB | 0.2/1.3 MB
Progress (3): 664/862 kB | 0.5/1.9 MB | 0.2/1.3 MB
Progress (3): 664/862 kB | 0.5/1.9 MB | 0.2/1.3 MB
Progress (3): 664/862 kB | 0.5/1.9 MB | 0.2/1.3 MB
Progress (3): 664/862 kB | 0.5/1.9 MB | 0.2/1.3 MB
Progress (3): 680/862 kB | 0.5/1.9 MB | 0.2/1.3 MB
Progress (3): 696/862 kB | 0.5/1.9 MB | 0.2/1.3 MB
Progress (3): 713/862 kB | 0.5/1.9 MB | 0.2/1.3 MB
Progress (3): 729/862 kB | 0.5/1.9 MB | 0.2/1.3 MB
Progress (3): 733/862 kB | 0.5/1.9 MB | 0.2/1.3 MB
Progress (3): 733/862 kB | 0.6/1.9 MB | 0.2/1.3 MB
Progress (3): 733/862 kB | 0.6/1.9 MB | 0.2/1.3 MB
Progress (3): 733/862 kB | 0.6/1.9 MB | 0.2/1.3 MB
Progress (3): 733/862 kB | 0.6/1.9 MB | 0.3/1.3 MB
Progress (3): 749/862 kB | 0.6/1.9 MB | 0.3/1.3 MB
Progress (3): 749/862 kB | 0.6/1.9 MB | 0.3/1.3 MB
Progress (4): 749/862 kB | 0.6/1.9 MB | 0.3/1.3 MB | 7.7/804 kB
Progress (4): 749/862 kB | 0.6/1.9 MB | 0.3/1.3 MB | 16/804 kB 
Progress (4): 749/862 kB | 0.6/1.9 MB | 0.3/1.3 MB | 16/804 kB
Progress (4): 749/862 kB | 0.6/1.9 MB | 0.3/1.3 MB | 16/804 kB
Progress (4): 749/862 kB | 0.6/1.9 MB | 0.3/1.3 MB | 24/804 kB
Progress (4): 749/862 kB | 0.6/1.9 MB | 0.3/1.3 MB | 24/804 kB
Progress (4): 749/862 kB | 0.6/1.9 MB | 0.3/1.3 MB | 40/804 kB
Progress (4): 766/862 kB | 0.6/1.9 MB | 0.3/1.3 MB | 40/804 kB
Progress (4): 766/862 kB | 0.6/1.9 MB | 0.3/1.3 MB | 57/804 kB
Progress (4): 766/862 kB | 0.6/1.9 MB | 0.3/1.3 MB | 57/804 kB
Progress (4): 766/862 kB | 0.6/1.9 MB | 0.3/1.3 MB | 57/804 kB
Progress (4): 766/862 kB | 0.6/1.9 MB | 0.3/1.3 MB | 57/804 kB
Progress (4): 766/862 kB | 0.6/1.9 MB | 0.3/1.3 MB | 57/804 kB
Progress (4): 766/862 kB | 0.6/1.9 MB | 0.3/1.3 MB | 73/804 kB
Progress (4): 782/862 kB | 0.6/1.9 MB | 0.3/1.3 MB | 73/804 kB
Progress (4): 782/862 kB | 0.6/1.9 MB | 0.4/1.3 MB | 73/804 kB
Progress (4): 798/862 kB | 0.6/1.9 MB | 0.4/1.3 MB | 73/804 kB
Progress (4): 798/862 kB | 0.6/1.9 MB | 0.4/1.3 MB | 73/804 kB
Progress (4): 798/862 kB | 0.6/1.9 MB | 0.4/1.3 MB | 73/804 kB
Progress (4): 798/862 kB | 0.6/1.9 MB | 0.4/1.3 MB | 82/804 kB
Progress (4): 798/862 kB | 0.6/1.9 MB | 0.4/1.3 MB | 90/804 kB
Progress (4): 798/862 kB | 0.7/1.9 MB | 0.4/1.3 MB | 90/804 kB
Progress (4): 798/862 kB | 0.7/1.9 MB | 0.4/1.3 MB | 98/804 kB
Progress (4): 798/862 kB | 0.7/1.9 MB | 0.4/1.3 MB | 98/804 kB
Progress (4): 798/862 kB | 0.7/1.9 MB | 0.4/1.3 MB | 98/804 kB
Progress (4): 815/862 kB | 0.7/1.9 MB | 0.4/1.3 MB | 98/804 kB
Progress (4): 831/862 kB | 0.7/1.9 MB | 0.4/1.3 MB | 98/804 kB
Progress (4): 831/862 kB | 0.7/1.9 MB | 0.4/1.3 MB | 115/804 kB
Progress (4): 831/862 kB | 0.7/1.9 MB | 0.4/1.3 MB | 115/804 kB
Progress (4): 831/862 kB | 0.7/1.9 MB | 0.4/1.3 MB | 115/804 kB
Progress (4): 848/862 kB | 0.7/1.9 MB | 0.4/1.3 MB | 115/804 kB
Progress (4): 848/862 kB | 0.7/1.9 MB | 0.4/1.3 MB | 115/804 kB
Progress (4): 862 kB | 0.7/1.9 MB | 0.4/1.3 MB | 115/804 kB    
Progress (4): 862 kB | 0.7/1.9 MB | 0.4/1.3 MB | 115/804 kB
Progress (4): 862 kB | 0.7/1.9 MB | 0.4/1.3 MB | 115/804 kB
Progress (4): 862 kB | 0.7/1.9 MB | 0.5/1.3 MB | 115/804 kB
Progress (4): 862 kB | 0.7/1.9 MB | 0.5/1.3 MB | 131/804 kB
Progress (4): 862 kB | 0.7/1.9 MB | 0.5/1.3 MB | 131/804 kB
Progress (4): 862 kB | 0.7/1.9 MB | 0.5/1.3 MB | 131/804 kB
Progress (4): 862 kB | 0.7/1.9 MB | 0.5/1.3 MB | 131/804 kB
Progress (4): 862 kB | 0.7/1.9 MB | 0.5/1.3 MB | 131/804 kB
Progress (4): 862 kB | 0.7/1.9 MB | 0.5/1.3 MB | 131/804 kB
                                                           
Downloaded from central: https://repo.maven.apache.org/maven2/org/springframework/spring-beans/6.1.13/spring-beans-6.1.13.jar (862 kB at 560 kB/s)
Progress (3): 0.7/1.9 MB | 0.5/1.3 MB | 139/804 kB
                                                  
Downloading from central: https://repo.maven.apache.org/maven2/org/springframework/boot/spring-boot-starter-validation/3.3.4/spring-boot-starter-validation-3.3.4.jar
Progress (3): 0.7/1.9 MB | 0.5/1.3 MB | 139/804 kB
Progress (3): 0.8/1.9 MB | 0.5/1.3 MB | 139/804 kB
Progress (3): 0.8/1.9 MB | 0.5/1.3 MB | 156/804 kB
Progress (3): 0.8/1.9 MB | 0.5/1.3 MB | 164/804 kB
Progress (3): 0.8/1.9 MB | 0.5/1.3 MB | 180/804 kB
Progress (3): 0.8/1.9 MB | 0.5/1.3 MB | 180/804 kB
Progress (3): 0.8/1.9 MB | 0.5/1.3 MB | 180/804 kB
Progress (3): 0.8/1.9 MB | 0.5/1.3 MB | 197/804 kB
Progress (3): 0.8/1.9 MB | 0.6/1.3 MB | 197/804 kB
Progress (3): 0.8/1.9 MB | 0.6/1.3 MB | 197/804 kB
Progress (3): 0.8/1.9 MB | 0.6/1.3 MB | 213/804 kB
Progress (3): 0.8/1.9 MB | 0.6/1.3 MB | 213/804 kB
Progress (4): 0.8/1.9 MB | 0.6/1.3 MB | 213/804 kB | 7.7/304 kB
Progress (4): 0.8/1.9 MB | 0.6/1.3 MB | 213/804 kB | 16/304 kB 
Progress (4): 0.8/1.9 MB | 0.6/1.3 MB | 213/804 kB | 16/304 kB
Progress (4): 0.8/1.9 MB | 0.6/1.3 MB | 221/804 kB | 16/304 kB
Progress (4): 0.8/1.9 MB | 0.6/1.3 MB | 221/804 kB | 16/304 kB
Progress (4): 0.8/1.9 MB | 0.6/1.3 MB | 229/804 kB | 16/304 kB
Progress (4): 0.8/1.9 MB | 0.6/1.3 MB | 246/804 kB | 16/304 kB
Progress (4): 0.8/1.9 MB | 0.6/1.3 MB | 246/804 kB | 16/304 kB
Progress (4): 0.8/1.9 MB | 0.6/1.3 MB | 246/804 kB | 16/304 kB
Progress (4): 0.8/1.9 MB | 0.6/1.3 MB | 246/804 kB | 32/304 kB
Progress (4): 0.8/1.9 MB | 0.6/1.3 MB | 246/804 kB | 32/304 kB
Progress (4): 0.8/1.9 MB | 0.6/1.3 MB | 246/804 kB | 32/304 kB
Progress (4): 0.8/1.9 MB | 0.6/1.3 MB | 262/804 kB | 32/304 kB
Progress (4): 0.8/1.9 MB | 0.6/1.3 MB | 262/804 kB | 49/304 kB
Progress (4): 0.8/1.9 MB | 0.6/1.3 MB | 279/804 kB | 49/304 kB
Progress (4): 0.8/1.9 MB | 0.6/1.3 MB | 295/804 kB | 49/304 kB
Progress (4): 0.9/1.9 MB | 0.6/1.3 MB | 295/804 kB | 49/304 kB
Progress (4): 0.9/1.9 MB | 0.6/1.3 MB | 295/804 kB | 49/304 kB
Progress (4): 0.9/1.9 MB | 0.6/1.3 MB | 311/804 kB | 49/304 kB
Progress (4): 0.9/1.9 MB | 0.7/1.3 MB | 311/804 kB | 49/304 kB
Progress (4): 0.9/1.9 MB | 0.7/1.3 MB | 328/804 kB | 49/304 kB
Progress (4): 0.9/1.9 MB | 0.7/1.3 MB | 328/804 kB | 49/304 kB
Progress (4): 0.9/1.9 MB | 0.7/1.3 MB | 328/804 kB | 65/304 kB
Progress (4): 0.9/1.9 MB | 0.7/1.3 MB | 344/804 kB | 65/304 kB
Progress (4): 0.9/1.9 MB | 0.7/1.3 MB | 344/804 kB | 65/304 kB
Progress (4): 0.9/1.9 MB | 0.7/1.3 MB | 344/804 kB | 65/304 kB
Progress (4): 0.9/1.9 MB | 0.7/1.3 MB | 344/804 kB | 81/304 kB
Progress (4): 0.9/1.9 MB | 0.7/1.3 MB | 344/804 kB | 81/304 kB
Progress (4): 0.9/1.9 MB | 0.7/1.3 MB | 344/804 kB | 81/304 kB
Progress (4): 0.9/1.9 MB | 0.7/1.3 MB | 360/804 kB | 81/304 kB
Progress (4): 0.9/1.9 MB | 0.7/1.3 MB | 360/804 kB | 98/304 kB
Progress (4): 0.9/1.9 MB | 0.7/1.3 MB | 360/804 kB | 98/304 kB
Progress (4): 0.9/1.9 MB | 0.7/1.3 MB | 360/804 kB | 98/304 kB
Progress (4): 0.9/1.9 MB | 0.7/1.3 MB | 360/804 kB | 98/304 kB
Progress (4): 0.9/1.9 MB | 0.7/1.3 MB | 360/804 kB | 114/304 kB
Progress (4): 0.9/1.9 MB | 0.7/1.3 MB | 360/804 kB | 114/304 kB
Progress (4): 0.9/1.9 MB | 0.7/1.3 MB | 377/804 kB | 114/304 kB
Progress (4): 0.9/1.9 MB | 0.7/1.3 MB | 377/804 kB | 131/304 kB
Progress (4): 0.9/1.9 MB | 0.7/1.3 MB | 393/804 kB | 131/304 kB
Progress (4): 0.9/1.9 MB | 0.7/1.3 MB | 393/804 kB | 131/304 kB
Progress (4): 0.9/1.9 MB | 0.7/1.3 MB | 410/804 kB | 131/304 kB
Progress (4): 1.0/1.9 MB | 0.7/1.3 MB | 410/804 kB | 131/304 kB
Progress (4): 1.0/1.9 MB | 0.7/1.3 MB | 410/804 kB | 147/304 kB
Progress (4): 1.0/1.9 MB | 0.7/1.3 MB | 410/804 kB | 147/304 kB
Progress (4): 1.0/1.9 MB | 0.7/1.3 MB | 410/804 kB | 163/304 kB
Progress (4): 1.0/1.9 MB | 0.8/1.3 MB | 410/804 kB | 163/304 kB
Progress (4): 1.0/1.9 MB | 0.8/1.3 MB | 410/804 kB | 163/304 kB
Progress (4): 1.0/1.9 MB | 0.8/1.3 MB | 426/804 kB | 163/304 kB
Progress (4): 1.0/1.9 MB | 0.8/1.3 MB | 426/804 kB | 180/304 kB
Progress (4): 1.0/1.9 MB | 0.8/1.3 MB | 426/804 kB | 180/304 kB
Progress (4): 1.0/1.9 MB | 0.8/1.3 MB | 426/804 kB | 196/304 kB
Progress (4): 1.0/1.9 MB | 0.8/1.3 MB | 426/804 kB | 196/304 kB
Progress (4): 1.0/1.9 MB | 0.8/1.3 MB | 442/804 kB | 196/304 kB
Progress (4): 1.0/1.9 MB | 0.8/1.3 MB | 442/804 kB | 196/304 kB
Progress (4): 1.0/1.9 MB | 0.8/1.3 MB | 442/804 kB | 196/304 kB
Progress (4): 1.0/1.9 MB | 0.8/1.3 MB | 442/804 kB | 196/304 kB
Progress (4): 1.0/1.9 MB | 0.8/1.3 MB | 442/804 kB | 212/304 kB
Progress (4): 1.0/1.9 MB | 0.8/1.3 MB | 459/804 kB | 212/304 kB
Progress (4): 1.0/1.9 MB | 0.8/1.3 MB | 459/804 kB | 212/304 kB
Progress (4): 1.0/1.9 MB | 0.8/1.3 MB | 459/804 kB | 212/304 kB
Progress (4): 1.0/1.9 MB | 0.8/1.3 MB | 459/804 kB | 212/304 kB
Progress (4): 1.0/1.9 MB | 0.8/1.3 MB | 459/804 kB | 229/304 kB
Progress (4): 1.0/1.9 MB | 0.8/1.3 MB | 459/804 kB | 229/304 kB
Progress (4): 1.0/1.9 MB | 0.8/1.3 MB | 459/804 kB | 245/304 kB
Progress (4): 1.0/1.9 MB | 0.8/1.3 MB | 475/804 kB | 245/304 kB
Progress (4): 1.1/1.9 MB | 0.8/1.3 MB | 475/804 kB | 245/304 kB
Progress (4): 1.1/1.9 MB | 0.8/1.3 MB | 492/804 kB | 245/304 kB
Progress (4): 1.1/1.9 MB | 0.9/1.3 MB | 492/804 kB | 245/304 kB
Progress (4): 1.1/1.9 MB | 0.9/1.3 MB | 492/804 kB | 245/304 kB
Progress (4): 1.1/1.9 MB | 0.9/1.3 MB | 508/804 kB | 245/304 kB
Progress (4): 1.1/1.9 MB | 0.9/1.3 MB | 508/804 kB | 262/304 kB
Progress (4): 1.1/1.9 MB | 0.9/1.3 MB | 508/804 kB | 262/304 kB
Progress (4): 1.1/1.9 MB | 0.9/1.3 MB | 508/804 kB | 262/304 kB
Progress (4): 1.1/1.9 MB | 0.9/1.3 MB | 508/804 kB | 278/304 kB
Progress (4): 1.1/1.9 MB | 0.9/1.3 MB | 524/804 kB | 278/304 kB
Progress (4): 1.1/1.9 MB | 0.9/1.3 MB | 524/804 kB | 278/304 kB
Progress (4): 1.1/1.9 MB | 0.9/1.3 MB | 524/804 kB | 278/304 kB
Progress (4): 1.1/1.9 MB | 0.9/1.3 MB | 524/804 kB | 278/304 kB
Progress (4): 1.1/1.9 MB | 0.9/1.3 MB | 541/804 kB | 278/304 kB
Progress (4): 1.1/1.9 MB | 0.9/1.3 MB | 541/804 kB | 278/304 kB
Progress (4): 1.1/1.9 MB | 0.9/1.3 MB | 541/804 kB | 294/304 kB
Progress (4): 1.1/1.9 MB | 0.9/1.3 MB | 541/804 kB | 294/304 kB
Progress (4): 1.1/1.9 MB | 0.9/1.3 MB | 541/804 kB | 294/304 kB
Progress (4): 1.1/1.9 MB | 0.9/1.3 MB | 541/804 kB | 304 kB    
Progress (4): 1.1/1.9 MB | 0.9/1.3 MB | 557/804 kB | 304 kB
Progress (4): 1.1/1.9 MB | 0.9/1.3 MB | 557/804 kB | 304 kB
Progress (4): 1.1/1.9 MB | 0.9/1.3 MB | 557/804 kB | 304 kB
                                                           
Downloaded from central: https://repo.maven.apache.org/maven2/org/springframework/spring-expression/6.1.13/spring-expression-6.1.13.jar (304 kB at 185 kB/s)
Downloading from central: https://repo.maven.apache.org/maven2/org/apache/tomcat/embed/tomcat-embed-el/10.1.30/tomcat-embed-el-10.1.30.jar
Progress (3): 1.1/1.9 MB | 0.9/1.3 MB | 573/804 kB
Progress (3): 1.1/1.9 MB | 1.0/1.3 MB | 573/804 kB
Progress (3): 1.2/1.9 MB | 1.0/1.3 MB | 573/804 kB
Progress (3): 1.2/1.9 MB | 1.0/1.3 MB | 573/804 kB
Progress (3): 1.2/1.9 MB | 1.0/1.3 MB | 573/804 kB
Progress (3): 1.2/1.9 MB | 1.0/1.3 MB | 573/804 kB
Progress (3): 1.2/1.9 MB | 1.0/1.3 MB | 573/804 kB
Progress (3): 1.2/1.9 MB | 1.0/1.3 MB | 590/804 kB
Progress (3): 1.2/1.9 MB | 1.0/1.3 MB | 590/804 kB
Progress (3): 1.2/1.9 MB | 1.0/1.3 MB | 590/804 kB
Progress (3): 1.2/1.9 MB | 1.0/1.3 MB | 606/804 kB
Progress (3): 1.2/1.9 MB | 1.0/1.3 MB | 623/804 kB
Progress (3): 1.2/1.9 MB | 1.0/1.3 MB | 623/804 kB
Progress (3): 1.2/1.9 MB | 1.0/1.3 MB | 623/804 kB
Progress (3): 1.2/1.9 MB | 1.0/1.3 MB | 623/804 kB
Progress (3): 1.2/1.9 MB | 1.1/1.3 MB | 623/804 kB
Progress (3): 1.2/1.9 MB | 1.1/1.3 MB | 639/804 kB
Progress (3): 1.2/1.9 MB | 1.1/1.3 MB | 655/804 kB
Progress (3): 1.2/1.9 MB | 1.1/1.3 MB | 655/804 kB
Progress (3): 1.2/1.9 MB | 1.1/1.3 MB | 655/804 kB
Progress (3): 1.2/1.9 MB | 1.1/1.3 MB | 655/804 kB
Progress (3): 1.2/1.9 MB | 1.1/1.3 MB | 672/804 kB
Progress (3): 1.2/1.9 MB | 1.1/1.3 MB | 672/804 kB
Progress (3): 1.2/1.9 MB | 1.1/1.3 MB | 672/804 kB
Progress (3): 1.2/1.9 MB | 1.1/1.3 MB | 688/804 kB
Progress (3): 1.2/1.9 MB | 1.1/1.3 MB | 688/804 kB
Progress (4): 1.2/1.9 MB | 1.1/1.3 MB | 688/804 kB | 4.8 kB
                                                           
Downloaded from central: https://repo.maven.apache.org/maven2/org/springframework/boot/spring-boot-starter-validation/3.3.4/spring-boot-starter-validation-3.3.4.jar (4.8 kB at 2.9 kB/s)
Downloading from central: https://repo.maven.apache.org/maven2/org/hibernate/validator/hibernate-validator/8.0.1.Final/hibernate-validator-8.0.1.Final.jar
Progress (3): 1.2/1.9 MB | 1.1/1.3 MB | 688/804 kB
Progress (3): 1.2/1.9 MB | 1.1/1.3 MB | 705/804 kB
Progress (3): 1.2/1.9 MB | 1.2/1.3 MB | 705/804 kB
Progress (3): 1.2/1.9 MB | 1.2/1.3 MB | 721/804 kB
Progress (3): 1.2/1.9 MB | 1.2/1.3 MB | 737/804 kB
Progress (3): 1.2/1.9 MB | 1.2/1.3 MB | 737/804 kB
Progress (3): 1.3/1.9 MB | 1.2/1.3 MB | 737/804 kB
Progress (3): 1.3/1.9 MB | 1.2/1.3 MB | 737/804 kB
Progress (3): 1.3/1.9 MB | 1.2/1.3 MB | 737/804 kB
Progress (3): 1.3/1.9 MB | 1.2/1.3 MB | 737/804 kB
Progress (3): 1.3/1.9 MB | 1.2/1.3 MB | 737/804 kB
Progress (3): 1.3/1.9 MB | 1.2/1.3 MB | 754/804 kB
Progress (3): 1.3/1.9 MB | 1.2/1.3 MB | 754/804 kB
Progress (3): 1.3/1.9 MB | 1.2/1.3 MB | 754/804 kB
Progress (3): 1.3/1.9 MB | 1.2/1.3 MB | 770/804 kB
Progress (3): 1.3/1.9 MB | 1.2/1.3 MB | 770/804 kB
Progress (3): 1.3/1.9 MB | 1.2/1.3 MB | 786/804 kB
Progress (3): 1.3/1.9 MB | 1.2/1.3 MB | 786/804 kB
Progress (3): 1.3/1.9 MB | 1.2/1.3 MB | 786/804 kB
Progress (3): 1.3/1.9 MB | 1.2/1.3 MB | 803/804 kB
Progress (3): 1.3/1.9 MB | 1.2/1.3 MB | 804 kB    
                                              
Downloaded from central: https://repo.maven.apache.org/maven2/org/springframework/security/spring-security-web/6.3.3/spring-security-web-6.3.3.jar (804 kB at 477 kB/s)
Downloading from central: https://repo.maven.apache.org/maven2/jakarta/validation/jakarta.validation-api/3.0.2/jakarta.validation-api-3.0.2.jar
Progress (2): 1.3/1.9 MB | 1.3/1.3 MB
Progress (2): 1.4/1.9 MB | 1.3/1.3 MB
Progress (2): 1.4/1.9 MB | 1.3/1.3 MB
Progress (2): 1.4/1.9 MB | 1.3/1.3 MB
Progress (2): 1.4/1.9 MB | 1.3/1.3 MB
Progress (2): 1.4/1.9 MB | 1.3/1.3 MB
Progress (2): 1.4/1.9 MB | 1.3/1.3 MB
Progress (2): 1.4/1.9 MB | 1.3 MB    
                                 
Downloaded from central: https://repo.maven.apache.org/maven2/org/springframework/spring-context/6.1.13/spring-context-6.1.13.jar (1.3 MB at 768 kB/s)
Downloading from central: https://repo.maven.apache.org/maven2/org/jboss/logging/jboss-logging/3.5.3.Final/jboss-logging-3.5.3.Final.jar
Progress (1): 1.4/1.9 MB
Progress (1): 1.4/1.9 MB
Progress (1): 1.4/1.9 MB
Progress (1): 1.5/1.9 MB
Progress (1): 1.5/1.9 MB
Progress (1): 1.5/1.9 MB
Progress (1): 1.5/1.9 MB
Progress (1): 1.5/1.9 MB
Progress (1): 1.5/1.9 MB
Progress (1): 1.6/1.9 MB
Progress (1): 1.6/1.9 MB
Progress (1): 1.6/1.9 MB
Progress (1): 1.6/1.9 MB
Progress (1): 1.6/1.9 MB
Progress (1): 1.6/1.9 MB
Progress (1): 1.7/1.9 MB
Progress (1): 1.7/1.9 MB
Progress (1): 1.7/1.9 MB
Progress (1): 1.7/1.9 MB
Progress (1): 1.7/1.9 MB
Progress (1): 1.7/1.9 MB
Progress (1): 1.8/1.9 MB
Progress (1): 1.8/1.9 MB
Progress (1): 1.8/1.9 MB
Progress (1): 1.8/1.9 MB
Progress (1): 1.8/1.9 MB
Progress (1): 1.8/1.9 MB
Progress (1): 1.9/1.9 MB
Progress (1): 1.9/1.9 MB
Progress (2): 1.9/1.9 MB | 7.7/262 kB
Progress (2): 1.9/1.9 MB | 16/262 kB 
Progress (2): 1.9/1.9 MB | 16/262 kB
Progress (2): 1.9/1.9 MB | 25/262 kB
Progress (2): 1.9/1.9 MB | 41/262 kB
Progress (2): 1.9/1.9 MB | 41/262 kB
Progress (2): 1.9/1.9 MB | 57/262 kB
Progress (2): 1.9/1.9 MB | 57/262 kB
Progress (2): 1.9/1.9 MB | 74/262 kB
Progress (2): 1.9 MB | 74/262 kB    
Progress (2): 1.9 MB | 90/262 kB
Progress (2): 1.9 MB | 106/262 kB
                                 
Downloaded from central: https://repo.maven.apache.org/maven2/org/springframework/security/spring-security-config/6.3.3/spring-security-config-6.3.3.jar (1.9 MB at 1.1 MB/s)
Downloading from central: https://repo.maven.apache.org/maven2/com/fasterxml/classmate/1.7.0/classmate-1.7.0.jar
Progress (1): 123/262 kB
Progress (1): 131/262 kB
Progress (1): 139/262 kB
Progress (1): 156/262 kB
Progress (1): 172/262 kB
Progress (1): 180/262 kB
Progress (1): 197/262 kB
Progress (1): 213/262 kB
Progress (1): 229/262 kB
Progress (1): 246/262 kB
Progress (1): 262 kB    
                    
Downloaded from central: https://repo.maven.apache.org/maven2/org/apache/tomcat/embed/tomcat-embed-el/10.1.30/tomcat-embed-el-10.1.30.jar (262 kB at 147 kB/s)
Downloading from central: https://repo.maven.apache.org/maven2/org/springframework/boot/spring-boot-starter-data-r2dbc/3.3.4/spring-boot-starter-data-r2dbc-3.3.4.jar
Progress (1): 3.4/93 kB
Progress (1): 20/93 kB 
Progress (1): 28/93 kB
Progress (1): 44/93 kB
Progress (2): 44/93 kB | 0/1.3 MB
Progress (2): 61/93 kB | 0/1.3 MB
Progress (2): 77/93 kB | 0/1.3 MB
Progress (2): 77/93 kB | 0/1.3 MB
Progress (2): 93 kB | 0/1.3 MB   
                              
Downloaded from central: https://repo.maven.apache.org/maven2/jakarta/validation/jakarta.validation-api/3.0.2/jakarta.validation-api-3.0.2.jar (93 kB at 52 kB/s)
Progress (1): 0/1.3 MB
                      
Downloading from central: https://repo.maven.apache.org/maven2/org/springframework/data/spring-data-r2dbc/3.3.4/spring-data-r2dbc-3.3.4.jar
Progress (1): 0.1/1.3 MB
Progress (1): 0.1/1.3 MB
Progress (1): 0.1/1.3 MB
Progress (1): 0.1/1.3 MB
Progress (1): 0.1/1.3 MB
Progress (1): 0.1/1.3 MB
Progress (1): 0.1/1.3 MB
Progress (1): 0.2/1.3 MB
Progress (1): 0.2/1.3 MB
Progress (1): 0.2/1.3 MB
Progress (1): 0.2/1.3 MB
Progress (1): 0.2/1.3 MB
Progress (1): 0.2/1.3 MB
Progress (1): 0.3/1.3 MB
Progress (1): 0.3/1.3 MB
Progress (1): 0.3/1.3 MB
Progress (1): 0.3/1.3 MB
Progress (1): 0.3/1.3 MB
Progress (1): 0.3/1.3 MB
Progress (1): 0.4/1.3 MB
Progress (1): 0.4/1.3 MB
Progress (1): 0.4/1.3 MB
Progress (1): 0.4/1.3 MB
Progress (1): 0.4/1.3 MB
Progress (1): 0.4/1.3 MB
Progress (1): 0.5/1.3 MB
Progress (1): 0.5/1.3 MB
Progress (1): 0.5/1.3 MB
Progress (1): 0.5/1.3 MB
Progress (2): 0.5/1.3 MB | 7.7/59 kB
Progress (2): 0.5/1.3 MB | 16/59 kB 
Progress (2): 0.5/1.3 MB | 32/59 kB
Progress (2): 0.5/1.3 MB | 32/59 kB
Progress (2): 0.5/1.3 MB | 32/59 kB
Progress (2): 0.5/1.3 MB | 32/59 kB
Progress (2): 0.5/1.3 MB | 49/59 kB
Progress (2): 0.5/1.3 MB | 59 kB   
Progress (2): 0.6/1.3 MB | 59 kB
                                
Downloaded from central: https://repo.maven.apache.org/maven2/org/jboss/logging/jboss-logging/3.5.3.Final/jboss-logging-3.5.3.Final.jar (59 kB at 32 kB/s)
Downloading from central: https://repo.maven.apache.org/maven2/org/springframework/data/spring-data-relational/3.3.4/spring-data-relational-3.3.4.jar
Progress (1): 0.6/1.3 MB
Progress (1): 0.6/1.3 MB
Progress (1): 0.6/1.3 MB
Progress (1): 0.6/1.3 MB
Progress (1): 0.6/1.3 MB
Progress (1): 0.7/1.3 MB
Progress (2): 0.7/1.3 MB | 7.7/69 kB
Progress (2): 0.7/1.3 MB | 7.7/69 kB
Progress (2): 0.7/1.3 MB | 7.7/69 kB
Progress (2): 0.7/1.3 MB | 24/69 kB 
Progress (3): 0.7/1.3 MB | 24/69 kB | 4.8 kB
                                            
Downloaded from central: https://repo.maven.apache.org/maven2/org/springframework/boot/spring-boot-starter-data-r2dbc/3.3.4/spring-boot-starter-data-r2dbc-3.3.4.jar (4.8 kB at 2.5 kB/s)
Downloading from central: https://repo.maven.apache.org/maven2/org/springframework/data/spring-data-commons/3.3.4/spring-data-commons-3.3.4.jar
Progress (2): 0.7/1.3 MB | 40/69 kB
Progress (2): 0.7/1.3 MB | 40/69 kB
Progress (2): 0.7/1.3 MB | 40/69 kB
Progress (2): 0.7/1.3 MB | 40/69 kB
Progress (2): 0.7/1.3 MB | 57/69 kB
Progress (2): 0.7/1.3 MB | 57/69 kB
Progress (2): 0.8/1.3 MB | 57/69 kB
Progress (2): 0.8/1.3 MB | 57/69 kB
Progress (2): 0.8/1.3 MB | 69 kB   
                                
Downloaded from central: https://repo.maven.apache.org/maven2/com/fasterxml/classmate/1.7.0/classmate-1.7.0.jar (69 kB at 36 kB/s)
Downloading from central: https://repo.maven.apache.org/maven2/org/springframework/spring-tx/6.1.13/spring-tx-6.1.13.jar
Progress (1): 0.8/1.3 MB
Progress (1): 0.8/1.3 MB
Progress (1): 0.8/1.3 MB
Progress (1): 0.8/1.3 MB
Progress (2): 0.8/1.3 MB | 7.7/274 kB
Progress (2): 0.8/1.3 MB | 8.2/274 kB
Progress (2): 0.9/1.3 MB | 8.2/274 kB
Progress (2): 0.9/1.3 MB | 25/274 kB 
Progress (2): 0.9/1.3 MB | 25/274 kB
Progress (2): 0.9/1.3 MB | 41/274 kB
Progress (2): 0.9/1.3 MB | 41/274 kB
Progress (2): 0.9/1.3 MB | 57/274 kB
Progress (2): 0.9/1.3 MB | 57/274 kB
Progress (2): 0.9/1.3 MB | 57/274 kB
Progress (2): 0.9/1.3 MB | 57/274 kB
Progress (2): 0.9/1.3 MB | 74/274 kB
Progress (2): 1.0/1.3 MB | 74/274 kB
Progress (2): 1.0/1.3 MB | 90/274 kB
Progress (2): 1.0/1.3 MB | 90/274 kB
Progress (2): 1.0/1.3 MB | 106/274 kB
Progress (2): 1.0/1.3 MB | 123/274 kB
Progress (2): 1.0/1.3 MB | 123/274 kB
Progress (2): 1.0/1.3 MB | 139/274 kB
Progress (2): 1.0/1.3 MB | 156/274 kB
Progress (2): 1.0/1.3 MB | 156/274 kB
Progress (2): 1.0/1.3 MB | 156/274 kB
Progress (2): 1.0/1.3 MB | 172/274 kB
Progress (2): 1.0/1.3 MB | 172/274 kB
Progress (2): 1.0/1.3 MB | 188/274 kB
Progress (2): 1.1/1.3 MB | 188/274 kB
Progress (2): 1.1/1.3 MB | 205/274 kB
Progress (2): 1.1/1.3 MB | 205/274 kB
Progress (2): 1.1/1.3 MB | 205/274 kB
Progress (2): 1.1/1.3 MB | 221/274 kB
Progress (2): 1.1/1.3 MB | 221/274 kB
Progress (2): 1.1/1.3 MB | 238/274 kB
Progress (2): 1.1/1.3 MB | 238/274 kB
Progress (2): 1.1/1.3 MB | 238/274 kB
Progress (2): 1.1/1.3 MB | 254/274 kB
Progress (2): 1.2/1.3 MB | 254/274 kB
Progress (2): 1.2/1.3 MB | 254/274 kB
Progress (2): 1.2/1.3 MB | 270/274 kB
Progress (2): 1.2/1.3 MB | 270/274 kB
Progress (2): 1.2/1.3 MB | 274 kB    
Progress (2): 1.2/1.3 MB | 274 kB
Progress (2): 1.2/1.3 MB | 274 kB
                                 
Downloaded from central: https://repo.maven.apache.org/maven2/org/springframework/data/spring-data-r2dbc/3.3.4/spring-data-r2dbc-3.3.4.jar (274 kB at 141 kB/s)
Downloading from central: https://repo.maven.apache.org/maven2/org/springframework/spring-jdbc/6.1.13/spring-jdbc-6.1.13.jar
Progress (1): 1.2/1.3 MB
Progress (1): 1.3/1.3 MB
Progress (1): 1.3/1.3 MB
Progress (1): 1.3/1.3 MB
Progress (1): 1.3/1.3 MB
Progress (1): 1.3/1.3 MB
Progress (1): 1.3 MB    
                    
Downloaded from central: https://repo.maven.apache.org/maven2/org/hibernate/validator/hibernate-validator/8.0.1.Final/hibernate-validator-8.0.1.Final.jar (1.3 MB at 678 kB/s)
Downloading from central: https://repo.maven.apache.org/maven2/org/springframework/spring-r2dbc/6.1.13/spring-r2dbc-6.1.13.jar
Progress (1): 7.7/509 kB
Progress (1): 16/509 kB 
Progress (1): 24/509 kB
Progress (1): 40/509 kB
Progress (1): 57/509 kB
Progress (1): 73/509 kB
Progress (1): 90/509 kB
Progress (1): 106/509 kB
Progress (2): 106/509 kB | 0/1.5 MB
Progress (2): 122/509 kB | 0/1.5 MB
Progress (2): 122/509 kB | 0/1.5 MB
Progress (2): 131/509 kB | 0/1.5 MB
Progress (2): 131/509 kB | 0/1.5 MB
Progress (2): 147/509 kB | 0/1.5 MB
Progress (2): 164/509 kB | 0/1.5 MB
Progress (2): 164/509 kB | 0/1.5 MB
Progress (2): 180/509 kB | 0/1.5 MB
Progress (2): 180/509 kB | 0.1/1.5 MB
Progress (2): 180/509 kB | 0.1/1.5 MB
Progress (2): 180/509 kB | 0.1/1.5 MB
Progress (2): 197/509 kB | 0.1/1.5 MB
Progress (2): 197/509 kB | 0.1/1.5 MB
Progress (2): 197/509 kB | 0.1/1.5 MB
Progress (2): 213/509 kB | 0.1/1.5 MB
Progress (2): 213/509 kB | 0.1/1.5 MB
Progress (2): 213/509 kB | 0.1/1.5 MB
Progress (2): 229/509 kB | 0.1/1.5 MB
Progress (2): 229/509 kB | 0.1/1.5 MB
Progress (2): 246/509 kB | 0.1/1.5 MB
Progress (2): 246/509 kB | 0.2/1.5 MB
Progress (2): 262/509 kB | 0.2/1.5 MB
Progress (3): 262/509 kB | 0.2/1.5 MB | 7.7/282 kB
Progress (3): 262/509 kB | 0.2/1.5 MB | 7.7/282 kB
Progress (3): 262/509 kB | 0.2/1.5 MB | 7.7/282 kB
Progress (3): 279/509 kB | 0.2/1.5 MB | 7.7/282 kB
Progress (3): 279/509 kB | 0.2/1.5 MB | 24/282 kB 
Progress (3): 279/509 kB | 0.2/1.5 MB | 24/282 kB
Progress (3): 279/509 kB | 0.2/1.5 MB | 24/282 kB
Progress (3): 295/509 kB | 0.2/1.5 MB | 24/282 kB
Progress (3): 295/509 kB | 0.2/1.5 MB | 40/282 kB
Progress (3): 295/509 kB | 0.2/1.5 MB | 40/282 kB
Progress (3): 311/509 kB | 0.2/1.5 MB | 40/282 kB
Progress (3): 311/509 kB | 0.2/1.5 MB | 40/282 kB
Progress (3): 328/509 kB | 0.2/1.5 MB | 40/282 kB
Progress (3): 328/509 kB | 0.2/1.5 MB | 57/282 kB
Progress (3): 344/509 kB | 0.2/1.5 MB | 57/282 kB
Progress (3): 344/509 kB | 0.2/1.5 MB | 57/282 kB
Progress (3): 344/509 kB | 0.2/1.5 MB | 73/282 kB
Progress (3): 360/509 kB | 0.2/1.5 MB | 73/282 kB
Progress (3): 360/509 kB | 0.2/1.5 MB | 73/282 kB
Progress (3): 360/509 kB | 0.2/1.5 MB | 90/282 kB
Progress (3): 360/509 kB | 0.3/1.5 MB | 90/282 kB
Progress (3): 360/509 kB | 0.3/1.5 MB | 90/282 kB
Progress (3): 377/509 kB | 0.3/1.5 MB | 90/282 kB
Progress (3): 377/509 kB | 0.3/1.5 MB | 106/282 kB
Progress (3): 393/509 kB | 0.3/1.5 MB | 106/282 kB
Progress (3): 410/509 kB | 0.3/1.5 MB | 106/282 kB
Progress (3): 410/509 kB | 0.3/1.5 MB | 122/282 kB
Progress (3): 410/509 kB | 0.3/1.5 MB | 122/282 kB
Progress (3): 410/509 kB | 0.3/1.5 MB | 131/282 kB
Progress (3): 426/509 kB | 0.3/1.5 MB | 131/282 kB
Progress (3): 426/509 kB | 0.3/1.5 MB | 131/282 kB
Progress (3): 426/509 kB | 0.3/1.5 MB | 131/282 kB
Progress (3): 426/509 kB | 0.3/1.5 MB | 147/282 kB
Progress (3): 426/509 kB | 0.3/1.5 MB | 147/282 kB
Progress (3): 442/509 kB | 0.3/1.5 MB | 147/282 kB
Progress (3): 442/509 kB | 0.4/1.5 MB | 147/282 kB
Progress (3): 459/509 kB | 0.4/1.5 MB | 147/282 kB
Progress (3): 459/509 kB | 0.4/1.5 MB | 164/282 kB
Progress (3): 459/509 kB | 0.4/1.5 MB | 164/282 kB
Progress (3): 475/509 kB | 0.4/1.5 MB | 164/282 kB
Progress (3): 492/509 kB | 0.4/1.5 MB | 164/282 kB
Progress (3): 492/509 kB | 0.4/1.5 MB | 180/282 kB
Progress (3): 492/509 kB | 0.4/1.5 MB | 180/282 kB
Progress (3): 492/509 kB | 0.4/1.5 MB | 197/282 kB
Progress (3): 508/509 kB | 0.4/1.5 MB | 197/282 kB
Progress (3): 509 kB | 0.4/1.5 MB | 197/282 kB    
                                              
Downloaded from central: https://repo.maven.apache.org/maven2/org/springframework/data/spring-data-relational/3.3.4/spring-data-relational-3.3.4.jar (509 kB at 249 kB/s)
Downloading from central: https://repo.maven.apache.org/maven2/org/slf4j/slf4j-api/2.0.16/slf4j-api-2.0.16.jar
Progress (2): 0.4/1.5 MB | 213/282 kB
Progress (3): 0.4/1.5 MB | 213/282 kB | 7.7/467 kB
Progress (3): 0.4/1.5 MB | 213/282 kB | 12/467 kB 
Progress (3): 0.4/1.5 MB | 213/282 kB | 12/467 kB
Progress (3): 0.4/1.5 MB | 213/282 kB | 12/467 kB
Progress (3): 0.4/1.5 MB | 213/282 kB | 28/467 kB
Progress (3): 0.4/1.5 MB | 229/282 kB | 28/467 kB
Progress (3): 0.4/1.5 MB | 229/282 kB | 28/467 kB
Progress (3): 0.5/1.5 MB | 229/282 kB | 28/467 kB
Progress (3): 0.5/1.5 MB | 246/282 kB | 28/467 kB
Progress (3): 0.5/1.5 MB | 262/282 kB | 28/467 kB
Progress (3): 0.5/1.5 MB | 262/282 kB | 44/467 kB
Progress (3): 0.5/1.5 MB | 279/282 kB | 44/467 kB
Progress (3): 0.5/1.5 MB | 279/282 kB | 44/467 kB
Progress (3): 0.5/1.5 MB | 279/282 kB | 61/467 kB
Progress (3): 0.5/1.5 MB | 282 kB | 61/467 kB    
Progress (3): 0.5/1.5 MB | 282 kB | 77/467 kB
                                             
Downloaded from central: https://repo.maven.apache.org/maven2/org/springframework/spring-tx/6.1.13/spring-tx-6.1.13.jar (282 kB at 137 kB/s)
Downloading from central: https://repo.maven.apache.org/maven2/io/r2dbc/r2dbc-spi/1.0.0.RELEASE/r2dbc-spi-1.0.0.RELEASE.jar
Progress (2): 0.5/1.5 MB | 93/467 kB
Progress (2): 0.5/1.5 MB | 93/467 kB
Progress (2): 0.5/1.5 MB | 110/467 kB
Progress (2): 0.5/1.5 MB | 110/467 kB
Progress (2): 0.5/1.5 MB | 126/467 kB
Progress (2): 0.5/1.5 MB | 131/467 kB
Progress (2): 0.5/1.5 MB | 139/467 kB
Progress (2): 0.5/1.5 MB | 147/467 kB
Progress (2): 0.5/1.5 MB | 147/467 kB
Progress (2): 0.5/1.5 MB | 156/467 kB
Progress (2): 0.5/1.5 MB | 156/467 kB
Progress (2): 0.6/1.5 MB | 156/467 kB
Progress (2): 0.6/1.5 MB | 172/467 kB
Progress (2): 0.6/1.5 MB | 180/467 kB
Progress (2): 0.6/1.5 MB | 188/467 kB
Progress (2): 0.6/1.5 MB | 188/467 kB
Progress (2): 0.6/1.5 MB | 205/467 kB
Progress (2): 0.6/1.5 MB | 213/467 kB
Progress (2): 0.6/1.5 MB | 213/467 kB
Progress (2): 0.6/1.5 MB | 221/467 kB
Progress (2): 0.6/1.5 MB | 229/467 kB
Progress (2): 0.6/1.5 MB | 229/467 kB
Progress (2): 0.6/1.5 MB | 238/467 kB
Progress (2): 0.6/1.5 MB | 254/467 kB
Progress (2): 0.6/1.5 MB | 270/467 kB
Progress (2): 0.6/1.5 MB | 270/467 kB
Progress (2): 0.6/1.5 MB | 287/467 kB
Progress (2): 0.6/1.5 MB | 287/467 kB
Progress (2): 0.6/1.5 MB | 303/467 kB
Progress (2): 0.7/1.5 MB | 303/467 kB
Progress (2): 0.7/1.5 MB | 319/467 kB
Progress (2): 0.7/1.5 MB | 319/467 kB
Progress (2): 0.7/1.5 MB | 336/467 kB
Progress (2): 0.7/1.5 MB | 352/467 kB
Progress (2): 0.7/1.5 MB | 352/467 kB
Progress (3): 0.7/1.5 MB | 352/467 kB | 16/149 kB
Progress (3): 0.7/1.5 MB | 369/467 kB | 16/149 kB
Progress (3): 0.7/1.5 MB | 369/467 kB | 33/149 kB
Progress (3): 0.7/1.5 MB | 385/467 kB | 33/149 kB
Progress (3): 0.7/1.5 MB | 385/467 kB | 33/149 kB
Progress (3): 0.7/1.5 MB | 385/467 kB | 33/149 kB
Progress (3): 0.7/1.5 MB | 385/467 kB | 49/149 kB
Progress (3): 0.7/1.5 MB | 385/467 kB | 66/149 kB
Progress (3): 0.7/1.5 MB | 401/467 kB | 66/149 kB
Progress (3): 0.7/1.5 MB | 401/467 kB | 66/149 kB
Progress (3): 0.7/1.5 MB | 401/467 kB | 82/149 kB
Progress (3): 0.7/1.5 MB | 418/467 kB | 82/149 kB
Progress (3): 0.7/1.5 MB | 434/467 kB | 82/149 kB
Progress (3): 0.7/1.5 MB | 451/467 kB | 82/149 kB
Progress (3): 0.8/1.5 MB | 451/467 kB | 82/149 kB
Progress (3): 0.8/1.5 MB | 451/467 kB | 98/149 kB
Progress (3): 0.8/1.5 MB | 467/467 kB | 98/149 kB
Progress (3): 0.8/1.5 MB | 467 kB | 98/149 kB    
Progress (3): 0.8/1.5 MB | 467 kB | 115/149 kB
                                              
Downloaded from central: https://repo.maven.apache.org/maven2/org/springframework/spring-jdbc/6.1.13/spring-jdbc-6.1.13.jar (467 kB at 221 kB/s)
Downloading from central: https://repo.maven.apache.org/maven2/org/reactivestreams/reactive-streams/1.0.4/reactive-streams-1.0.4.jar
Progress (2): 0.8/1.5 MB | 115/149 kB
Progress (2): 0.8/1.5 MB | 131/149 kB
Progress (2): 0.8/1.5 MB | 131/149 kB
Progress (2): 0.8/1.5 MB | 147/149 kB
Progress (2): 0.8/1.5 MB | 149 kB    
Progress (2): 0.8/1.5 MB | 149 kB
Progress (2): 0.8/1.5 MB | 149 kB
Progress (2): 0.8/1.5 MB | 149 kB
                                 
Downloaded from central: https://repo.maven.apache.org/maven2/org/springframework/spring-r2dbc/6.1.13/spring-r2dbc-6.1.13.jar (149 kB at 71 kB/s)
Downloading from central: https://repo.maven.apache.org/maven2/io/r2dbc/r2dbc-pool/1.0.1.RELEASE/r2dbc-pool-1.0.1.RELEASE.jar
Progress (1): 0.9/1.5 MB
Progress (1): 0.9/1.5 MB
Progress (1): 0.9/1.5 MB
Progress (1): 0.9/1.5 MB
Progress (1): 0.9/1.5 MB
Progress (1): 0.9/1.5 MB
Progress (1): 1.0/1.5 MB
Progress (1): 1.0/1.5 MB
Progress (1): 1.0/1.5 MB
Progress (1): 1.0/1.5 MB
Progress (1): 1.0/1.5 MB
Progress (1): 1.0/1.5 MB
Progress (1): 1.0/1.5 MB
Progress (1): 1.1/1.5 MB
Progress (1): 1.1/1.5 MB
Progress (1): 1.1/1.5 MB
Progress (1): 1.1/1.5 MB
Progress (1): 1.1/1.5 MB
Progress (1): 1.1/1.5 MB
Progress (1): 1.2/1.5 MB
Progress (1): 1.2/1.5 MB
Progress (1): 1.2/1.5 MB
Progress (1): 1.2/1.5 MB
Progress (1): 1.2/1.5 MB
Progress (1): 1.2/1.5 MB
Progress (1): 1.3/1.5 MB
Progress (1): 1.3/1.5 MB
Progress (1): 1.3/1.5 MB
Progress (1): 1.3/1.5 MB
Progress (1): 1.3/1.5 MB
Progress (1): 1.3/1.5 MB
Progress (1): 1.4/1.5 MB
Progress (1): 1.4/1.5 MB
Progress (2): 1.4/1.5 MB | 7.7/69 kB
Progress (2): 1.4/1.5 MB | 16/69 kB 
Progress (2): 1.4/1.5 MB | 16/69 kB
Progress (2): 1.4/1.5 MB | 32/69 kB
Progress (2): 1.4/1.5 MB | 49/69 kB
Progress (2): 1.4/1.5 MB | 65/69 kB
Progress (2): 1.4/1.5 MB | 69 kB   
                                
Downloaded from central: https://repo.maven.apache.org/maven2/org/slf4j/slf4j-api/2.0.16/slf4j-api-2.0.16.jar (69 kB at 32 kB/s)
Downloading from central: https://repo.maven.apache.org/maven2/io/projectreactor/addons/reactor-pool/1.0.8/reactor-pool-1.0.8.jar
Progress (1): 1.4/1.5 MB
Progress (2): 1.4/1.5 MB | 7.7/68 kB
Progress (2): 1.4/1.5 MB | 16/68 kB 
Progress (2): 1.4/1.5 MB | 32/68 kB
Progress (2): 1.4/1.5 MB | 32/68 kB
Progress (2): 1.4/1.5 MB | 49/68 kB
Progress (2): 1.4/1.5 MB | 49/68 kB
Progress (2): 1.5/1.5 MB | 49/68 kB
Progress (2): 1.5/1.5 MB | 65/68 kB
Progress (2): 1.5 MB | 65/68 kB    
Progress (2): 1.5 MB | 68 kB   
                            
Downloaded from central: https://repo.maven.apache.org/maven2/org/springframework/data/spring-data-commons/3.3.4/spring-data-commons-3.3.4.jar (1.5 MB at 672 kB/s)
Downloaded from central: https://repo.maven.apache.org/maven2/io/r2dbc/r2dbc-spi/1.0.0.RELEASE/r2dbc-spi-1.0.0.RELEASE.jar (68 kB at 31 kB/s)
Downloading from central: https://repo.maven.apache.org/maven2/org/postgresql/r2dbc-postgresql/1.0.5.RELEASE/r2dbc-postgresql-1.0.5.RELEASE.jar
Downloading from central: https://repo.maven.apache.org/maven2/com/ongres/scram/client/2.1/client-2.1.jar
Progress (1): 7.7/12 kB
Progress (1): 8.2/12 kB
Progress (1): 12 kB    
                   
Downloaded from central: https://repo.maven.apache.org/maven2/org/reactivestreams/reactive-streams/1.0.4/reactive-streams-1.0.4.jar (12 kB at 5.3 kB/s)
Downloading from central: https://repo.maven.apache.org/maven2/com/ongres/scram/common/2.1/common-2.1.jar
Progress (1): 7.7/48 kB
Progress (1): 16/48 kB 
Progress (1): 25/48 kB
Progress (1): 41/48 kB
Progress (1): 48 kB   
                   
Downloaded from central: https://repo.maven.apache.org/maven2/io/r2dbc/r2dbc-pool/1.0.1.RELEASE/r2dbc-pool-1.0.1.RELEASE.jar (48 kB at 21 kB/s)
Downloading from central: https://repo.maven.apache.org/maven2/com/ongres/stringprep/saslprep/1.1/saslprep-1.1.jar
Progress (1): 7.7/16 kB
Progress (1): 12/16 kB 
Progress (1): 16 kB   
                   
Downloaded from central: https://repo.maven.apache.org/maven2/com/ongres/scram/client/2.1/client-2.1.jar (16 kB at 7.1 kB/s)
Downloading from central: https://repo.maven.apache.org/maven2/com/ongres/stringprep/stringprep/1.1/stringprep-1.1.jar
Progress (1): 7.7/67 kB
Progress (1): 8.2/67 kB
Progress (1): 25/67 kB 
Progress (1): 41/67 kB
Progress (1): 49/67 kB
Progress (1): 66/67 kB
Progress (1): 67 kB   
                   
Downloaded from central: https://repo.maven.apache.org/maven2/com/ongres/scram/common/2.1/common-2.1.jar (67 kB at 29 kB/s)
Downloading from central: https://repo.maven.apache.org/maven2/io/projectreactor/reactor-core/3.6.10/reactor-core-3.6.10.jar
Progress (1): 16/55 kB
Progress (1): 25/55 kB
Progress (1): 41/55 kB
Progress (1): 55 kB   
                   
Downloaded from central: https://repo.maven.apache.org/maven2/io/projectreactor/addons/reactor-pool/1.0.8/reactor-pool-1.0.8.jar (55 kB at 24 kB/s)
Downloading from central: https://repo.maven.apache.org/maven2/io/projectreactor/netty/reactor-netty-core/1.1.22/reactor-netty-core-1.1.22.jar
Progress (1): 7.7/624 kB
Progress (1): 16/624 kB 
Progress (1): 32/624 kB
Progress (1): 49/624 kB
Progress (1): 65/624 kB
Progress (1): 81/624 kB
Progress (1): 98/624 kB
Progress (1): 114/624 kB
Progress (1): 131/624 kB
Progress (1): 147/624 kB
Progress (1): 163/624 kB
Progress (1): 180/624 kB
Progress (1): 196/624 kB
Progress (1): 212/624 kB
Progress (1): 213/624 kB
Progress (1): 229/624 kB
Progress (1): 246/624 kB
Progress (1): 262/624 kB
Progress (1): 279/624 kB
Progress (1): 295/624 kB
Progress (1): 311/624 kB
Progress (1): 328/624 kB
Progress (1): 344/624 kB
Progress (1): 360/624 kB
Progress (1): 377/624 kB
Progress (1): 393/624 kB
Progress (1): 410/624 kB
Progress (1): 426/624 kB
Progress (1): 442/624 kB
Progress (1): 458/624 kB
Progress (1): 475/624 kB
Progress (1): 491/624 kB
Progress (1): 508/624 kB
Progress (1): 524/624 kB
Progress (1): 540/624 kB
Progress (1): 557/624 kB
Progress (1): 573/624 kB
Progress (1): 590/624 kB
Progress (1): 606/624 kB
Progress (1): 622/624 kB
Progress (1): 624 kB    
Progress (2): 624 kB | 3.8 kB
                             
Downloaded from central: https://repo.maven.apache.org/maven2/org/postgresql/r2dbc-postgresql/1.0.5.RELEASE/r2dbc-postgresql-1.0.5.RELEASE.jar (624 kB at 261 kB/s)
Downloading from central: https://repo.maven.apache.org/maven2/io/netty/netty-handler/4.1.113.Final/netty-handler-4.1.113.Final.jar
Downloaded from central: https://repo.maven.apache.org/maven2/com/ongres/stringprep/saslprep/1.1/saslprep-1.1.jar (3.8 kB at 1.6 kB/s)
Downloading from central: https://repo.maven.apache.org/maven2/io/netty/netty-common/4.1.113.Final/netty-common-4.1.113.Final.jar
Progress (1): 7.7/36 kB
Progress (1): 12/36 kB 
Progress (1): 28/36 kB
Progress (2): 28/36 kB | 0/1.9 MB
Progress (2): 28/36 kB | 0/1.9 MB
Progress (2): 36 kB | 0/1.9 MB   
Progress (2): 36 kB | 0/1.9 MB
                              
Downloaded from central: https://repo.maven.apache.org/maven2/com/ongres/stringprep/stringprep/1.1/stringprep-1.1.jar (36 kB at 15 kB/s)
Downloading from central: https://repo.maven.apache.org/maven2/io/netty/netty-resolver/4.1.113.Final/netty-resolver-4.1.113.Final.jar
Progress (1): 0/1.9 MB
Progress (1): 0.1/1.9 MB
Progress (1): 0.1/1.9 MB
Progress (1): 0.1/1.9 MB
Progress (1): 0.1/1.9 MB
Progress (1): 0.1/1.9 MB
Progress (1): 0.1/1.9 MB
Progress (1): 0.2/1.9 MB
Progress (1): 0.2/1.9 MB
Progress (1): 0.2/1.9 MB
Progress (1): 0.2/1.9 MB
Progress (1): 0.2/1.9 MB
Progress (1): 0.2/1.9 MB
Progress (1): 0.2/1.9 MB
Progress (1): 0.3/1.9 MB
Progress (1): 0.3/1.9 MB
Progress (1): 0.3/1.9 MB
Progress (1): 0.3/1.9 MB
Progress (1): 0.3/1.9 MB
Progress (1): 0.3/1.9 MB
Progress (1): 0.4/1.9 MB
Progress (1): 0.4/1.9 MB
Progress (1): 0.4/1.9 MB
Progress (1): 0.4/1.9 MB
Progress (1): 0.4/1.9 MB
Progress (1): 0.4/1.9 MB
Progress (1): 0.5/1.9 MB
Progress (1): 0.5/1.9 MB
Progress (1): 0.5/1.9 MB
Progress (1): 0.5/1.9 MB
Progress (1): 0.5/1.9 MB
Progress (1): 0.5/1.9 MB
Progress (1): 0.6/1.9 MB
Progress (1): 0.6/1.9 MB
Progress (1): 0.6/1.9 MB
Progress (1): 0.6/1.9 MB
Progress (1): 0.6/1.9 MB
Progress (1): 0.6/1.9 MB
Progress (1): 0.7/1.9 MB
Progress (1): 0.7/1.9 MB
Progress (1): 0.7/1.9 MB
Progress (1): 0.7/1.9 MB
Progress (1): 0.7/1.9 MB
Progress (1): 0.7/1.9 MB
Progress (1): 0.7/1.9 MB
Progress (1): 0.8/1.9 MB
Progress (1): 0.8/1.9 MB
Progress (1): 0.8/1.9 MB
Progress (2): 0.8/1.9 MB | 7.7/521 kB
Progress (2): 0.8/1.9 MB | 16/521 kB 
Progress (2): 0.8/1.9 MB | 16/521 kB
Progress (2): 0.8/1.9 MB | 16/521 kB
Progress (2): 0.8/1.9 MB | 32/521 kB
Progress (2): 0.8/1.9 MB | 32/521 kB
Progress (2): 0.8/1.9 MB | 49/521 kB
Progress (2): 0.9/1.9 MB | 49/521 kB
Progress (2): 0.9/1.9 MB | 49/521 kB
Progress (2): 0.9/1.9 MB | 49/521 kB
Progress (2): 0.9/1.9 MB | 65/521 kB
Progress (2): 0.9/1.9 MB | 81/521 kB
Progress (2): 0.9/1.9 MB | 81/521 kB
Progress (2): 0.9/1.9 MB | 81/521 kB
Progress (2): 0.9/1.9 MB | 98/521 kB
Progress (2): 0.9/1.9 MB | 98/521 kB
Progress (2): 0.9/1.9 MB | 114/521 kB
Progress (2): 1.0/1.9 MB | 114/521 kB
Progress (2): 1.0/1.9 MB | 114/521 kB
Progress (2): 1.0/1.9 MB | 114/521 kB
Progress (2): 1.0/1.9 MB | 114/521 kB
Progress (2): 1.0/1.9 MB | 131/521 kB
Progress (2): 1.0/1.9 MB | 147/521 kB
Progress (2): 1.0/1.9 MB | 147/521 kB
Progress (2): 1.0/1.9 MB | 147/521 kB
Progress (2): 1.1/1.9 MB | 147/521 kB
Progress (2): 1.1/1.9 MB | 147/521 kB
Progress (2): 1.1/1.9 MB | 163/521 kB
Progress (2): 1.1/1.9 MB | 180/521 kB
Progress (2): 1.1/1.9 MB | 180/521 kB
Progress (2): 1.1/1.9 MB | 196/521 kB
Progress (2): 1.1/1.9 MB | 196/521 kB
Progress (3): 1.1/1.9 MB | 196/521 kB | 16/695 kB
Progress (3): 1.1/1.9 MB | 212/521 kB | 16/695 kB
Progress (3): 1.1/1.9 MB | 212/521 kB | 16/695 kB
Progress (3): 1.1/1.9 MB | 221/521 kB | 16/695 kB
Progress (3): 1.1/1.9 MB | 221/521 kB | 25/695 kB
Progress (3): 1.1/1.9 MB | 221/521 kB | 25/695 kB
Progress (3): 1.1/1.9 MB | 221/521 kB | 41/695 kB
Progress (3): 1.1/1.9 MB | 221/521 kB | 57/695 kB
Progress (3): 1.1/1.9 MB | 237/521 kB | 57/695 kB
Progress (3): 1.2/1.9 MB | 237/521 kB | 57/695 kB
Progress (3): 1.2/1.9 MB | 237/521 kB | 66/695 kB
Progress (3): 1.2/1.9 MB | 253/521 kB | 66/695 kB
Progress (4): 1.2/1.9 MB | 253/521 kB | 66/695 kB | 7.7/38 kB
Progress (4): 1.2/1.9 MB | 253/521 kB | 66/695 kB | 16/38 kB 
Progress (4): 1.2/1.9 MB | 253/521 kB | 66/695 kB | 25/38 kB
Progress (4): 1.2/1.9 MB | 270/521 kB | 66/695 kB | 25/38 kB
Progress (4): 1.2/1.9 MB | 270/521 kB | 66/695 kB | 38 kB   
Progress (4): 1.2/1.9 MB | 270/521 kB | 82/695 kB | 38 kB
Progress (4): 1.2/1.9 MB | 270/521 kB | 82/695 kB | 38 kB
Progress (4): 1.2/1.9 MB | 286/521 kB | 82/695 kB | 38 kB
Progress (4): 1.2/1.9 MB | 286/521 kB | 98/695 kB | 38 kB
Progress (4): 1.2/1.9 MB | 302/521 kB | 98/695 kB | 38 kB
                                                         
Downloaded from central: https://repo.maven.apache.org/maven2/io/netty/netty-resolver/4.1.113.Final/netty-resolver-4.1.113.Final.jar (38 kB at 15 kB/s)
Downloading from central: https://repo.maven.apache.org/maven2/io/netty/netty-buffer/4.1.113.Final/netty-buffer-4.1.113.Final.jar
Progress (3): 1.2/1.9 MB | 302/521 kB | 115/695 kB
Progress (4): 1.2/1.9 MB | 302/521 kB | 115/695 kB | 8.2/571 kB
Progress (4): 1.2/1.9 MB | 319/521 kB | 115/695 kB | 8.2/571 kB
Progress (4): 1.2/1.9 MB | 319/521 kB | 115/695 kB | 8.2/571 kB
Progress (4): 1.2/1.9 MB | 319/521 kB | 115/695 kB | 16/571 kB 
Progress (4): 1.2/1.9 MB | 335/521 kB | 115/695 kB | 16/571 kB
Progress (4): 1.2/1.9 MB | 335/521 kB | 115/695 kB | 33/571 kB
Progress (4): 1.2/1.9 MB | 335/521 kB | 131/695 kB | 33/571 kB
Progress (4): 1.2/1.9 MB | 352/521 kB | 131/695 kB | 33/571 kB
Progress (4): 1.2/1.9 MB | 352/521 kB | 131/695 kB | 41/571 kB
Progress (4): 1.2/1.9 MB | 352/521 kB | 131/695 kB | 41/571 kB
Progress (4): 1.2/1.9 MB | 352/521 kB | 147/695 kB | 41/571 kB
Progress (4): 1.2/1.9 MB | 352/521 kB | 164/695 kB | 41/571 kB
Progress (4): 1.2/1.9 MB | 352/521 kB | 164/695 kB | 57/571 kB
Progress (4): 1.2/1.9 MB | 352/521 kB | 164/695 kB | 57/571 kB
Progress (4): 1.2/1.9 MB | 368/521 kB | 164/695 kB | 57/571 kB
Progress (4): 1.2/1.9 MB | 368/521 kB | 180/695 kB | 57/571 kB
Progress (4): 1.2/1.9 MB | 368/521 kB | 180/695 kB | 57/571 kB
Progress (4): 1.2/1.9 MB | 368/521 kB | 180/695 kB | 66/571 kB
Progress (4): 1.2/1.9 MB | 368/521 kB | 196/695 kB | 66/571 kB
Progress (4): 1.2/1.9 MB | 368/521 kB | 212/695 kB | 66/571 kB
Progress (4): 1.2/1.9 MB | 368/521 kB | 212/695 kB | 82/571 kB
Progress (4): 1.2/1.9 MB | 384/521 kB | 212/695 kB | 82/571 kB
Progress (4): 1.2/1.9 MB | 384/521 kB | 212/695 kB | 98/571 kB
Progress (4): 1.3/1.9 MB | 384/521 kB | 212/695 kB | 98/571 kB
Progress (4): 1.3/1.9 MB | 384/521 kB | 229/695 kB | 98/571 kB
Progress (4): 1.3/1.9 MB | 401/521 kB | 229/695 kB | 98/571 kB
Progress (4): 1.3/1.9 MB | 401/521 kB | 229/695 kB | 115/571 kB
Progress (4): 1.3/1.9 MB | 401/521 kB | 229/695 kB | 115/571 kB
Progress (4): 1.3/1.9 MB | 401/521 kB | 245/695 kB | 115/571 kB
Progress (4): 1.3/1.9 MB | 401/521 kB | 245/695 kB | 115/571 kB
Progress (4): 1.3/1.9 MB | 401/521 kB | 245/695 kB | 131/571 kB
Progress (4): 1.3/1.9 MB | 401/521 kB | 245/695 kB | 131/571 kB
Progress (4): 1.3/1.9 MB | 401/521 kB | 245/695 kB | 139/571 kB
Progress (4): 1.3/1.9 MB | 401/521 kB | 245/695 kB | 139/571 kB
Progress (4): 1.3/1.9 MB | 417/521 kB | 245/695 kB | 139/571 kB
Progress (4): 1.3/1.9 MB | 417/521 kB | 262/695 kB | 139/571 kB
Progress (4): 1.3/1.9 MB | 417/521 kB | 262/695 kB | 139/571 kB
Progress (4): 1.3/1.9 MB | 417/521 kB | 262/695 kB | 156/571 kB
Progress (4): 1.3/1.9 MB | 417/521 kB | 262/695 kB | 164/571 kB
Progress (4): 1.4/1.9 MB | 417/521 kB | 262/695 kB | 164/571 kB
Progress (4): 1.4/1.9 MB | 417/521 kB | 278/695 kB | 164/571 kB
Progress (4): 1.4/1.9 MB | 434/521 kB | 278/695 kB | 164/571 kB
Progress (4): 1.4/1.9 MB | 450/521 kB | 278/695 kB | 164/571 kB
Progress (4): 1.4/1.9 MB | 450/521 kB | 278/695 kB | 164/571 kB
Progress (4): 1.4/1.9 MB | 450/521 kB | 278/695 kB | 180/571 kB
Progress (4): 1.4/1.9 MB | 450/521 kB | 278/695 kB | 180/571 kB
Progress (4): 1.4/1.9 MB | 450/521 kB | 278/695 kB | 188/571 kB
Progress (4): 1.4/1.9 MB | 450/521 kB | 278/695 kB | 205/571 kB
Progress (4): 1.4/1.9 MB | 461/521 kB | 278/695 kB | 205/571 kB
Progress (4): 1.4/1.9 MB | 461/521 kB | 278/695 kB | 205/571 kB
Progress (4): 1.4/1.9 MB | 461/521 kB | 294/695 kB | 205/571 kB
Progress (4): 1.4/1.9 MB | 461/521 kB | 294/695 kB | 221/571 kB
Progress (4): 1.4/1.9 MB | 478/521 kB | 294/695 kB | 221/571 kB
Progress (4): 1.4/1.9 MB | 478/521 kB | 294/695 kB | 221/571 kB
Progress (4): 1.4/1.9 MB | 494/521 kB | 294/695 kB | 221/571 kB
Progress (4): 1.4/1.9 MB | 494/521 kB | 294/695 kB | 221/571 kB
Progress (4): 1.4/1.9 MB | 498/521 kB | 294/695 kB | 221/571 kB
Progress (4): 1.5/1.9 MB | 498/521 kB | 294/695 kB | 221/571 kB
Progress (4): 1.5/1.9 MB | 498/521 kB | 294/695 kB | 238/571 kB
Progress (4): 1.5/1.9 MB | 498/521 kB | 311/695 kB | 238/571 kB
Progress (4): 1.5/1.9 MB | 514/521 kB | 311/695 kB | 238/571 kB
Progress (4): 1.5/1.9 MB | 514/521 kB | 311/695 kB | 238/571 kB
Progress (4): 1.5/1.9 MB | 514/521 kB | 311/695 kB | 254/571 kB
Progress (4): 1.5/1.9 MB | 514/521 kB | 311/695 kB | 254/571 kB
Progress (4): 1.5/1.9 MB | 514/521 kB | 311/695 kB | 254/571 kB
Progress (4): 1.5/1.9 MB | 521 kB | 311/695 kB | 254/571 kB    
Progress (4): 1.5/1.9 MB | 521 kB | 311/695 kB | 270/571 kB
                                                           
Downloaded from central: https://repo.maven.apache.org/maven2/io/projectreactor/netty/reactor-netty-core/1.1.22/reactor-netty-core-1.1.22.jar (521 kB at 201 kB/s)
Downloading from central: https://repo.maven.apache.org/maven2/io/netty/netty-transport/4.1.113.Final/netty-transport-4.1.113.Final.jar
Progress (3): 1.5/1.9 MB | 311/695 kB | 270/571 kB
Progress (3): 1.5/1.9 MB | 311/695 kB | 270/571 kB
Progress (3): 1.6/1.9 MB | 311/695 kB | 270/571 kB
Progress (3): 1.6/1.9 MB | 327/695 kB | 270/571 kB
Progress (3): 1.6/1.9 MB | 327/695 kB | 287/571 kB
Progress (3): 1.6/1.9 MB | 343/695 kB | 287/571 kB
Progress (3): 1.6/1.9 MB | 343/695 kB | 303/571 kB
Progress (3): 1.6/1.9 MB | 343/695 kB | 303/571 kB
Progress (3): 1.6/1.9 MB | 360/695 kB | 303/571 kB
Progress (3): 1.6/1.9 MB | 360/695 kB | 319/571 kB
Progress (3): 1.6/1.9 MB | 360/695 kB | 319/571 kB
Progress (3): 1.6/1.9 MB | 360/695 kB | 328/571 kB
Progress (3): 1.6/1.9 MB | 360/695 kB | 336/571 kB
Progress (3): 1.6/1.9 MB | 376/695 kB | 336/571 kB
Progress (3): 1.6/1.9 MB | 376/695 kB | 336/571 kB
Progress (3): 1.6/1.9 MB | 376/695 kB | 344/571 kB
Progress (3): 1.6/1.9 MB | 393/695 kB | 344/571 kB
Progress (3): 1.6/1.9 MB | 393/695 kB | 352/571 kB
Progress (3): 1.6/1.9 MB | 393/695 kB | 360/571 kB
Progress (3): 1.6/1.9 MB | 393/695 kB | 360/571 kB
Progress (3): 1.6/1.9 MB | 393/695 kB | 360/571 kB
Progress (3): 1.6/1.9 MB | 409/695 kB | 360/571 kB
Progress (3): 1.6/1.9 MB | 409/695 kB | 377/571 kB
Progress (3): 1.6/1.9 MB | 409/695 kB | 385/571 kB
Progress (3): 1.6/1.9 MB | 425/695 kB | 385/571 kB
Progress (3): 1.6/1.9 MB | 442/695 kB | 385/571 kB
Progress (3): 1.6/1.9 MB | 442/695 kB | 385/571 kB
Progress (3): 1.6/1.9 MB | 442/695 kB | 393/571 kB
Progress (3): 1.6/1.9 MB | 458/695 kB | 393/571 kB
Progress (3): 1.6/1.9 MB | 474/695 kB | 393/571 kB
Progress (3): 1.6/1.9 MB | 491/695 kB | 393/571 kB
Progress (3): 1.6/1.9 MB | 491/695 kB | 410/571 kB
Progress (3): 1.7/1.9 MB | 491/695 kB | 410/571 kB
Progress (3): 1.7/1.9 MB | 491/695 kB | 410/571 kB
Progress (3): 1.7/1.9 MB | 491/695 kB | 426/571 kB
Progress (3): 1.7/1.9 MB | 507/695 kB | 426/571 kB
Progress (3): 1.7/1.9 MB | 507/695 kB | 434/571 kB
Progress (3): 1.7/1.9 MB | 524/695 kB | 434/571 kB
Progress (3): 1.7/1.9 MB | 524/695 kB | 434/571 kB
Progress (3): 1.7/1.9 MB | 540/695 kB | 434/571 kB
Progress (3): 1.7/1.9 MB | 540/695 kB | 451/571 kB
Progress (3): 1.7/1.9 MB | 556/695 kB | 451/571 kB
Progress (3): 1.7/1.9 MB | 556/695 kB | 451/571 kB
Progress (3): 1.7/1.9 MB | 573/695 kB | 451/571 kB
Progress (4): 1.7/1.9 MB | 573/695 kB | 451/571 kB | 3.3/337 kB
Progress (4): 1.7/1.9 MB | 573/695 kB | 459/571 kB | 3.3/337 kB
Progress (4): 1.7/1.9 MB | 573/695 kB | 459/571 kB | 12/337 kB 
Progress (4): 1.7/1.9 MB | 573/695 kB | 459/571 kB | 12/337 kB
Progress (4): 1.7/1.9 MB | 573/695 kB | 475/571 kB | 12/337 kB
Progress (4): 1.7/1.9 MB | 573/695 kB | 475/571 kB | 12/337 kB
Progress (4): 1.7/1.9 MB | 589/695 kB | 475/571 kB | 12/337 kB
Progress (4): 1.7/1.9 MB | 589/695 kB | 475/571 kB | 28/337 kB
Progress (4): 1.7/1.9 MB | 589/695 kB | 492/571 kB | 28/337 kB
Progress (4): 1.8/1.9 MB | 589/695 kB | 492/571 kB | 28/337 kB
Progress (4): 1.8/1.9 MB | 606/695 kB | 492/571 kB | 28/337 kB
Progress (4): 1.8/1.9 MB | 606/695 kB | 492/571 kB | 44/337 kB
Progress (4): 1.8/1.9 MB | 606/695 kB | 508/571 kB | 44/337 kB
Progress (4): 1.8/1.9 MB | 606/695 kB | 508/571 kB | 44/337 kB
Progress (4): 1.8/1.9 MB | 622/695 kB | 508/571 kB | 44/337 kB
Progress (4): 1.8/1.9 MB | 638/695 kB | 508/571 kB | 44/337 kB
Progress (4): 1.8/1.9 MB | 655/695 kB | 508/571 kB | 44/337 kB
Progress (4): 1.8/1.9 MB | 655/695 kB | 508/571 kB | 61/337 kB
Progress (4): 1.8/1.9 MB | 655/695 kB | 524/571 kB | 61/337 kB
Progress (4): 1.8/1.9 MB | 655/695 kB | 524/571 kB | 69/337 kB
Progress (4): 1.8/1.9 MB | 655/695 kB | 524/571 kB | 69/337 kB
Progress (4): 1.8/1.9 MB | 655/695 kB | 541/571 kB | 69/337 kB
Progress (4): 1.8/1.9 MB | 655/695 kB | 557/571 kB | 69/337 kB
Progress (4): 1.8/1.9 MB | 671/695 kB | 557/571 kB | 69/337 kB
Progress (4): 1.8/1.9 MB | 671/695 kB | 557/571 kB | 77/337 kB
Progress (4): 1.8/1.9 MB | 671/695 kB | 557/571 kB | 77/337 kB
Progress (4): 1.8/1.9 MB | 687/695 kB | 557/571 kB | 77/337 kB
Progress (4): 1.8/1.9 MB | 695 kB | 557/571 kB | 77/337 kB    
Progress (4): 1.8/1.9 MB | 695 kB | 557/571 kB | 85/337 kB
Progress (4): 1.8/1.9 MB | 695 kB | 557/571 kB | 85/337 kB
Progress (4): 1.8/1.9 MB | 695 kB | 565/571 kB | 85/337 kB
Progress (4): 1.8/1.9 MB | 695 kB | 571 kB | 85/337 kB    
Progress (4): 1.8/1.9 MB | 695 kB | 571 kB | 93/337 kB
                                                      
Downloaded from central: https://repo.maven.apache.org/maven2/io/netty/netty-common/4.1.113.Final/netty-common-4.1.113.Final.jar (695 kB at 262 kB/s)
Downloading from central: https://repo.maven.apache.org/maven2/io/netty/netty-transport-native-unix-common/4.1.113.Final/netty-transport-native-unix-common-4.1.113.Final.jar
Downloaded from central: https://repo.maven.apache.org/maven2/io/netty/netty-handler/4.1.113.Final/netty-handler-4.1.113.Final.jar (571 kB at 215 kB/s)
Progress (2): 1.8/1.9 MB | 93/337 kB
                                    
Downloading from central: https://repo.maven.apache.org/maven2/io/netty/netty-codec/4.1.113.Final/netty-codec-4.1.113.Final.jar
Progress (2): 1.9/1.9 MB | 93/337 kB
Progress (2): 1.9/1.9 MB | 110/337 kB
Progress (2): 1.9/1.9 MB | 126/337 kB
Progress (2): 1.9 MB | 126/337 kB    
Progress (2): 1.9 MB | 134/337 kB
Progress (2): 1.9 MB | 151/337 kB
Progress (2): 1.9 MB | 167/337 kB
Progress (2): 1.9 MB | 184/337 kB
Progress (2): 1.9 MB | 200/337 kB
                                 
Downloaded from central: https://repo.maven.apache.org/maven2/io/projectreactor/reactor-core/3.6.10/reactor-core-3.6.10.jar (1.9 MB at 703 kB/s)
Downloading from central: https://repo.maven.apache.org/maven2/io/netty/netty-handler-proxy/4.1.113.Final/netty-handler-proxy-4.1.113.Final.jar
Progress (1): 216/337 kB
Progress (1): 225/337 kB
Progress (1): 241/337 kB
Progress (1): 257/337 kB
Progress (1): 274/337 kB
Progress (1): 282/337 kB
Progress (1): 298/337 kB
Progress (1): 315/337 kB
Progress (1): 331/337 kB
Progress (1): 337 kB    
                    
Downloaded from central: https://repo.maven.apache.org/maven2/io/netty/netty-buffer/4.1.113.Final/netty-buffer-4.1.113.Final.jar (337 kB at 126 kB/s)
Downloading from central: https://repo.maven.apache.org/maven2/io/netty/netty-codec-socks/4.1.113.Final/netty-codec-socks-4.1.113.Final.jar
Progress (1): 7.7/521 kB
Progress (1): 12/521 kB 
Progress (1): 28/521 kB
Progress (1): 44/521 kB
Progress (1): 61/521 kB
Progress (1): 77/521 kB
Progress (1): 93/521 kB
Progress (1): 110/521 kB
Progress (1): 126/521 kB
Progress (1): 143/521 kB
Progress (1): 159/521 kB
Progress (1): 175/521 kB
Progress (1): 192/521 kB
Progress (1): 208/521 kB
Progress (1): 225/521 kB
Progress (1): 230/521 kB
Progress (1): 246/521 kB
Progress (1): 263/521 kB
Progress (1): 279/521 kB
Progress (1): 296/521 kB
Progress (1): 312/521 kB
Progress (1): 328/521 kB
Progress (1): 345/521 kB
Progress (1): 361/521 kB
Progress (1): 377/521 kB
Progress (1): 394/521 kB
Progress (1): 410/521 kB
Progress (1): 427/521 kB
Progress (1): 443/521 kB
Progress (1): 459/521 kB
Progress (1): 476/521 kB
Progress (1): 492/521 kB
Progress (1): 509/521 kB
Progress (2): 509/521 kB | 7.7/26 kB
Progress (2): 509/521 kB | 12/26 kB 
Progress (2): 521 kB | 12/26 kB    
Progress (2): 521 kB | 26 kB   
                            
Downloaded from central: https://repo.maven.apache.org/maven2/io/netty/netty-transport/4.1.113.Final/netty-transport-4.1.113.Final.jar (521 kB at 188 kB/s)
Downloaded from central: https://repo.maven.apache.org/maven2/io/netty/netty-handler-proxy/4.1.113.Final/netty-handler-proxy-4.1.113.Final.jar (26 kB at 9.3 kB/s)
Downloading from central: https://repo.maven.apache.org/maven2/io/netty/netty-resolver-dns/4.1.113.Final/netty-resolver-dns-4.1.113.Final.jar
Downloading from central: https://repo.maven.apache.org/maven2/io/netty/netty-codec-dns/4.1.113.Final/netty-codec-dns-4.1.113.Final.jar
Progress (1): 7.7/352 kB
Progress (1): 8.2/352 kB
Progress (2): 8.2/352 kB | 3.4/121 kB
Progress (2): 25/352 kB | 3.4/121 kB 
Progress (2): 25/352 kB | 20/121 kB 
Progress (2): 25/352 kB | 36/121 kB
Progress (2): 41/352 kB | 36/121 kB
Progress (2): 57/352 kB | 36/121 kB
Progress (2): 57/352 kB | 53/121 kB
Progress (2): 74/352 kB | 53/121 kB
Progress (2): 90/352 kB | 53/121 kB
Progress (2): 90/352 kB | 69/121 kB
Progress (2): 90/352 kB | 85/121 kB
Progress (2): 90/352 kB | 102/121 kB
Progress (2): 106/352 kB | 102/121 kB
Progress (2): 123/352 kB | 102/121 kB
Progress (2): 123/352 kB | 118/121 kB
Progress (2): 123/352 kB | 121 kB    
Progress (2): 131/352 kB | 121 kB
                                 
Downloaded from central: https://repo.maven.apache.org/maven2/io/netty/netty-codec-socks/4.1.113.Final/netty-codec-socks-4.1.113.Final.jar (121 kB at 43 kB/s)
Downloading from central: https://repo.maven.apache.org/maven2/io/netty/netty-resolver-dns-native-macos/4.1.113.Final/netty-resolver-dns-native-macos-4.1.113.Final-osx-x86_64.jar
Progress (1): 147/352 kB
Progress (1): 164/352 kB
Progress (1): 180/352 kB
Progress (1): 197/352 kB
Progress (1): 213/352 kB
Progress (1): 229/352 kB
Progress (1): 246/352 kB
Progress (1): 262/352 kB
Progress (1): 279/352 kB
Progress (1): 295/352 kB
Progress (2): 295/352 kB | 3.3/44 kB
Progress (2): 311/352 kB | 3.3/44 kB
Progress (2): 311/352 kB | 20/44 kB 
Progress (2): 328/352 kB | 20/44 kB
Progress (2): 328/352 kB | 36/44 kB
Progress (2): 328/352 kB | 44 kB   
Progress (2): 344/352 kB | 44 kB
Progress (2): 352 kB | 44 kB    
                            
Downloaded from central: https://repo.maven.apache.org/maven2/io/netty/netty-transport-native-unix-common/4.1.113.Final/netty-transport-native-unix-common-4.1.113.Final.jar (44 kB at 16 kB/s)
Downloading from central: https://repo.maven.apache.org/maven2/io/netty/netty-resolver-dns-classes-macos/4.1.113.Final/netty-resolver-dns-classes-macos-4.1.113.Final.jar
Downloaded from central: https://repo.maven.apache.org/maven2/io/netty/netty-codec/4.1.113.Final/netty-codec-4.1.113.Final.jar (352 kB at 125 kB/s)
Downloading from central: https://repo.maven.apache.org/maven2/io/netty/netty-transport-native-epoll/4.1.113.Final/netty-transport-native-epoll-4.1.113.Final-linux-x86_64.jar
Progress (1): 7.7/67 kB
Progress (1): 7.7/67 kB
Progress (1): 24/67 kB 
Progress (1): 40/67 kB
Progress (1): 49/67 kB
Progress (1): 66/67 kB
Progress (1): 67 kB   
                   
Downloaded from central: https://repo.maven.apache.org/maven2/io/netty/netty-codec-dns/4.1.113.Final/netty-codec-dns-4.1.113.Final.jar (67 kB at 23 kB/s)
Downloading from central: https://repo.maven.apache.org/maven2/io/netty/netty-transport-classes-epoll/4.1.113.Final/netty-transport-classes-epoll-4.1.113.Final.jar
Progress (1): 7.7/182 kB
Progress (1): 16/182 kB 
Progress (1): 32/182 kB
Progress (1): 49/182 kB
Progress (1): 65/182 kB
Progress (1): 81/182 kB
Progress (1): 98/182 kB
Progress (1): 114/182 kB
Progress (1): 131/182 kB
Progress (1): 147/182 kB
Progress (2): 147/182 kB | 7.7/19 kB
Progress (2): 147/182 kB | 8.2/19 kB
Progress (2): 163/182 kB | 8.2/19 kB
Progress (2): 163/182 kB | 19 kB    
Progress (2): 180/182 kB | 19 kB
Progress (2): 182 kB | 19 kB    
                            
Downloaded from central: https://repo.maven.apache.org/maven2/io/netty/netty-resolver-dns-native-macos/4.1.113.Final/netty-resolver-dns-native-macos-4.1.113.Final-osx-x86_64.jar (19 kB at 6.7 kB/s)
Downloading from central: https://repo.maven.apache.org/maven2/org/postgresql/postgresql/42.7.4/postgresql-42.7.4.jar
Downloaded from central: https://repo.maven.apache.org/maven2/io/netty/netty-resolver-dns/4.1.113.Final/netty-resolver-dns-4.1.113.Final.jar (182 kB at 63 kB/s)
Downloading from central: https://repo.maven.apache.org/maven2/org/checkerframework/checker-qual/3.42.0/checker-qual-3.42.0.jar
Progress (1): 7.7/40 kB
Progress (1): 16/40 kB 
Progress (1): 24/40 kB
Progress (1): 40 kB   
                   
Downloaded from central: https://repo.maven.apache.org/maven2/io/netty/netty-transport-native-epoll/4.1.113.Final/netty-transport-native-epoll-4.1.113.Final-linux-x86_64.jar (40 kB at 14 kB/s)
Downloading from central: https://repo.maven.apache.org/maven2/org/flywaydb/flyway-core/10.10.0/flyway-core-10.10.0.jar
Progress (1): 7.7/9.1 kB
Progress (1): 9.1 kB    
                    
Downloaded from central: https://repo.maven.apache.org/maven2/io/netty/netty-resolver-dns-classes-macos/4.1.113.Final/netty-resolver-dns-classes-macos-4.1.113.Final.jar (9.1 kB at 3.1 kB/s)
Downloading from central: https://repo.maven.apache.org/maven2/com/fasterxml/jackson/dataformat/jackson-dataformat-toml/2.17.2/jackson-dataformat-toml-2.17.2.jar
Progress (1): 7.7/148 kB
Progress (1): 8.2/148 kB
Progress (1): 25/148 kB 
Progress (1): 41/148 kB
Progress (1): 49/148 kB
Progress (1): 66/148 kB
Progress (1): 82/148 kB
Progress (1): 98/148 kB
Progress (1): 115/148 kB
Progress (1): 123/148 kB
Progress (1): 139/148 kB
Progress (1): 148 kB    
                    
Downloaded from central: https://repo.maven.apache.org/maven2/io/netty/netty-transport-classes-epoll/4.1.113.Final/netty-transport-classes-epoll-4.1.113.Final.jar (148 kB at 50 kB/s)
Downloading from central: https://repo.maven.apache.org/maven2/com/fasterxml/jackson/core/jackson-core/2.17.2/jackson-core-2.17.2.jar
Progress (1): 3.4/231 kB
Progress (1): 20/231 kB 
Progress (1): 36/231 kB
Progress (1): 53/231 kB
Progress (1): 69/231 kB
Progress (1): 85/231 kB
Progress (1): 102/231 kB
Progress (1): 118/231 kB
Progress (1): 134/231 kB
Progress (1): 151/231 kB
Progress (1): 159/231 kB
Progress (1): 175/231 kB
Progress (1): 192/231 kB
Progress (1): 208/231 kB
Progress (1): 216/231 kB
Progress (1): 231 kB    
                    
Downloaded from central: https://repo.maven.apache.org/maven2/org/checkerframework/checker-qual/3.42.0/checker-qual-3.42.0.jar (231 kB at 76 kB/s)
Downloading from central: https://repo.maven.apache.org/maven2/com/google/code/gson/gson/2.10.1/gson-2.10.1.jar
Progress (1): 0/1.1 MB
Progress (1): 0/1.1 MB
Progress (1): 0/1.1 MB
Progress (1): 0/1.1 MB
Progress (1): 0.1/1.1 MB
Progress (1): 0.1/1.1 MB
Progress (1): 0.1/1.1 MB
Progress (1): 0.1/1.1 MB
Progress (1): 0.1/1.1 MB
Progress (1): 0.1/1.1 MB
Progress (2): 0.1/1.1 MB | 16/810 kB
Progress (2): 0.2/1.1 MB | 16/810 kB
Progress (2): 0.2/1.1 MB | 25/810 kB
Progress (2): 0.2/1.1 MB | 25/810 kB
Progress (2): 0.2/1.1 MB | 41/810 kB
Progress (2): 0.2/1.1 MB | 41/810 kB
Progress (2): 0.2/1.1 MB | 41/810 kB
Progress (2): 0.2/1.1 MB | 57/810 kB
Progress (2): 0.2/1.1 MB | 57/810 kB
Progress (2): 0.2/1.1 MB | 74/810 kB
Progress (2): 0.2/1.1 MB | 74/810 kB
Progress (2): 0.2/1.1 MB | 90/810 kB
Progress (2): 0.2/1.1 MB | 94/810 kB
Progress (2): 0.3/1.1 MB | 94/810 kB
Progress (2): 0.3/1.1 MB | 94/810 kB
Progress (2): 0.3/1.1 MB | 110/810 kB
Progress (2): 0.3/1.1 MB | 110/810 kB
Progress (2): 0.3/1.1 MB | 123/810 kB
Progress (2): 0.3/1.1 MB | 123/810 kB
Progress (2): 0.3/1.1 MB | 139/810 kB
Progress (2): 0.3/1.1 MB | 139/810 kB
Progress (2): 0.3/1.1 MB | 156/810 kB
Progress (2): 0.3/1.1 MB | 172/810 kB
Progress (2): 0.3/1.1 MB | 172/810 kB
Progress (2): 0.3/1.1 MB | 188/810 kB
Progress (2): 0.4/1.1 MB | 188/810 kB
Progress (2): 0.4/1.1 MB | 205/810 kB
Progress (2): 0.4/1.1 MB | 205/810 kB
Progress (2): 0.4/1.1 MB | 221/810 kB
Progress (2): 0.4/1.1 MB | 224/810 kB
Progress (2): 0.4/1.1 MB | 224/810 kB
Progress (2): 0.4/1.1 MB | 241/810 kB
Progress (2): 0.4/1.1 MB | 241/810 kB
Progress (2): 0.4/1.1 MB | 257/810 kB
Progress (2): 0.4/1.1 MB | 257/810 kB
Progress (2): 0.4/1.1 MB | 273/810 kB
Progress (2): 0.4/1.1 MB | 273/810 kB
Progress (2): 0.4/1.1 MB | 290/810 kB
Progress (2): 0.5/1.1 MB | 290/810 kB
Progress (2): 0.5/1.1 MB | 306/810 kB
Progress (2): 0.5/1.1 MB | 306/810 kB
Progress (2): 0.5/1.1 MB | 323/810 kB
Progress (2): 0.5/1.1 MB | 323/810 kB
Progress (2): 0.5/1.1 MB | 323/810 kB
Progress (2): 0.5/1.1 MB | 339/810 kB
Progress (2): 0.5/1.1 MB | 339/810 kB
Progress (2): 0.5/1.1 MB | 339/810 kB
Progress (2): 0.5/1.1 MB | 355/810 kB
Progress (2): 0.5/1.1 MB | 355/810 kB
Progress (2): 0.6/1.1 MB | 355/810 kB
Progress (2): 0.6/1.1 MB | 355/810 kB
Progress (2): 0.6/1.1 MB | 372/810 kB
Progress (3): 0.6/1.1 MB | 372/810 kB | 7.7/56 kB
Progress (3): 0.6/1.1 MB | 372/810 kB | 8.2/56 kB
Progress (3): 0.6/1.1 MB | 372/810 kB | 8.2/56 kB
Progress (3): 0.6/1.1 MB | 372/810 kB | 25/56 kB 
Progress (3): 0.6/1.1 MB | 388/810 kB | 25/56 kB
Progress (3): 0.6/1.1 MB | 388/810 kB | 25/56 kB
Progress (3): 0.6/1.1 MB | 405/810 kB | 25/56 kB
Progress (3): 0.6/1.1 MB | 405/810 kB | 25/56 kB
Progress (3): 0.6/1.1 MB | 421/810 kB | 25/56 kB
Progress (3): 0.6/1.1 MB | 421/810 kB | 41/56 kB
Progress (3): 0.6/1.1 MB | 421/810 kB | 41/56 kB
Progress (4): 0.6/1.1 MB | 421/810 kB | 41/56 kB | 7.7/582 kB
Progress (4): 0.6/1.1 MB | 421/810 kB | 41/56 kB | 16/582 kB 
Progress (4): 0.7/1.1 MB | 421/810 kB | 41/56 kB | 16/582 kB
Progress (4): 0.7/1.1 MB | 437/810 kB | 41/56 kB | 16/582 kB
Progress (4): 0.7/1.1 MB | 454/810 kB | 41/56 kB | 16/582 kB
Progress (4): 0.7/1.1 MB | 454/810 kB | 41/56 kB | 16/582 kB
Progress (4): 0.7/1.1 MB | 454/810 kB | 56 kB | 16/582 kB   
Progress (4): 0.7/1.1 MB | 454/810 kB | 56 kB | 32/582 kB
Progress (4): 0.7/1.1 MB | 470/810 kB | 56 kB | 32/582 kB
Progress (4): 0.7/1.1 MB | 486/810 kB | 56 kB | 32/582 kB
Progress (4): 0.7/1.1 MB | 486/810 kB | 56 kB | 32/582 kB
                                                         
Downloaded from central: https://repo.maven.apache.org/maven2/com/fasterxml/jackson/dataformat/jackson-dataformat-toml/2.17.2/jackson-dataformat-toml-2.17.2.jar (56 kB at 18 kB/s)
Downloading from central: https://repo.maven.apache.org/maven2/org/flywaydb/flyway-database-postgresql/10.10.0/flyway-database-postgresql-10.10.0.jar
Progress (3): 0.7/1.1 MB | 503/810 kB | 32/582 kB
Progress (3): 0.7/1.1 MB | 503/810 kB | 32/582 kB
Progress (3): 0.7/1.1 MB | 503/810 kB | 49/582 kB
Progress (3): 0.7/1.1 MB | 519/810 kB | 49/582 kB
Progress (3): 0.7/1.1 MB | 519/810 kB | 49/582 kB
Progress (3): 0.7/1.1 MB | 536/810 kB | 49/582 kB
Progress (3): 0.7/1.1 MB | 536/810 kB | 65/582 kB
Progress (3): 0.7/1.1 MB | 552/810 kB | 65/582 kB
Progress (3): 0.7/1.1 MB | 552/810 kB | 65/582 kB
Progress (3): 0.7/1.1 MB | 552/810 kB | 81/582 kB
Progress (3): 0.7/1.1 MB | 552/810 kB | 98/582 kB
Progress (3): 0.7/1.1 MB | 568/810 kB | 98/582 kB
Progress (3): 0.8/1.1 MB | 568/810 kB | 98/582 kB
Progress (3): 0.8/1.1 MB | 585/810 kB | 98/582 kB
Progress (3): 0.8/1.1 MB | 585/810 kB | 114/582 kB
Progress (3): 0.8/1.1 MB | 585/810 kB | 114/582 kB
Progress (3): 0.8/1.1 MB | 601/810 kB | 114/582 kB
Progress (3): 0.8/1.1 MB | 618/810 kB | 114/582 kB
Progress (3): 0.8/1.1 MB | 618/810 kB | 131/582 kB
Progress (3): 0.8/1.1 MB | 618/810 kB | 131/582 kB
Progress (3): 0.8/1.1 MB | 634/810 kB | 131/582 kB
Progress (3): 0.8/1.1 MB | 634/810 kB | 147/582 kB
Progress (3): 0.8/1.1 MB | 634/810 kB | 147/582 kB
Progress (3): 0.8/1.1 MB | 650/810 kB | 147/582 kB
Progress (3): 0.8/1.1 MB | 650/810 kB | 163/582 kB
Progress (3): 0.8/1.1 MB | 667/810 kB | 163/582 kB
Progress (3): 0.8/1.1 MB | 667/810 kB | 163/582 kB
Progress (3): 0.8/1.1 MB | 667/810 kB | 180/582 kB
Progress (3): 0.8/1.1 MB | 667/810 kB | 180/582 kB
Progress (3): 0.8/1.1 MB | 667/810 kB | 196/582 kB
Progress (3): 0.8/1.1 MB | 683/810 kB | 196/582 kB
Progress (3): 0.8/1.1 MB | 699/810 kB | 196/582 kB
Progress (3): 0.8/1.1 MB | 699/810 kB | 212/582 kB
Progress (3): 0.9/1.1 MB | 699/810 kB | 212/582 kB
Progress (3): 0.9/1.1 MB | 716/810 kB | 212/582 kB
Progress (3): 0.9/1.1 MB | 716/810 kB | 229/582 kB
Progress (3): 0.9/1.1 MB | 732/810 kB | 229/582 kB
Progress (3): 0.9/1.1 MB | 749/810 kB | 229/582 kB
Progress (3): 0.9/1.1 MB | 765/810 kB | 229/582 kB
Progress (3): 0.9/1.1 MB | 765/810 kB | 245/582 kB
Progress (3): 0.9/1.1 MB | 765/810 kB | 245/582 kB
Progress (3): 0.9/1.1 MB | 765/810 kB | 245/582 kB
Progress (3): 0.9/1.1 MB | 781/810 kB | 245/582 kB
Progress (3): 0.9/1.1 MB | 781/810 kB | 262/582 kB
Progress (3): 0.9/1.1 MB | 781/810 kB | 278/582 kB
Progress (3): 0.9/1.1 MB | 781/810 kB | 278/582 kB
Progress (3): 0.9/1.1 MB | 781/810 kB | 294/582 kB
Progress (3): 0.9/1.1 MB | 798/810 kB | 294/582 kB
Progress (3): 0.9/1.1 MB | 798/810 kB | 311/582 kB
Progress (3): 0.9/1.1 MB | 798/810 kB | 311/582 kB
Progress (3): 0.9/1.1 MB | 810 kB | 311/582 kB    
Progress (3): 0.9/1.1 MB | 810 kB | 327/582 kB
Progress (3): 0.9/1.1 MB | 810 kB | 327/582 kB
Progress (3): 0.9/1.1 MB | 810 kB | 344/582 kB
                                              
Downloaded from central: https://repo.maven.apache.org/maven2/org/flywaydb/flyway-core/10.10.0/flyway-core-10.10.0.jar (810 kB at 259 kB/s)
Downloading from central: https://repo.maven.apache.org/maven2/io/jsonwebtoken/jjwt-api/0.12.6/jjwt-api-0.12.6.jar
Progress (2): 1.0/1.1 MB | 344/582 kB
Progress (2): 1.0/1.1 MB | 360/582 kB
Progress (3): 1.0/1.1 MB | 360/582 kB | 7.7/283 kB
Progress (3): 1.0/1.1 MB | 360/582 kB | 12/283 kB 
Progress (3): 1.0/1.1 MB | 360/582 kB | 28/283 kB
Progress (3): 1.0/1.1 MB | 360/582 kB | 28/283 kB
Progress (3): 1.0/1.1 MB | 376/582 kB | 28/283 kB
Progress (3): 1.0/1.1 MB | 376/582 kB | 28/283 kB
Progress (3): 1.0/1.1 MB | 376/582 kB | 44/283 kB
Progress (3): 1.0/1.1 MB | 393/582 kB | 44/283 kB
Progress (3): 1.0/1.1 MB | 393/582 kB | 61/283 kB
Progress (3): 1.0/1.1 MB | 409/582 kB | 61/283 kB
Progress (3): 1.0/1.1 MB | 409/582 kB | 61/283 kB
Progress (3): 1.0/1.1 MB | 409/582 kB | 61/283 kB
Progress (3): 1.0/1.1 MB | 409/582 kB | 77/283 kB
Progress (3): 1.0/1.1 MB | 425/582 kB | 77/283 kB
Progress (3): 1.0/1.1 MB | 442/582 kB | 77/283 kB
Progress (3): 1.0/1.1 MB | 442/582 kB | 77/283 kB
Progress (3): 1.0/1.1 MB | 442/582 kB | 93/283 kB
Progress (3): 1.0/1.1 MB | 458/582 kB | 93/283 kB
Progress (3): 1.0/1.1 MB | 458/582 kB | 110/283 kB
Progress (3): 1.0/1.1 MB | 458/582 kB | 126/283 kB
Progress (3): 1.1/1.1 MB | 458/582 kB | 126/283 kB
Progress (3): 1.1/1.1 MB | 458/582 kB | 143/283 kB
Progress (3): 1.1/1.1 MB | 475/582 kB | 143/283 kB
Progress (3): 1.1/1.1 MB | 491/582 kB | 143/283 kB
Progress (3): 1.1/1.1 MB | 491/582 kB | 159/283 kB
Progress (3): 1.1/1.1 MB | 491/582 kB | 159/283 kB
Progress (3): 1.1/1.1 MB | 491/582 kB | 175/283 kB
Progress (3): 1.1/1.1 MB | 491/582 kB | 175/283 kB
Progress (3): 1.1 MB | 491/582 kB | 175/283 kB    
Progress (3): 1.1 MB | 507/582 kB | 175/283 kB
Progress (3): 1.1 MB | 507/582 kB | 180/283 kB
                                              
Downloaded from central: https://repo.maven.apache.org/maven2/org/postgresql/postgresql/42.7.4/postgresql-42.7.4.jar (1.1 MB at 345 kB/s)
Downloading from central: https://repo.maven.apache.org/maven2/io/jsonwebtoken/jjwt-impl/0.12.6/jjwt-impl-0.12.6.jar
Progress (2): 524/582 kB | 180/283 kB
Progress (2): 524/582 kB | 197/283 kB
Progress (2): 540/582 kB | 197/283 kB
Progress (2): 540/582 kB | 213/283 kB
Progress (2): 540/582 kB | 229/283 kB
Progress (2): 540/582 kB | 246/283 kB
Progress (2): 540/582 kB | 254/283 kB
Progress (2): 557/582 kB | 254/283 kB
Progress (2): 557/582 kB | 270/283 kB
Progress (2): 557/582 kB | 283 kB    
Progress (2): 573/582 kB | 283 kB
Progress (2): 582 kB | 283 kB    
                             
Downloaded from central: https://repo.maven.apache.org/maven2/com/google/code/gson/gson/2.10.1/gson-2.10.1.jar (283 kB at 90 kB/s)
Downloading from central: https://repo.maven.apache.org/maven2/io/jsonwebtoken/jjwt-jackson/0.12.6/jjwt-jackson-0.12.6.jar
Downloaded from central: https://repo.maven.apache.org/maven2/com/fasterxml/jackson/core/jackson-core/2.17.2/jackson-core-2.17.2.jar (582 kB at 184 kB/s)
Downloading from central: https://repo.maven.apache.org/maven2/com/fasterxml/jackson/core/jackson-databind/2.17.2/jackson-databind-2.17.2.jar
Progress (1): 7.7/47 kB
Progress (1): 7.7/47 kB
Progress (1): 24/47 kB 
Progress (1): 40/47 kB
Progress (1): 47 kB   
                   
Downloaded from central: https://repo.maven.apache.org/maven2/org/flywaydb/flyway-database-postgresql/10.10.0/flyway-database-postgresql-10.10.0.jar (47 kB at 15 kB/s)
Downloading from central: https://repo.maven.apache.org/maven2/com/fasterxml/jackson/core/jackson-annotations/2.17.2/jackson-annotations-2.17.2.jar
Progress (1): 7.7/140 kB
Progress (1): 7.7/140 kB
Progress (1): 24/140 kB 
Progress (1): 40/140 kB
Progress (1): 57/140 kB
Progress (1): 73/140 kB
Progress (1): 90/140 kB
Progress (1): 106/140 kB
Progress (1): 122/140 kB
Progress (1): 139/140 kB
Progress (1): 140 kB    
                    
Downloaded from central: https://repo.maven.apache.org/maven2/io/jsonwebtoken/jjwt-api/0.12.6/jjwt-api-0.12.6.jar (140 kB at 43 kB/s)
Downloading from central: https://repo.maven.apache.org/maven2/org/projectlombok/lombok/1.18.34/lombok-1.18.34.jar
Progress (1): 7.7/9.4 kB
Progress (1): 9.4 kB    
                    
Downloaded from central: https://repo.maven.apache.org/maven2/io/jsonwebtoken/jjwt-jackson/0.12.6/jjwt-jackson-0.12.6.jar (9.4 kB at 2.9 kB/s)
Downloading from central: https://repo.maven.apache.org/maven2/org/springframework/boot/spring-boot-starter-test/3.3.4/spring-boot-starter-test-3.3.4.jar
Progress (1): 0/1.6 MB
Progress (1): 0/1.6 MB
Progress (1): 0/1.6 MB
Progress (1): 0/1.6 MB
Progress (1): 0.1/1.6 MB
Progress (1): 0.1/1.6 MB
Progress (1): 0.1/1.6 MB
Progress (1): 0.1/1.6 MB
Progress (1): 0.1/1.6 MB
Progress (1): 0.1/1.6 MB
Progress (1): 0.1/1.6 MB
Progress (1): 0.2/1.6 MB
Progress (1): 0.2/1.6 MB
Progress (1): 0.2/1.6 MB
Progress (1): 0.2/1.6 MB
Progress (1): 0.2/1.6 MB
Progress (1): 0.2/1.6 MB
Progress (1): 0.3/1.6 MB
Progress (1): 0.3/1.6 MB
Progress (1): 0.3/1.6 MB
Progress (1): 0.3/1.6 MB
Progress (1): 0.3/1.6 MB
Progress (1): 0.3/1.6 MB
Progress (1): 0.4/1.6 MB
Progress (1): 0.4/1.6 MB
Progress (1): 0.4/1.6 MB
Progress (1): 0.4/1.6 MB
Progress (1): 0.4/1.6 MB
Progress (1): 0.4/1.6 MB
Progress (1): 0.5/1.6 MB
Progress (2): 0.5/1.6 MB | 7.7/473 kB
Progress (2): 0.5/1.6 MB | 7.7/473 kB
Progress (2): 0.5/1.6 MB | 7.7/473 kB
Progress (2): 0.5/1.6 MB | 24/473 kB 
Progress (2): 0.5/1.6 MB | 24/473 kB
Progress (2): 0.5/1.6 MB | 24/473 kB
Progress (2): 0.5/1.6 MB | 24/473 kB
Progress (2): 0.5/1.6 MB | 24/473 kB
Progress (2): 0.5/1.6 MB | 40/473 kB
Progress (2): 0.5/1.6 MB | 57/473 kB
Progress (2): 0.6/1.6 MB | 57/473 kB
Progress (2): 0.6/1.6 MB | 73/473 kB
Progress (2): 0.6/1.6 MB | 73/473 kB
Progress (2): 0.6/1.6 MB | 73/473 kB
Progress (2): 0.6/1.6 MB | 90/473 kB
Progress (2): 0.6/1.6 MB | 106/473 kB
Progress (2): 0.6/1.6 MB | 106/473 kB
Progress (2): 0.6/1.6 MB | 122/473 kB
Progress (2): 0.6/1.6 MB | 122/473 kB
Progress (2): 0.6/1.6 MB | 122/473 kB
Progress (2): 0.7/1.6 MB | 122/473 kB
Progress (2): 0.7/1.6 MB | 122/473 kB
Progress (2): 0.7/1.6 MB | 139/473 kB
Progress (2): 0.7/1.6 MB | 155/473 kB
Progress (2): 0.7/1.6 MB | 155/473 kB
Progress (2): 0.7/1.6 MB | 155/473 kB
Progress (2): 0.7/1.6 MB | 172/473 kB
Progress (2): 0.7/1.6 MB | 172/473 kB
Progress (2): 0.7/1.6 MB | 188/473 kB
Progress (2): 0.7/1.6 MB | 188/473 kB
Progress (2): 0.7/1.6 MB | 204/473 kB
Progress (2): 0.8/1.6 MB | 204/473 kB
Progress (2): 0.8/1.6 MB | 221/473 kB
Progress (2): 0.8/1.6 MB | 221/473 kB
Progress (2): 0.8/1.6 MB | 232/473 kB
Progress (2): 0.8/1.6 MB | 246/473 kB
Progress (2): 0.8/1.6 MB | 246/473 kB
Progress (2): 0.8/1.6 MB | 262/473 kB
Progress (2): 0.8/1.6 MB | 262/473 kB
Progress (2): 0.8/1.6 MB | 262/473 kB
Progress (2): 0.8/1.6 MB | 279/473 kB
Progress (2): 0.8/1.6 MB | 295/473 kB
Progress (2): 0.8/1.6 MB | 295/473 kB
Progress (2): 0.8/1.6 MB | 311/473 kB
Progress (2): 0.9/1.6 MB | 311/473 kB
Progress (2): 0.9/1.6 MB | 328/473 kB
Progress (2): 0.9/1.6 MB | 328/473 kB
Progress (2): 0.9/1.6 MB | 328/473 kB
Progress (2): 0.9/1.6 MB | 344/473 kB
Progress (2): 0.9/1.6 MB | 344/473 kB
Progress (2): 0.9/1.6 MB | 360/473 kB
Progress (2): 0.9/1.6 MB | 360/473 kB
Progress (2): 0.9/1.6 MB | 377/473 kB
Progress (2): 0.9/1.6 MB | 393/473 kB
Progress (2): 0.9/1.6 MB | 393/473 kB
Progress (2): 1.0/1.6 MB | 393/473 kB
Progress (2): 1.0/1.6 MB | 393/473 kB
Progress (2): 1.0/1.6 MB | 393/473 kB
Progress (2): 1.0/1.6 MB | 393/473 kB
Progress (2): 1.0/1.6 MB | 393/473 kB
Progress (2): 1.0/1.6 MB | 393/473 kB
Progress (2): 1.0/1.6 MB | 393/473 kB
Progress (2): 1.1/1.6 MB | 393/473 kB
Progress (2): 1.1/1.6 MB | 393/473 kB
Progress (2): 1.1/1.6 MB | 393/473 kB
Progress (2): 1.1/1.6 MB | 393/473 kB
Progress (2): 1.1/1.6 MB | 393/473 kB
Progress (2): 1.1/1.6 MB | 410/473 kB
Progress (2): 1.1/1.6 MB | 410/473 kB
Progress (2): 1.2/1.6 MB | 410/473 kB
Progress (2): 1.2/1.6 MB | 426/473 kB
Progress (2): 1.2/1.6 MB | 426/473 kB
Progress (2): 1.2/1.6 MB | 442/473 kB
Progress (2): 1.2/1.6 MB | 442/473 kB
Progress (2): 1.2/1.6 MB | 459/473 kB
Progress (2): 1.2/1.6 MB | 459/473 kB
Progress (2): 1.2/1.6 MB | 473 kB    
Progress (2): 1.2/1.6 MB | 473 kB
                                 
Downloaded from central: https://repo.maven.apache.org/maven2/io/jsonwebtoken/jjwt-impl/0.12.6/jjwt-impl-0.12.6.jar (473 kB at 141 kB/s)
Downloading from central: https://repo.maven.apache.org/maven2/org/springframework/boot/spring-boot-test/3.3.4/spring-boot-test-3.3.4.jar
Progress (1): 1.2/1.6 MB
Progress (1): 1.3/1.6 MB
Progress (1): 1.3/1.6 MB
Progress (1): 1.3/1.6 MB
Progress (1): 1.3/1.6 MB
Progress (2): 1.3/1.6 MB | 0/2.1 MB
Progress (2): 1.3/1.6 MB | 0/2.1 MB
Progress (2): 1.3/1.6 MB | 0/2.1 MB
Progress (2): 1.3/1.6 MB | 0/2.1 MB
Progress (2): 1.3/1.6 MB | 0/2.1 MB
Progress (3): 1.3/1.6 MB | 0/2.1 MB | 7.7/78 kB
Progress (3): 1.3/1.6 MB | 0/2.1 MB | 16/78 kB 
Progress (3): 1.4/1.6 MB | 0/2.1 MB | 16/78 kB
Progress (3): 1.4/1.6 MB | 0/2.1 MB | 16/78 kB
Progress (3): 1.4/1.6 MB | 0.1/2.1 MB | 16/78 kB
Progress (3): 1.4/1.6 MB | 0.1/2.1 MB | 32/78 kB
Progress (3): 1.4/1.6 MB | 0.1/2.1 MB | 32/78 kB
Progress (3): 1.4/1.6 MB | 0.1/2.1 MB | 32/78 kB
Progress (3): 1.4/1.6 MB | 0.1/2.1 MB | 32/78 kB
Progress (3): 1.4/1.6 MB | 0.1/2.1 MB | 32/78 kB
Progress (3): 1.4/1.6 MB | 0.1/2.1 MB | 32/78 kB
Progress (3): 1.4/1.6 MB | 0.1/2.1 MB | 49/78 kB
Progress (3): 1.4/1.6 MB | 0.1/2.1 MB | 49/78 kB
Progress (3): 1.4/1.6 MB | 0.1/2.1 MB | 49/78 kB
Progress (3): 1.4/1.6 MB | 0.1/2.1 MB | 65/78 kB
Progress (3): 1.4/1.6 MB | 0.1/2.1 MB | 65/78 kB
Progress (3): 1.4/1.6 MB | 0.1/2.1 MB | 78 kB   
Progress (3): 1.4/1.6 MB | 0.1/2.1 MB | 78 kB
Progress (3): 1.4/1.6 MB | 0.1/2.1 MB | 78 kB
Progress (3): 1.4/1.6 MB | 0.2/2.1 MB | 78 kB
Progress (3): 1.4/1.6 MB | 0.2/2.1 MB | 78 kB
Progress (4): 1.4/1.6 MB | 0.2/2.1 MB | 78 kB | 4.8 kB
Progress (4): 1.5/1.6 MB | 0.2/2.1 MB | 78 kB | 4.8 kB
                                                      
Downloaded from central: https://repo.maven.apache.org/maven2/org/springframework/boot/spring-boot-starter-test/3.3.4/spring-boot-starter-test-3.3.4.jar (4.8 kB at 1.4 kB/s)
Downloading from central: https://repo.maven.apache.org/maven2/org/springframework/boot/spring-boot-test-autoconfigure/3.3.4/spring-boot-test-autoconfigure-3.3.4.jar
Downloaded from central: https://repo.maven.apache.org/maven2/com/fasterxml/jackson/core/jackson-annotations/2.17.2/jackson-annotations-2.17.2.jar (78 kB at 23 kB/s)
Downloading from central: https://repo.maven.apache.org/maven2/com/jayway/jsonpath/json-path/2.9.0/json-path-2.9.0.jar
Progress (2): 1.5/1.6 MB | 0.2/2.1 MB
Progress (2): 1.5/1.6 MB | 0.2/2.1 MB
Progress (2): 1.5/1.6 MB | 0.2/2.1 MB
Progress (2): 1.5/1.6 MB | 0.2/2.1 MB
Progress (2): 1.5/1.6 MB | 0.2/2.1 MB
Progress (2): 1.5/1.6 MB | 0.2/2.1 MB
Progress (2): 1.5/1.6 MB | 0.2/2.1 MB
Progress (2): 1.5/1.6 MB | 0.2/2.1 MB
Progress (2): 1.5/1.6 MB | 0.2/2.1 MB
Progress (2): 1.5/1.6 MB | 0.2/2.1 MB
Progress (2): 1.5/1.6 MB | 0.2/2.1 MB
Progress (2): 1.6/1.6 MB | 0.2/2.1 MB
Progress (2): 1.6/1.6 MB | 0.2/2.1 MB
Progress (2): 1.6/1.6 MB | 0.3/2.1 MB
Progress (2): 1.6/1.6 MB | 0.3/2.1 MB
Progress (2): 1.6/1.6 MB | 0.3/2.1 MB
Progress (2): 1.6/1.6 MB | 0.3/2.1 MB
Progress (2): 1.6/1.6 MB | 0.3/2.1 MB
Progress (2): 1.6/1.6 MB | 0.3/2.1 MB
Progress (2): 1.6/1.6 MB | 0.3/2.1 MB
Progress (2): 1.6/1.6 MB | 0.3/2.1 MB
Progress (2): 1.6 MB | 0.3/2.1 MB    
Progress (2): 1.6 MB | 0.3/2.1 MB
                                 
Downloaded from central: https://repo.maven.apache.org/maven2/com/fasterxml/jackson/core/jackson-databind/2.17.2/jackson-databind-2.17.2.jar (1.6 MB at 486 kB/s)
Downloading from central: https://repo.maven.apache.org/maven2/jakarta/xml/bind/jakarta.xml.bind-api/4.0.2/jakarta.xml.bind-api-4.0.2.jar
Progress (1): 0.3/2.1 MB
Progress (1): 0.4/2.1 MB
Progress (1): 0.4/2.1 MB
Progress (1): 0.4/2.1 MB
Progress (1): 0.4/2.1 MB
Progress (1): 0.4/2.1 MB
Progress (1): 0.4/2.1 MB
Progress (1): 0.5/2.1 MB
Progress (1): 0.5/2.1 MB
Progress (1): 0.5/2.1 MB
Progress (1): 0.5/2.1 MB
Progress (1): 0.5/2.1 MB
Progress (1): 0.5/2.1 MB
Progress (1): 0.6/2.1 MB
Progress (1): 0.6/2.1 MB
Progress (1): 0.6/2.1 MB
Progress (1): 0.6/2.1 MB
Progress (1): 0.6/2.1 MB
Progress (1): 0.6/2.1 MB
Progress (1): 0.7/2.1 MB
Progress (1): 0.7/2.1 MB
Progress (1): 0.7/2.1 MB
Progress (1): 0.7/2.1 MB
Progress (1): 0.7/2.1 MB
Progress (1): 0.7/2.1 MB
Progress (1): 0.8/2.1 MB
Progress (1): 0.8/2.1 MB
Progress (1): 0.8/2.1 MB
Progress (1): 0.8/2.1 MB
Progress (1): 0.8/2.1 MB
Progress (1): 0.8/2.1 MB
Progress (1): 0.9/2.1 MB
Progress (1): 0.9/2.1 MB
Progress (1): 0.9/2.1 MB
Progress (1): 0.9/2.1 MB
Progress (1): 0.9/2.1 MB
Progress (1): 0.9/2.1 MB
Progress (1): 1.0/2.1 MB
Progress (1): 1.0/2.1 MB
Progress (1): 1.0/2.1 MB
Progress (1): 1.0/2.1 MB
Progress (1): 1.0/2.1 MB
Progress (1): 1.0/2.1 MB
Progress (1): 1.0/2.1 MB
Progress (1): 1.1/2.1 MB
Progress (1): 1.1/2.1 MB
Progress (1): 1.1/2.1 MB
Progress (1): 1.1/2.1 MB
Progress (1): 1.1/2.1 MB
Progress (1): 1.1/2.1 MB
Progress (1): 1.2/2.1 MB
Progress (1): 1.2/2.1 MB
Progress (1): 1.2/2.1 MB
Progress (1): 1.2/2.1 MB
Progress (1): 1.2/2.1 MB
Progress (1): 1.2/2.1 MB
Progress (1): 1.3/2.1 MB
Progress (1): 1.3/2.1 MB
Progress (1): 1.3/2.1 MB
Progress (1): 1.3/2.1 MB
Progress (1): 1.3/2.1 MB
Progress (1): 1.3/2.1 MB
Progress (1): 1.4/2.1 MB
Progress (1): 1.4/2.1 MB
Progress (1): 1.4/2.1 MB
Progress (1): 1.4/2.1 MB
Progress (1): 1.4/2.1 MB
Progress (1): 1.4/2.1 MB
Progress (1): 1.4/2.1 MB
Progress (1): 1.5/2.1 MB
Progress (1): 1.5/2.1 MB
Progress (1): 1.5/2.1 MB
Progress (1): 1.5/2.1 MB
Progress (1): 1.5/2.1 MB
Progress (1): 1.5/2.1 MB
Progress (1): 1.6/2.1 MB
Progress (1): 1.6/2.1 MB
Progress (1): 1.6/2.1 MB
Progress (1): 1.6/2.1 MB
Progress (1): 1.6/2.1 MB
Progress (1): 1.6/2.1 MB
Progress (1): 1.7/2.1 MB
Progress (1): 1.7/2.1 MB
Progress (1): 1.7/2.1 MB
Progress (1): 1.7/2.1 MB
Progress (1): 1.7/2.1 MB
Progress (1): 1.7/2.1 MB
Progress (1): 1.7/2.1 MB
Progress (1): 1.8/2.1 MB
Progress (1): 1.8/2.1 MB
Progress (1): 1.8/2.1 MB
Progress (1): 1.8/2.1 MB
Progress (1): 1.8/2.1 MB
Progress (1): 1.8/2.1 MB
Progress (1): 1.9/2.1 MB
Progress (1): 1.9/2.1 MB
Progress (1): 1.9/2.1 MB
Progress (1): 1.9/2.1 MB
Progress (1): 1.9/2.1 MB
Progress (1): 1.9/2.1 MB
Progress (2): 1.9/2.1 MB | 7.7/249 kB
Progress (2): 1.9/2.1 MB | 7.7/249 kB
Progress (2): 1.9/2.1 MB | 24/249 kB 
Progress (2): 2.0/2.1 MB | 24/249 kB
Progress (2): 2.0/2.1 MB | 40/249 kB
Progress (2): 2.0/2.1 MB | 57/249 kB
Progress (2): 2.0/2.1 MB | 57/249 kB
Progress (2): 2.0/2.1 MB | 73/249 kB
Progress (2): 2.0/2.1 MB | 73/249 kB
Progress (2): 2.0/2.1 MB | 73/249 kB
Progress (2): 2.0/2.1 MB | 90/249 kB
Progress (2): 2.0/2.1 MB | 90/249 kB
Progress (2): 2.0/2.1 MB | 90/249 kB
Progress (2): 2.1 MB | 90/249 kB    
Progress (2): 2.1 MB | 106/249 kB
                                 
Downloaded from central: https://repo.maven.apache.org/maven2/org/projectlombok/lombok/1.18.34/lombok-1.18.34.jar (2.1 MB at 587 kB/s)
Downloading from central: https://repo.maven.apache.org/maven2/jakarta/activation/jakarta.activation-api/2.1.3/jakarta.activation-api-2.1.3.jar
Progress (1): 122/249 kB
Progress (1): 139/249 kB
Progress (2): 139/249 kB | 16/219 kB
Progress (2): 139/249 kB | 25/219 kB
Progress (2): 155/249 kB | 25/219 kB
Progress (2): 172/249 kB | 25/219 kB
Progress (2): 172/249 kB | 41/219 kB
Progress (2): 188/249 kB | 41/219 kB
Progress (2): 188/249 kB | 57/219 kB
Progress (2): 195/249 kB | 57/219 kB
Progress (2): 195/249 kB | 74/219 kB
Progress (2): 195/249 kB | 90/219 kB
Progress (2): 212/249 kB | 90/219 kB
Progress (2): 228/249 kB | 90/219 kB
Progress (2): 228/249 kB | 106/219 kB
Progress (3): 228/249 kB | 106/219 kB | 7.7/277 kB
Progress (3): 228/249 kB | 106/219 kB | 8.2/277 kB
Progress (3): 228/249 kB | 123/219 kB | 8.2/277 kB
Progress (3): 245/249 kB | 123/219 kB | 8.2/277 kB
Progress (3): 249 kB | 123/219 kB | 8.2/277 kB    
Progress (3): 249 kB | 139/219 kB | 8.2/277 kB
                                              
Downloaded from central: https://repo.maven.apache.org/maven2/org/springframework/boot/spring-boot-test/3.3.4/spring-boot-test-3.3.4.jar (249 kB at 71 kB/s)
Downloading from central: https://repo.maven.apache.org/maven2/net/minidev/json-smart/2.5.1/json-smart-2.5.1.jar
Progress (2): 156/219 kB | 8.2/277 kB
Progress (3): 156/219 kB | 8.2/277 kB | 7.7/131 kB
Progress (3): 156/219 kB | 8.2/277 kB | 16/131 kB 
Progress (3): 172/219 kB | 8.2/277 kB | 16/131 kB
Progress (3): 188/219 kB | 8.2/277 kB | 16/131 kB
Progress (3): 188/219 kB | 8.2/277 kB | 28/131 kB
Progress (3): 205/219 kB | 8.2/277 kB | 28/131 kB
Progress (3): 219 kB | 8.2/277 kB | 28/131 kB    
Progress (3): 219 kB | 25/277 kB | 28/131 kB 
Progress (3): 219 kB | 33/277 kB | 28/131 kB
                                            
Downloaded from central: https://repo.maven.apache.org/maven2/org/springframework/boot/spring-boot-test-autoconfigure/3.3.4/spring-boot-test-autoconfigure-3.3.4.jar (219 kB at 62 kB/s)
Downloading from central: https://repo.maven.apache.org/maven2/net/minidev/accessors-smart/2.5.1/accessors-smart-2.5.1.jar
Progress (2): 49/277 kB | 28/131 kB
Progress (2): 49/277 kB | 44/131 kB
Progress (2): 66/277 kB | 44/131 kB
Progress (2): 66/277 kB | 61/131 kB
Progress (2): 66/277 kB | 77/131 kB
Progress (2): 74/277 kB | 77/131 kB
Progress (2): 82/277 kB | 77/131 kB
Progress (2): 82/277 kB | 93/131 kB
Progress (2): 98/277 kB | 93/131 kB
Progress (2): 106/277 kB | 93/131 kB
Progress (2): 106/277 kB | 110/131 kB
Progress (2): 106/277 kB | 126/131 kB
Progress (2): 106/277 kB | 131 kB    
Progress (2): 123/277 kB | 131 kB
Progress (2): 139/277 kB | 131 kB
                                 
Downloaded from central: https://repo.maven.apache.org/maven2/jakarta/xml/bind/jakarta.xml.bind-api/4.0.2/jakarta.xml.bind-api-4.0.2.jar (131 kB at 37 kB/s)
Downloading from central: https://repo.maven.apache.org/maven2/org/ow2/asm/asm/9.6/asm-9.6.jar
Progress (1): 156/277 kB
Progress (1): 172/277 kB
Progress (1): 188/277 kB
Progress (1): 197/277 kB
Progress (1): 205/277 kB
Progress (1): 221/277 kB
Progress (1): 229/277 kB
Progress (1): 246/277 kB
Progress (1): 262/277 kB
Progress (1): 277 kB    
                    
Downloaded from central: https://repo.maven.apache.org/maven2/com/jayway/jsonpath/json-path/2.9.0/json-path-2.9.0.jar (277 kB at 78 kB/s)
Downloading from central: https://repo.maven.apache.org/maven2/org/assertj/assertj-core/3.25.3/assertj-core-3.25.3.jar
Progress (1): 7.7/67 kB
Progress (1): 16/67 kB 
Progress (1): 16/67 kB
Progress (1): 33/67 kB
Progress (1): 41/67 kB
Progress (1): 57/67 kB
Progress (1): 66/67 kB
Progress (1): 67 kB   
                   
Downloaded from central: https://repo.maven.apache.org/maven2/jakarta/activation/jakarta.activation-api/2.1.3/jakarta.activation-api-2.1.3.jar (67 kB at 18 kB/s)
Downloading from central: https://repo.maven.apache.org/maven2/net/bytebuddy/byte-buddy/1.14.19/byte-buddy-1.14.19.jar
Progress (1): 7.7/124 kB
Progress (1): 12/124 kB 
Progress (1): 28/124 kB
Progress (2): 28/124 kB | 8.2/30 kB
Progress (2): 44/124 kB | 8.2/30 kB
Progress (2): 61/124 kB | 8.2/30 kB
Progress (2): 77/124 kB | 8.2/30 kB
Progress (2): 77/124 kB | 25/30 kB 
Progress (2): 93/124 kB | 25/30 kB
Progress (2): 93/124 kB | 30 kB   
Progress (2): 110/124 kB | 30 kB
Progress (3): 110/124 kB | 30 kB | 7.7/122 kB
Progress (3): 110/124 kB | 30 kB | 7.7/122 kB
Progress (3): 124 kB | 30 kB | 7.7/122 kB    
                                         
Downloaded from central: https://repo.maven.apache.org/maven2/org/ow2/asm/asm/9.6/asm-9.6.jar (124 kB at 34 kB/s)
Downloading from central: https://repo.maven.apache.org/maven2/org/awaitility/awaitility/4.2.2/awaitility-4.2.2.jar
Downloaded from central: https://repo.maven.apache.org/maven2/net/minidev/accessors-smart/2.5.1/accessors-smart-2.5.1.jar (30 kB at 8.3 kB/s)
Downloading from central: https://repo.maven.apache.org/maven2/org/hamcrest/hamcrest/2.2/hamcrest-2.2.jar
Progress (1): 24/122 kB
Progress (1): 40/122 kB
Progress (1): 57/122 kB
Progress (1): 73/122 kB
Progress (1): 90/122 kB
Progress (1): 93/122 kB
Progress (1): 110/122 kB
Progress (1): 122 kB    
                    
Downloaded from central: https://repo.maven.apache.org/maven2/net/minidev/json-smart/2.5.1/json-smart-2.5.1.jar (122 kB at 33 kB/s)
Downloading from central: https://repo.maven.apache.org/maven2/org/junit/jupiter/junit-jupiter/5.10.3/junit-jupiter-5.10.3.jar
Progress (1): 0/4.2 MB
Progress (1): 0/4.2 MB
Progress (1): 0/4.2 MB
Progress (1): 0/4.2 MB
Progress (1): 0.1/4.2 MB
Progress (1): 0.1/4.2 MB
Progress (1): 0.1/4.2 MB
Progress (1): 0.1/4.2 MB
Progress (1): 0.1/4.2 MB
Progress (1): 0.1/4.2 MB
Progress (1): 0.2/4.2 MB
Progress (1): 0.2/4.2 MB
Progress (1): 0.2/4.2 MB
Progress (1): 0.2/4.2 MB
Progress (1): 0.2/4.2 MB
Progress (1): 0.2/4.2 MB
Progress (1): 0.2/4.2 MB
Progress (1): 0.2/4.2 MB
Progress (1): 0.3/4.2 MB
Progress (1): 0.3/4.2 MB
Progress (1): 0.3/4.2 MB
Progress (1): 0.3/4.2 MB
Progress (1): 0.3/4.2 MB
Progress (1): 0.3/4.2 MB
Progress (1): 0.3/4.2 MB
Progress (1): 0.3/4.2 MB
Progress (1): 0.4/4.2 MB
Progress (1): 0.4/4.2 MB
Progress (1): 0.4/4.2 MB
Progress (1): 0.4/4.2 MB
Progress (1): 0.4/4.2 MB
Progress (1): 0.4/4.2 MB
Progress (1): 0.4/4.2 MB
Progress (1): 0.5/4.2 MB
Progress (1): 0.5/4.2 MB
Progress (1): 0.5/4.2 MB
Progress (1): 0.5/4.2 MB
Progress (1): 0.5/4.2 MB
Progress (1): 0.5/4.2 MB
Progress (1): 0.6/4.2 MB
Progress (1): 0.6/4.2 MB
Progress (1): 0.6/4.2 MB
Progress (1): 0.6/4.2 MB
Progress (1): 0.6/4.2 MB
Progress (1): 0.6/4.2 MB
Progress (1): 0.7/4.2 MB
Progress (1): 0.7/4.2 MB
Progress (1): 0.7/4.2 MB
Progress (1): 0.7/4.2 MB
Progress (1): 0.7/4.2 MB
Progress (1): 0.7/4.2 MB
Progress (1): 0.8/4.2 MB
Progress (1): 0.8/4.2 MB
Progress (1): 0.8/4.2 MB
Progress (1): 0.8/4.2 MB
Progress (1): 0.8/4.2 MB
Progress (1): 0.8/4.2 MB
Progress (1): 0.9/4.2 MB
Progress (1): 0.9/4.2 MB
Progress (1): 0.9/4.2 MB
Progress (1): 0.9/4.2 MB
Progress (1): 0.9/4.2 MB
Progress (1): 0.9/4.2 MB
Progress (1): 1.0/4.2 MB
Progress (1): 1.0/4.2 MB
Progress (1): 1.0/4.2 MB
Progress (1): 1.0/4.2 MB
Progress (1): 1.0/4.2 MB
Progress (2): 1.0/4.2 MB | 7.7/97 kB
Progress (2): 1.0/4.2 MB | 12/97 kB 
Progress (2): 1.0/4.2 MB | 28/97 kB
Progress (2): 1.0/4.2 MB | 28/97 kB
Progress (2): 1.0/4.2 MB | 44/97 kB
Progress (2): 1.0/4.2 MB | 44/97 kB
Progress (2): 1.1/4.2 MB | 44/97 kB
Progress (2): 1.1/4.2 MB | 44/97 kB
Progress (2): 1.1/4.2 MB | 61/97 kB
Progress (2): 1.1/4.2 MB | 61/97 kB
Progress (2): 1.1/4.2 MB | 61/97 kB
Progress (2): 1.1/4.2 MB | 77/97 kB
Progress (3): 1.1/4.2 MB | 77/97 kB | 7.7/123 kB
Progress (3): 1.1/4.2 MB | 77/97 kB | 7.7/123 kB
Progress (3): 1.1/4.2 MB | 77/97 kB | 16/123 kB 
Progress (3): 1.1/4.2 MB | 77/97 kB | 16/123 kB
Progress (3): 1.1/4.2 MB | 93/97 kB | 16/123 kB
Progress (3): 1.1/4.2 MB | 97 kB | 16/123 kB   
Progress (3): 1.2/4.2 MB | 97 kB | 16/123 kB
Progress (3): 1.2/4.2 MB | 97 kB | 16/123 kB
Progress (3): 1.2/4.2 MB | 97 kB | 16/123 kB
                                            
Downloaded from central: https://repo.maven.apache.org/maven2/org/awaitility/awaitility/4.2.2/awaitility-4.2.2.jar (97 kB at 26 kB/s)
Downloading from central: https://repo.maven.apache.org/maven2/org/junit/jupiter/junit-jupiter-api/5.10.3/junit-jupiter-api-5.10.3.jar
Progress (2): 1.2/4.2 MB | 16/123 kB
Progress (2): 1.2/4.2 MB | 32/123 kB
Progress (2): 1.2/4.2 MB | 32/123 kB
Progress (2): 1.2/4.2 MB | 32/123 kB
Progress (2): 1.2/4.2 MB | 49/123 kB
Progress (2): 1.2/4.2 MB | 57/123 kB
Progress (2): 1.3/4.2 MB | 57/123 kB
Progress (2): 1.3/4.2 MB | 74/123 kB
Progress (2): 1.3/4.2 MB | 74/123 kB
Progress (2): 1.3/4.2 MB | 74/123 kB
Progress (2): 1.3/4.2 MB | 74/123 kB
Progress (2): 1.3/4.2 MB | 90/123 kB
Progress (2): 1.3/4.2 MB | 90/123 kB
Progress (2): 1.3/4.2 MB | 106/123 kB
Progress (2): 1.3/4.2 MB | 106/123 kB
Progress (2): 1.3/4.2 MB | 123/123 kB
Progress (2): 1.3/4.2 MB | 123 kB    
                                 
Downloaded from central: https://repo.maven.apache.org/maven2/org/hamcrest/hamcrest/2.2/hamcrest-2.2.jar (123 kB at 32 kB/s)
Downloading from central: https://repo.maven.apache.org/maven2/org/opentest4j/opentest4j/1.3.0/opentest4j-1.3.0.jar
Progress (1): 1.4/4.2 MB
Progress (1): 1.4/4.2 MB
Progress (2): 1.4/4.2 MB | 6.4 kB
Progress (2): 1.4/4.2 MB | 6.4 kB
Progress (2): 1.4/4.2 MB | 6.4 kB
                                 
Downloaded from central: https://repo.maven.apache.org/maven2/org/junit/jupiter/junit-jupiter/5.10.3/junit-jupiter-5.10.3.jar (6.4 kB at 1.7 kB/s)
Downloading from central: https://repo.maven.apache.org/maven2/org/junit/platform/junit-platform-commons/1.10.3/junit-platform-commons-1.10.3.jar
Progress (1): 1.4/4.2 MB
Progress (1): 1.4/4.2 MB
Progress (1): 1.5/4.2 MB
Progress (1): 1.5/4.2 MB
Progress (1): 1.5/4.2 MB
Progress (1): 1.5/4.2 MB
Progress (1): 1.5/4.2 MB
Progress (1): 1.5/4.2 MB
Progress (1): 1.5/4.2 MB
Progress (1): 1.6/4.2 MB
Progress (1): 1.6/4.2 MB
Progress (1): 1.6/4.2 MB
Progress (1): 1.6/4.2 MB
Progress (1): 1.6/4.2 MB
Progress (1): 1.6/4.2 MB
Progress (1): 1.6/4.2 MB
Progress (1): 1.7/4.2 MB
Progress (1): 1.7/4.2 MB
Progress (1): 1.7/4.2 MB
Progress (1): 1.7/4.2 MB
Progress (1): 1.7/4.2 MB
Progress (1): 1.7/4.2 MB
Progress (1): 1.8/4.2 MB
Progress (1): 1.8/4.2 MB
Progress (1): 1.8/4.2 MB
Progress (1): 1.8/4.2 MB
Progress (1): 1.8/4.2 MB
Progress (1): 1.8/4.2 MB
Progress (1): 1.9/4.2 MB
Progress (1): 1.9/4.2 MB
Progress (1): 1.9/4.2 MB
Progress (1): 1.9/4.2 MB
Progress (1): 1.9/4.2 MB
Progress (1): 1.9/4.2 MB
Progress (1): 1.9/4.2 MB
Progress (1): 2.0/4.2 MB
Progress (1): 2.0/4.2 MB
Progress (1): 2.0/4.2 MB
Progress (1): 2.0/4.2 MB
Progress (1): 2.0/4.2 MB
Progress (1): 2.0/4.2 MB
Progress (1): 2.1/4.2 MB
Progress (1): 2.1/4.2 MB
Progress (1): 2.1/4.2 MB
Progress (1): 2.1/4.2 MB
Progress (1): 2.1/4.2 MB
Progress (1): 2.1/4.2 MB
Progress (1): 2.2/4.2 MB
Progress (1): 2.2/4.2 MB
Progress (1): 2.2/4.2 MB
Progress (1): 2.2/4.2 MB
Progress (1): 2.2/4.2 MB
Progress (1): 2.2/4.2 MB
Progress (1): 2.3/4.2 MB
Progress (1): 2.3/4.2 MB
Progress (1): 2.3/4.2 MB
Progress (1): 2.3/4.2 MB
Progress (1): 2.3/4.2 MB
Progress (1): 2.3/4.2 MB
Progress (1): 2.4/4.2 MB
Progress (1): 2.4/4.2 MB
Progress (1): 2.4/4.2 MB
Progress (1): 2.4/4.2 MB
Progress (1): 2.4/4.2 MB
Progress (1): 2.4/4.2 MB
Progress (1): 2.5/4.2 MB
Progress (1): 2.5/4.2 MB
Progress (1): 2.5/4.2 MB
Progress (1): 2.5/4.2 MB
Progress (1): 2.5/4.2 MB
Progress (1): 2.5/4.2 MB
Progress (1): 2.6/4.2 MB
Progress (1): 2.6/4.2 MB
Progress (1): 2.6/4.2 MB
Progress (1): 2.6/4.2 MB
Progress (1): 2.6/4.2 MB
Progress (1): 2.6/4.2 MB
Progress (1): 2.7/4.2 MB
Progress (1): 2.7/4.2 MB
Progress (1): 2.7/4.2 MB
Progress (1): 2.7/4.2 MB
Progress (1): 2.7/4.2 MB
Progress (1): 2.7/4.2 MB
Progress (1): 2.8/4.2 MB
Progress (1): 2.8/4.2 MB
Progress (1): 2.8/4.2 MB
Progress (1): 2.8/4.2 MB
Progress (1): 2.8/4.2 MB
Progress (2): 2.8/4.2 MB | 0/1.4 MB
Progress (2): 2.8/4.2 MB | 0/1.4 MB
Progress (2): 2.9/4.2 MB | 0/1.4 MB
Progress (2): 2.9/4.2 MB | 0/1.4 MB
Progress (2): 2.9/4.2 MB | 0/1.4 MB
Progress (2): 2.9/4.2 MB | 0/1.4 MB
Progress (2): 2.9/4.2 MB | 0/1.4 MB
Progress (2): 2.9/4.2 MB | 0.1/1.4 MB
Progress (2): 2.9/4.2 MB | 0.1/1.4 MB
Progress (2): 2.9/4.2 MB | 0.1/1.4 MB
Progress (2): 2.9/4.2 MB | 0.1/1.4 MB
Progress (2): 2.9/4.2 MB | 0.1/1.4 MB
Progress (2): 2.9/4.2 MB | 0.1/1.4 MB
Progress (2): 2.9/4.2 MB | 0.1/1.4 MB
Progress (2): 2.9/4.2 MB | 0.1/1.4 MB
Progress (2): 2.9/4.2 MB | 0.1/1.4 MB
Progress (2): 3.0/4.2 MB | 0.1/1.4 MB
Progress (2): 3.0/4.2 MB | 0.1/1.4 MB
Progress (2): 3.0/4.2 MB | 0.1/1.4 MB
Progress (2): 3.0/4.2 MB | 0.1/1.4 MB
Progress (2): 3.0/4.2 MB | 0.1/1.4 MB
Progress (2): 3.0/4.2 MB | 0.1/1.4 MB
Progress (2): 3.0/4.2 MB | 0.1/1.4 MB
Progress (2): 3.0/4.2 MB | 0.1/1.4 MB
Progress (2): 3.0/4.2 MB | 0.1/1.4 MB
Progress (2): 3.0/4.2 MB | 0.2/1.4 MB
Progress (2): 3.1/4.2 MB | 0.2/1.4 MB
Progress (2): 3.1/4.2 MB | 0.2/1.4 MB
Progress (2): 3.1/4.2 MB | 0.2/1.4 MB
Progress (2): 3.1/4.2 MB | 0.2/1.4 MB
Progress (2): 3.1/4.2 MB | 0.2/1.4 MB
Progress (2): 3.1/4.2 MB | 0.2/1.4 MB
Progress (2): 3.1/4.2 MB | 0.2/1.4 MB
Progress (2): 3.1/4.2 MB | 0.2/1.4 MB
Progress (2): 3.1/4.2 MB | 0.2/1.4 MB
Progress (2): 3.1/4.2 MB | 0.2/1.4 MB
Progress (2): 3.1/4.2 MB | 0.2/1.4 MB
Progress (2): 3.1/4.2 MB | 0.2/1.4 MB
Progress (2): 3.2/4.2 MB | 0.2/1.4 MB
Progress (2): 3.2/4.2 MB | 0.2/1.4 MB
Progress (2): 3.2/4.2 MB | 0.3/1.4 MB
Progress (2): 3.2/4.2 MB | 0.3/1.4 MB
Progress (2): 3.2/4.2 MB | 0.3/1.4 MB
Progress (2): 3.2/4.2 MB | 0.3/1.4 MB
Progress (2): 3.2/4.2 MB | 0.3/1.4 MB
Progress (2): 3.2/4.2 MB | 0.3/1.4 MB
Progress (2): 3.2/4.2 MB | 0.3/1.4 MB
Progress (2): 3.2/4.2 MB | 0.3/1.4 MB
Progress (2): 3.2/4.2 MB | 0.3/1.4 MB
Progress (2): 3.2/4.2 MB | 0.3/1.4 MB
Progress (2): 3.2/4.2 MB | 0.3/1.4 MB
Progress (2): 3.2/4.2 MB | 0.3/1.4 MB
Progress (2): 3.2/4.2 MB | 0.3/1.4 MB
Progress (2): 3.3/4.2 MB | 0.3/1.4 MB
Progress (2): 3.3/4.2 MB | 0.3/1.4 MB
Progress (2): 3.3/4.2 MB | 0.4/1.4 MB
Progress (2): 3.3/4.2 MB | 0.4/1.4 MB
Progress (2): 3.3/4.2 MB | 0.4/1.4 MB
Progress (2): 3.3/4.2 MB | 0.4/1.4 MB
Progress (2): 3.3/4.2 MB | 0.4/1.4 MB
Progress (2): 3.3/4.2 MB | 0.4/1.4 MB
Progress (2): 3.3/4.2 MB | 0.4/1.4 MB
Progress (2): 3.3/4.2 MB | 0.4/1.4 MB
Progress (2): 3.3/4.2 MB | 0.4/1.4 MB
Progress (2): 3.3/4.2 MB | 0.4/1.4 MB
Progress (2): 3.3/4.2 MB | 0.4/1.4 MB
Progress (2): 3.3/4.2 MB | 0.5/1.4 MB
Progress (2): 3.4/4.2 MB | 0.5/1.4 MB
Progress (2): 3.4/4.2 MB | 0.5/1.4 MB
Progress (2): 3.4/4.2 MB | 0.5/1.4 MB
Progress (2): 3.4/4.2 MB | 0.5/1.4 MB
Progress (2): 3.4/4.2 MB | 0.5/1.4 MB
Progress (2): 3.4/4.2 MB | 0.5/1.4 MB
Progress (2): 3.4/4.2 MB | 0.5/1.4 MB
Progress (2): 3.4/4.2 MB | 0.5/1.4 MB
Progress (2): 3.4/4.2 MB | 0.5/1.4 MB
Progress (2): 3.4/4.2 MB | 0.5/1.4 MB
Progress (2): 3.5/4.2 MB | 0.5/1.4 MB
Progress (2): 3.5/4.2 MB | 0.5/1.4 MB
Progress (2): 3.5/4.2 MB | 0.5/1.4 MB
Progress (2): 3.5/4.2 MB | 0.5/1.4 MB
Progress (2): 3.5/4.2 MB | 0.5/1.4 MB
Progress (2): 3.5/4.2 MB | 0.5/1.4 MB
Progress (2): 3.5/4.2 MB | 0.5/1.4 MB
Progress (2): 3.5/4.2 MB | 0.5/1.4 MB
Progress (2): 3.6/4.2 MB | 0.5/1.4 MB
Progress (2): 3.6/4.2 MB | 0.6/1.4 MB
Progress (2): 3.6/4.2 MB | 0.6/1.4 MB
Progress (2): 3.6/4.2 MB | 0.6/1.4 MB
Progress (2): 3.6/4.2 MB | 0.6/1.4 MB
Progress (2): 3.6/4.2 MB | 0.6/1.4 MB
Progress (3): 3.6/4.2 MB | 0.6/1.4 MB | 7.7/211 kB
Progress (3): 3.6/4.2 MB | 0.6/1.4 MB | 7.7/211 kB
Progress (3): 3.6/4.2 MB | 0.6/1.4 MB | 12/211 kB 
Progress (4): 3.6/4.2 MB | 0.6/1.4 MB | 12/211 kB | 8.2/14 kB
Progress (4): 3.6/4.2 MB | 0.6/1.4 MB | 12/211 kB | 8.2/14 kB
Progress (4): 3.6/4.2 MB | 0.6/1.4 MB | 12/211 kB | 8.2/14 kB
Progress (4): 3.6/4.2 MB | 0.6/1.4 MB | 28/211 kB | 8.2/14 kB
Progress (4): 3.6/4.2 MB | 0.6/1.4 MB | 28/211 kB | 8.2/14 kB
Progress (4): 3.6/4.2 MB | 0.6/1.4 MB | 28/211 kB | 14 kB    
Progress (4): 3.6/4.2 MB | 0.6/1.4 MB | 28/211 kB | 14 kB
                                                         
Downloaded from central: https://repo.maven.apache.org/maven2/org/opentest4j/opentest4j/1.3.0/opentest4j-1.3.0.jar (14 kB at 3.6 kB/s)
Downloading from central: https://repo.maven.apache.org/maven2/org/apiguardian/apiguardian-api/1.1.2/apiguardian-api-1.1.2.jar
Progress (3): 3.6/4.2 MB | 0.6/1.4 MB | 28/211 kB
Progress (3): 3.6/4.2 MB | 0.6/1.4 MB | 28/211 kB
Progress (3): 3.6/4.2 MB | 0.6/1.4 MB | 44/211 kB
Progress (3): 3.7/4.2 MB | 0.6/1.4 MB | 44/211 kB
Progress (3): 3.7/4.2 MB | 0.7/1.4 MB | 44/211 kB
Progress (3): 3.7/4.2 MB | 0.7/1.4 MB | 44/211 kB
Progress (3): 3.7/4.2 MB | 0.7/1.4 MB | 44/211 kB
Progress (3): 3.7/4.2 MB | 0.7/1.4 MB | 44/211 kB
Progress (3): 3.7/4.2 MB | 0.7/1.4 MB | 44/211 kB
Progress (3): 3.7/4.2 MB | 0.7/1.4 MB | 61/211 kB
Progress (3): 3.7/4.2 MB | 0.7/1.4 MB | 77/211 kB
Progress (3): 3.7/4.2 MB | 0.7/1.4 MB | 77/211 kB
Progress (3): 3.7/4.2 MB | 0.7/1.4 MB | 77/211 kB
Progress (3): 3.7/4.2 MB | 0.7/1.4 MB | 77/211 kB
Progress (3): 3.7/4.2 MB | 0.7/1.4 MB | 77/211 kB
Progress (3): 3.7/4.2 MB | 0.7/1.4 MB | 77/211 kB
Progress (3): 3.7/4.2 MB | 0.7/1.4 MB | 77/211 kB
Progress (3): 3.8/4.2 MB | 0.7/1.4 MB | 77/211 kB
Progress (3): 3.8/4.2 MB | 0.7/1.4 MB | 93/211 kB
Progress (3): 3.8/4.2 MB | 0.7/1.4 MB | 98/211 kB
Progress (3): 3.8/4.2 MB | 0.7/1.4 MB | 98/211 kB
Progress (3): 3.8/4.2 MB | 0.7/1.4 MB | 115/211 kB
Progress (3): 3.8/4.2 MB | 0.7/1.4 MB | 115/211 kB
Progress (3): 3.8/4.2 MB | 0.7/1.4 MB | 115/211 kB
Progress (3): 3.8/4.2 MB | 0.7/1.4 MB | 131/211 kB
Progress (3): 3.8/4.2 MB | 0.8/1.4 MB | 131/211 kB
Progress (3): 3.8/4.2 MB | 0.8/1.4 MB | 139/211 kB
Progress (3): 3.8/4.2 MB | 0.8/1.4 MB | 139/211 kB
Progress (3): 3.8/4.2 MB | 0.8/1.4 MB | 147/211 kB
Progress (3): 3.8/4.2 MB | 0.8/1.4 MB | 147/211 kB
Progress (3): 3.8/4.2 MB | 0.8/1.4 MB | 147/211 kB
Progress (3): 3.8/4.2 MB | 0.8/1.4 MB | 147/211 kB
Progress (3): 3.8/4.2 MB | 0.8/1.4 MB | 147/211 kB
Progress (3): 3.9/4.2 MB | 0.8/1.4 MB | 147/211 kB
Progress (3): 3.9/4.2 MB | 0.8/1.4 MB | 147/211 kB
Progress (3): 3.9/4.2 MB | 0.8/1.4 MB | 164/211 kB
Progress (3): 3.9/4.2 MB | 0.8/1.4 MB | 164/211 kB
Progress (3): 3.9/4.2 MB | 0.8/1.4 MB | 180/211 kB
Progress (3): 3.9/4.2 MB | 0.8/1.4 MB | 180/211 kB
Progress (3): 3.9/4.2 MB | 0.8/1.4 MB | 180/211 kB
Progress (4): 3.9/4.2 MB | 0.8/1.4 MB | 180/211 kB | 7.7/106 kB
Progress (4): 3.9/4.2 MB | 0.8/1.4 MB | 180/211 kB | 16/106 kB 
Progress (4): 3.9/4.2 MB | 0.8/1.4 MB | 180/211 kB | 16/106 kB
Progress (4): 3.9/4.2 MB | 0.8/1.4 MB | 188/211 kB | 16/106 kB
Progress (4): 3.9/4.2 MB | 0.8/1.4 MB | 188/211 kB | 32/106 kB
Progress (4): 3.9/4.2 MB | 0.8/1.4 MB | 188/211 kB | 32/106 kB
Progress (4): 3.9/4.2 MB | 0.8/1.4 MB | 188/211 kB | 32/106 kB
Progress (4): 3.9/4.2 MB | 0.8/1.4 MB | 188/211 kB | 32/106 kB
Progress (4): 3.9/4.2 MB | 0.8/1.4 MB | 205/211 kB | 32/106 kB
Progress (4): 3.9/4.2 MB | 0.8/1.4 MB | 211 kB | 32/106 kB    
Progress (4): 3.9/4.2 MB | 0.8/1.4 MB | 211 kB | 49/106 kB
                                                          
Downloaded from central: https://repo.maven.apache.org/maven2/org/junit/jupiter/junit-jupiter-api/5.10.3/junit-jupiter-api-5.10.3.jar (211 kB at 53 kB/s)
Downloading from central: https://repo.maven.apache.org/maven2/org/junit/jupiter/junit-jupiter-params/5.10.3/junit-jupiter-params-5.10.3.jar
Progress (3): 4.0/4.2 MB | 0.8/1.4 MB | 49/106 kB
Progress (3): 4.0/4.2 MB | 0.9/1.4 MB | 49/106 kB
Progress (3): 4.0/4.2 MB | 0.9/1.4 MB | 49/106 kB
Progress (3): 4.0/4.2 MB | 0.9/1.4 MB | 65/106 kB
Progress (3): 4.0/4.2 MB | 0.9/1.4 MB | 65/106 kB
Progress (3): 4.0/4.2 MB | 0.9/1.4 MB | 81/106 kB
Progress (3): 4.0/4.2 MB | 0.9/1.4 MB | 81/106 kB
Progress (3): 4.0/4.2 MB | 0.9/1.4 MB | 81/106 kB
Progress (3): 4.0/4.2 MB | 0.9/1.4 MB | 81/106 kB
Progress (3): 4.0/4.2 MB | 0.9/1.4 MB | 81/106 kB
Progress (3): 4.0/4.2 MB | 0.9/1.4 MB | 81/106 kB
Progress (3): 4.0/4.2 MB | 0.9/1.4 MB | 98/106 kB
Progress (3): 4.0/4.2 MB | 0.9/1.4 MB | 98/106 kB
Progress (3): 4.0/4.2 MB | 0.9/1.4 MB | 106 kB   
                                              
Downloaded from central: https://repo.maven.apache.org/maven2/org/junit/platform/junit-platform-commons/1.10.3/junit-platform-commons-1.10.3.jar (106 kB at 26 kB/s)
Downloading from central: https://repo.maven.apache.org/maven2/org/junit/jupiter/junit-jupiter-engine/5.10.3/junit-jupiter-engine-5.10.3.jar
Progress (2): 4.0/4.2 MB | 0.9/1.4 MB
Progress (2): 4.1/4.2 MB | 0.9/1.4 MB
Progress (2): 4.1/4.2 MB | 0.9/1.4 MB
Progress (2): 4.1/4.2 MB | 0.9/1.4 MB
Progress (2): 4.1/4.2 MB | 1.0/1.4 MB
Progress (2): 4.1/4.2 MB | 1.0/1.4 MB
Progress (2): 4.1/4.2 MB | 1.0/1.4 MB
Progress (2): 4.1/4.2 MB | 1.0/1.4 MB
Progress (2): 4.1/4.2 MB | 1.0/1.4 MB
Progress (2): 4.1/4.2 MB | 1.0/1.4 MB
Progress (2): 4.1/4.2 MB | 1.0/1.4 MB
Progress (2): 4.1/4.2 MB | 1.0/1.4 MB
Progress (2): 4.1/4.2 MB | 1.0/1.4 MB
Progress (2): 4.1/4.2 MB | 1.0/1.4 MB
Progress (2): 4.1/4.2 MB | 1.0/1.4 MB
Progress (2): 4.2/4.2 MB | 1.0/1.4 MB
Progress (2): 4.2/4.2 MB | 1.1/1.4 MB
Progress (2): 4.2/4.2 MB | 1.1/1.4 MB
Progress (2): 4.2/4.2 MB | 1.1/1.4 MB
Progress (2): 4.2/4.2 MB | 1.1/1.4 MB
Progress (2): 4.2/4.2 MB | 1.1/1.4 MB
Progress (2): 4.2/4.2 MB | 1.1/1.4 MB
Progress (2): 4.2/4.2 MB | 1.1/1.4 MB
Progress (2): 4.2 MB | 1.1/1.4 MB    
Progress (2): 4.2 MB | 1.1/1.4 MB
                                 
Downloaded from central: https://repo.maven.apache.org/maven2/net/bytebuddy/byte-buddy/1.14.19/byte-buddy-1.14.19.jar (4.2 MB at 1.0 MB/s)
Downloading from central: https://repo.maven.apache.org/maven2/org/junit/platform/junit-platform-engine/1.10.3/junit-platform-engine-1.10.3.jar
Progress (1): 1.1/1.4 MB
Progress (1): 1.2/1.4 MB
Progress (1): 1.2/1.4 MB
Progress (1): 1.2/1.4 MB
Progress (1): 1.2/1.4 MB
Progress (1): 1.2/1.4 MB
Progress (1): 1.2/1.4 MB
Progress (1): 1.3/1.4 MB
Progress (1): 1.3/1.4 MB
Progress (1): 1.3/1.4 MB
Progress (1): 1.3/1.4 MB
Progress (1): 1.3/1.4 MB
Progress (1): 1.3/1.4 MB
Progress (1): 1.3/1.4 MB
Progress (1): 1.4/1.4 MB
Progress (1): 1.4 MB    
                    
Downloaded from central: https://repo.maven.apache.org/maven2/org/assertj/assertj-core/3.25.3/assertj-core-3.25.3.jar (1.4 MB at 337 kB/s)
Downloading from central: https://repo.maven.apache.org/maven2/org/mockito/mockito-core/5.11.0/mockito-core-5.11.0.jar
Progress (1): 6.8 kB
                    
Downloaded from central: https://repo.maven.apache.org/maven2/org/apiguardian/apiguardian-api/1.1.2/apiguardian-api-1.1.2.jar (6.8 kB at 1.7 kB/s)
Downloading from central: https://repo.maven.apache.org/maven2/net/bytebuddy/byte-buddy-agent/1.14.19/byte-buddy-agent-1.14.19.jar
Progress (1): 7.7/586 kB
Progress (1): 16/586 kB 
Progress (1): 28/586 kB
Progress (1): 44/586 kB
Progress (1): 61/586 kB
Progress (1): 77/586 kB
Progress (1): 93/586 kB
Progress (1): 110/586 kB
Progress (1): 126/586 kB
Progress (1): 143/586 kB
Progress (1): 151/586 kB
Progress (1): 167/586 kB
Progress (1): 184/586 kB
Progress (1): 192/586 kB
Progress (1): 200/586 kB
Progress (1): 208/586 kB
Progress (1): 216/586 kB
Progress (1): 225/586 kB
Progress (1): 238/586 kB
Progress (1): 254/586 kB
Progress (1): 262/586 kB
Progress (1): 270/586 kB
Progress (1): 279/586 kB
Progress (1): 287/586 kB
Progress (1): 295/586 kB
Progress (1): 303/586 kB
Progress (1): 311/586 kB
Progress (1): 328/586 kB
Progress (1): 344/586 kB
Progress (1): 360/586 kB
Progress (1): 377/586 kB
Progress (1): 393/586 kB
Progress (1): 410/586 kB
Progress (1): 426/586 kB
Progress (1): 442/586 kB
Progress (1): 459/586 kB
Progress (1): 475/586 kB
Progress (1): 492/586 kB
Progress (1): 508/586 kB
Progress (1): 524/586 kB
Progress (1): 541/586 kB
Progress (1): 557/586 kB
Progress (2): 557/586 kB | 7.7/245 kB
Progress (2): 557/586 kB | 7.7/245 kB
Progress (2): 573/586 kB | 7.7/245 kB
Progress (2): 573/586 kB | 24/245 kB 
Progress (2): 586 kB | 24/245 kB    
Progress (2): 586 kB | 40/245 kB
                                
Downloaded from central: https://repo.maven.apache.org/maven2/org/junit/jupiter/junit-jupiter-params/5.10.3/junit-jupiter-params-5.10.3.jar (586 kB at 142 kB/s)
Downloading from central: https://repo.maven.apache.org/maven2/org/objenesis/objenesis/3.3/objenesis-3.3.jar
Progress (1): 57/245 kB
Progress (1): 73/245 kB
Progress (1): 90/245 kB
Progress (1): 106/245 kB
Progress (1): 122/245 kB
Progress (1): 139/245 kB
Progress (1): 155/245 kB
Progress (1): 172/245 kB
Progress (1): 188/245 kB
Progress (1): 204/245 kB
Progress (1): 221/245 kB
Progress (2): 221/245 kB | 3.4/205 kB
Progress (2): 221/245 kB | 20/205 kB 
Progress (2): 237/245 kB | 20/205 kB
Progress (2): 245 kB | 20/205 kB    
                                
Downloaded from central: https://repo.maven.apache.org/maven2/org/junit/jupiter/junit-jupiter-engine/5.10.3/junit-jupiter-engine-5.10.3.jar (245 kB at 59 kB/s)
Downloading from central: https://repo.maven.apache.org/maven2/org/mockito/mockito-junit-jupiter/5.11.0/mockito-junit-jupiter-5.11.0.jar
Progress (1): 36/205 kB
Progress (1): 53/205 kB
Progress (1): 61/205 kB
Progress (1): 77/205 kB
Progress (1): 93/205 kB
Progress (1): 110/205 kB
Progress (1): 126/205 kB
Progress (1): 131/205 kB
Progress (1): 147/205 kB
Progress (1): 164/205 kB
Progress (1): 180/205 kB
Progress (1): 188/205 kB
Progress (1): 205/205 kB
Progress (1): 205 kB    
                    
Downloaded from central: https://repo.maven.apache.org/maven2/org/junit/platform/junit-platform-engine/1.10.3/junit-platform-engine-1.10.3.jar (205 kB at 49 kB/s)
Downloading from central: https://repo.maven.apache.org/maven2/org/skyscreamer/jsonassert/1.5.3/jsonassert-1.5.3.jar
Progress (1): 8.2/704 kB
Progress (2): 8.2/704 kB | 7.7/263 kB
Progress (2): 8.2/704 kB | 16/263 kB 
Progress (2): 16/704 kB | 16/263 kB 
Progress (2): 16/704 kB | 32/263 kB
Progress (2): 33/704 kB | 32/263 kB
Progress (2): 41/704 kB | 32/263 kB
Progress (2): 41/704 kB | 49/263 kB
Progress (2): 57/704 kB | 49/263 kB
Progress (2): 74/704 kB | 49/263 kB
Progress (2): 82/704 kB | 49/263 kB
Progress (2): 82/704 kB | 65/263 kB
Progress (2): 98/704 kB | 65/263 kB
Progress (2): 115/704 kB | 65/263 kB
Progress (2): 115/704 kB | 81/263 kB
Progress (2): 115/704 kB | 98/263 kB
Progress (2): 131/704 kB | 98/263 kB
Progress (2): 131/704 kB | 114/263 kB
Progress (2): 139/704 kB | 114/263 kB
Progress (2): 147/704 kB | 114/263 kB
Progress (2): 156/704 kB | 114/263 kB
Progress (2): 156/704 kB | 131/263 kB
Progress (2): 156/704 kB | 131/263 kB
Progress (2): 172/704 kB | 131/263 kB
Progress (2): 172/704 kB | 147/263 kB
Progress (2): 172/704 kB | 164/263 kB
Progress (2): 188/704 kB | 164/263 kB
Progress (2): 188/704 kB | 180/263 kB
Progress (2): 197/704 kB | 180/263 kB
Progress (2): 197/704 kB | 197/263 kB
Progress (2): 213/704 kB | 197/263 kB
Progress (2): 213/704 kB | 213/263 kB
Progress (2): 213/704 kB | 229/263 kB
Progress (2): 229/704 kB | 229/263 kB
Progress (2): 229/704 kB | 246/263 kB
Progress (2): 238/704 kB | 246/263 kB
Progress (2): 238/704 kB | 262/263 kB
Progress (2): 238/704 kB | 263 kB    
                                 
Downloaded from central: https://repo.maven.apache.org/maven2/net/bytebuddy/byte-buddy-agent/1.14.19/byte-buddy-agent-1.14.19.jar (263 kB at 62 kB/s)
Progress (1): 254/704 kB
                        
Downloading from central: https://repo.maven.apache.org/maven2/com/vaadin/external/google/android-json/0.0.20131108.vaadin1/android-json-0.0.20131108.vaadin1.jar
Progress (1): 270/704 kB
Progress (1): 279/704 kB
Progress (1): 295/704 kB
Progress (1): 311/704 kB
Progress (2): 311/704 kB | 7.7/49 kB
Progress (2): 311/704 kB | 16/49 kB 
Progress (2): 328/704 kB | 16/49 kB
Progress (2): 344/704 kB | 16/49 kB
Progress (2): 344/704 kB | 32/49 kB
Progress (2): 360/704 kB | 32/49 kB
Progress (2): 360/704 kB | 49/49 kB
Progress (2): 360/704 kB | 49 kB   
Progress (2): 377/704 kB | 49 kB
                                
Downloaded from central: https://repo.maven.apache.org/maven2/org/objenesis/objenesis/3.3/objenesis-3.3.jar (49 kB at 12 kB/s)
Downloading from central: https://repo.maven.apache.org/maven2/org/springframework/spring-core/6.1.13/spring-core-6.1.13.jar
Progress (1): 393/704 kB
Progress (1): 410/704 kB
Progress (1): 426/704 kB
Progress (1): 442/704 kB
Progress (1): 459/704 kB
Progress (2): 459/704 kB | 7.7/31 kB
Progress (2): 459/704 kB | 12/31 kB 
Progress (2): 459/704 kB | 28/31 kB
Progress (2): 475/704 kB | 28/31 kB
Progress (2): 475/704 kB | 31 kB   
Progress (2): 492/704 kB | 31 kB
                                
Downloaded from central: https://repo.maven.apache.org/maven2/org/skyscreamer/jsonassert/1.5.3/jsonassert-1.5.3.jar (31 kB at 7.3 kB/s)
Progress (1): 508/704 kB
                        
Downloading from central: https://repo.maven.apache.org/maven2/org/springframework/spring-jcl/6.1.13/spring-jcl-6.1.13.jar
Progress (1): 524/704 kB
Progress (2): 524/704 kB | 7.7/8.9 kB
Progress (2): 524/704 kB | 8.9 kB    
Progress (2): 541/704 kB | 8.9 kB
                                 
Downloaded from central: https://repo.maven.apache.org/maven2/org/mockito/mockito-junit-jupiter/5.11.0/mockito-junit-jupiter-5.11.0.jar (8.9 kB at 2.1 kB/s)
Downloading from central: https://repo.maven.apache.org/maven2/org/springframework/spring-test/6.1.13/spring-test-6.1.13.jar
Progress (1): 557/704 kB
Progress (1): 573/704 kB
Progress (1): 590/704 kB
Progress (1): 606/704 kB
Progress (1): 623/704 kB
Progress (1): 639/704 kB
Progress (1): 655/704 kB
Progress (1): 672/704 kB
Progress (1): 688/704 kB
Progress (1): 704 kB    
                    
Downloaded from central: https://repo.maven.apache.org/maven2/org/mockito/mockito-core/5.11.0/mockito-core-5.11.0.jar (704 kB at 164 kB/s)
Downloading from central: https://repo.maven.apache.org/maven2/org/xmlunit/xmlunit-core/2.9.1/xmlunit-core-2.9.1.jar
Progress (1): 0/1.9 MB
Progress (1): 0/1.9 MB
Progress (1): 0/1.9 MB
Progress (1): 0/1.9 MB
Progress (1): 0.1/1.9 MB
Progress (1): 0.1/1.9 MB
Progress (1): 0.1/1.9 MB
Progress (1): 0.1/1.9 MB
Progress (1): 0.1/1.9 MB
Progress (1): 0.1/1.9 MB
Progress (1): 0.2/1.9 MB
Progress (1): 0.2/1.9 MB
Progress (1): 0.2/1.9 MB
Progress (2): 0.2/1.9 MB | 7.7/25 kB
Progress (2): 0.2/1.9 MB | 16/25 kB 
Progress (2): 0.2/1.9 MB | 25 kB   
Progress (2): 0.2/1.9 MB | 25 kB
                                
Downloaded from central: https://repo.maven.apache.org/maven2/org/springframework/spring-jcl/6.1.13/spring-jcl-6.1.13.jar (25 kB at 5.6 kB/s)
Downloading from central: https://repo.maven.apache.org/maven2/io/projectreactor/reactor-test/3.6.10/reactor-test-3.6.10.jar
Progress (1): 0.2/1.9 MB
Progress (1): 0.2/1.9 MB
Progress (1): 0.2/1.9 MB
Progress (1): 0.3/1.9 MB
Progress (1): 0.3/1.9 MB
Progress (1): 0.3/1.9 MB
Progress (1): 0.3/1.9 MB
Progress (1): 0.3/1.9 MB
Progress (2): 0.3/1.9 MB | 16/18 kB
Progress (2): 0.3/1.9 MB | 18 kB   
Progress (2): 0.3/1.9 MB | 18 kB
Progress (2): 0.4/1.9 MB | 18 kB
                                
Downloaded from central: https://repo.maven.apache.org/maven2/com/vaadin/external/google/android-json/0.0.20131108.vaadin1/android-json-0.0.20131108.vaadin1.jar (18 kB at 4.2 kB/s)
Downloading from central: https://repo.maven.apache.org/maven2/org/springframework/security/spring-security-test/6.3.3/spring-security-test-6.3.3.jar
Progress (1): 0.4/1.9 MB
Progress (1): 0.4/1.9 MB
Progress (1): 0.4/1.9 MB
Progress (1): 0.4/1.9 MB
Progress (1): 0.4/1.9 MB
Progress (1): 0.5/1.9 MB
Progress (1): 0.5/1.9 MB
Progress (1): 0.5/1.9 MB
Progress (1): 0.5/1.9 MB
Progress (1): 0.5/1.9 MB
Progress (2): 0.5/1.9 MB | 8.2/857 kB
Progress (2): 0.5/1.9 MB | 8.2/857 kB
Progress (2): 0.5/1.9 MB | 25/857 kB 
Progress (2): 0.5/1.9 MB | 25/857 kB
Progress (2): 0.6/1.9 MB | 25/857 kB
Progress (2): 0.6/1.9 MB | 41/857 kB
Progress (2): 0.6/1.9 MB | 41/857 kB
Progress (2): 0.6/1.9 MB | 57/857 kB
Progress (2): 0.6/1.9 MB | 57/857 kB
Progress (2): 0.6/1.9 MB | 57/857 kB
Progress (2): 0.6/1.9 MB | 74/857 kB
Progress (2): 0.6/1.9 MB | 74/857 kB
Progress (2): 0.6/1.9 MB | 74/857 kB
Progress (3): 0.6/1.9 MB | 74/857 kB | 7.7/136 kB
Progress (3): 0.6/1.9 MB | 74/857 kB | 8.2/136 kB
Progress (3): 0.6/1.9 MB | 90/857 kB | 8.2/136 kB
Progress (3): 0.6/1.9 MB | 94/857 kB | 8.2/136 kB
Progress (3): 0.6/1.9 MB | 94/857 kB | 25/136 kB 
Progress (3): 0.6/1.9 MB | 110/857 kB | 25/136 kB
Progress (3): 0.7/1.9 MB | 110/857 kB | 25/136 kB
Progress (3): 0.7/1.9 MB | 110/857 kB | 25/136 kB
Progress (3): 0.7/1.9 MB | 123/857 kB | 25/136 kB
Progress (3): 0.7/1.9 MB | 123/857 kB | 41/136 kB
Progress (3): 0.7/1.9 MB | 139/857 kB | 41/136 kB
Progress (3): 0.7/1.9 MB | 139/857 kB | 41/136 kB
Progress (3): 0.7/1.9 MB | 139/857 kB | 57/136 kB
Progress (3): 0.7/1.9 MB | 139/857 kB | 66/136 kB
Progress (3): 0.7/1.9 MB | 139/857 kB | 66/136 kB
Progress (3): 0.7/1.9 MB | 156/857 kB | 66/136 kB
Progress (3): 0.7/1.9 MB | 172/857 kB | 66/136 kB
Progress (3): 0.7/1.9 MB | 172/857 kB | 66/136 kB
Progress (3): 0.7/1.9 MB | 172/857 kB | 82/136 kB
Progress (3): 0.7/1.9 MB | 172/857 kB | 82/136 kB
Progress (3): 0.7/1.9 MB | 188/857 kB | 82/136 kB
Progress (3): 0.7/1.9 MB | 188/857 kB | 98/136 kB
Progress (3): 0.7/1.9 MB | 205/857 kB | 98/136 kB
Progress (3): 0.7/1.9 MB | 205/857 kB | 115/136 kB
Progress (3): 0.8/1.9 MB | 205/857 kB | 115/136 kB
Progress (3): 0.8/1.9 MB | 205/857 kB | 115/136 kB
Progress (3): 0.8/1.9 MB | 205/857 kB | 115/136 kB
Progress (3): 0.8/1.9 MB | 221/857 kB | 115/136 kB
Progress (3): 0.8/1.9 MB | 221/857 kB | 131/136 kB
Progress (3): 0.8/1.9 MB | 221/857 kB | 136 kB    
Progress (3): 0.8/1.9 MB | 238/857 kB | 136 kB
                                              
Downloaded from central: https://repo.maven.apache.org/maven2/io/projectreactor/reactor-test/3.6.10/reactor-test-3.6.10.jar (136 kB at 30 kB/s)
Downloading from central: https://repo.maven.apache.org/maven2/org/springframework/security/spring-security-core/6.3.3/spring-security-core-6.3.3.jar
Progress (2): 0.8/1.9 MB | 254/857 kB
Progress (2): 0.8/1.9 MB | 254/857 kB
Progress (3): 0.8/1.9 MB | 254/857 kB | 7.7/132 kB
Progress (3): 0.8/1.9 MB | 254/857 kB | 16/132 kB 
Progress (3): 0.8/1.9 MB | 270/857 kB | 16/132 kB
Progress (3): 0.8/1.9 MB | 270/857 kB | 16/132 kB
Progress (3): 0.8/1.9 MB | 287/857 kB | 16/132 kB
Progress (3): 0.8/1.9 MB | 287/857 kB | 16/132 kB
Progress (3): 0.8/1.9 MB | 303/857 kB | 16/132 kB
Progress (3): 0.8/1.9 MB | 303/857 kB | 32/132 kB
Progress (3): 0.8/1.9 MB | 319/857 kB | 32/132 kB
Progress (3): 0.8/1.9 MB | 328/857 kB | 32/132 kB
Progress (3): 0.9/1.9 MB | 328/857 kB | 32/132 kB
Progress (3): 0.9/1.9 MB | 328/857 kB | 49/132 kB
Progress (3): 0.9/1.9 MB | 328/857 kB | 49/132 kB
Progress (3): 0.9/1.9 MB | 344/857 kB | 49/132 kB
Progress (3): 0.9/1.9 MB | 344/857 kB | 65/132 kB
Progress (3): 0.9/1.9 MB | 344/857 kB | 65/132 kB
Progress (3): 0.9/1.9 MB | 344/857 kB | 81/132 kB
Progress (3): 0.9/1.9 MB | 344/857 kB | 81/132 kB
Progress (3): 0.9/1.9 MB | 344/857 kB | 98/132 kB
Progress (3): 0.9/1.9 MB | 360/857 kB | 98/132 kB
Progress (3): 0.9/1.9 MB | 360/857 kB | 98/132 kB
Progress (3): 0.9/1.9 MB | 360/857 kB | 114/132 kB
Progress (3): 0.9/1.9 MB | 377/857 kB | 114/132 kB
Progress (3): 0.9/1.9 MB | 377/857 kB | 122/132 kB
Progress (3): 0.9/1.9 MB | 377/857 kB | 132 kB    
Progress (3): 0.9/1.9 MB | 377/857 kB | 132 kB
                                              
Downloaded from central: https://repo.maven.apache.org/maven2/org/springframework/security/spring-security-test/6.3.3/spring-security-test-6.3.3.jar (132 kB at 29 kB/s)
Downloading from central: https://repo.maven.apache.org/maven2/org/springframework/security/spring-security-crypto/6.3.3/spring-security-crypto-6.3.3.jar
Progress (2): 0.9/1.9 MB | 393/857 kB
Progress (2): 0.9/1.9 MB | 410/857 kB
Progress (2): 1.0/1.9 MB | 410/857 kB
Progress (2): 1.0/1.9 MB | 426/857 kB
Progress (2): 1.0/1.9 MB | 442/857 kB
Progress (2): 1.0/1.9 MB | 442/857 kB
Progress (2): 1.0/1.9 MB | 459/857 kB
Progress (2): 1.0/1.9 MB | 475/857 kB
Progress (2): 1.0/1.9 MB | 475/857 kB
Progress (2): 1.0/1.9 MB | 492/857 kB
Progress (2): 1.0/1.9 MB | 492/857 kB
Progress (2): 1.0/1.9 MB | 508/857 kB
Progress (2): 1.0/1.9 MB | 508/857 kB
Progress (2): 1.0/1.9 MB | 524/857 kB
Progress (2): 1.0/1.9 MB | 524/857 kB
Progress (2): 1.0/1.9 MB | 541/857 kB
Progress (2): 1.1/1.9 MB | 541/857 kB
Progress (2): 1.1/1.9 MB | 557/857 kB
Progress (2): 1.1/1.9 MB | 557/857 kB
Progress (2): 1.1/1.9 MB | 557/857 kB
Progress (2): 1.1/1.9 MB | 573/857 kB
Progress (2): 1.1/1.9 MB | 590/857 kB
Progress (2): 1.1/1.9 MB | 590/857 kB
Progress (2): 1.1/1.9 MB | 606/857 kB
Progress (2): 1.1/1.9 MB | 623/857 kB
Progress (2): 1.1/1.9 MB | 623/857 kB
Progress (2): 1.1/1.9 MB | 623/857 kB
Progress (2): 1.1/1.9 MB | 639/857 kB
Progress (2): 1.1/1.9 MB | 655/857 kB
Progress (2): 1.2/1.9 MB | 655/857 kB
Progress (2): 1.2/1.9 MB | 672/857 kB
Progress (2): 1.2/1.9 MB | 688/857 kB
Progress (2): 1.2/1.9 MB | 688/857 kB
Progress (2): 1.2/1.9 MB | 705/857 kB
Progress (2): 1.2/1.9 MB | 705/857 kB
Progress (2): 1.2/1.9 MB | 721/857 kB
Progress (2): 1.2/1.9 MB | 721/857 kB
Progress (2): 1.2/1.9 MB | 737/857 kB
Progress (2): 1.2/1.9 MB | 754/857 kB
Progress (2): 1.2/1.9 MB | 770/857 kB
Progress (2): 1.2/1.9 MB | 770/857 kB
Progress (2): 1.2/1.9 MB | 786/857 kB
Progress (2): 1.2/1.9 MB | 803/857 kB
Progress (2): 1.2/1.9 MB | 819/857 kB
Progress (2): 1.2/1.9 MB | 836/857 kB
Progress (2): 1.2/1.9 MB | 836/857 kB
Progress (2): 1.2/1.9 MB | 852/857 kB
Progress (2): 1.2/1.9 MB | 857 kB    
Progress (2): 1.3/1.9 MB | 857 kB
Progress (2): 1.3/1.9 MB | 857 kB
                                 
Downloaded from central: https://repo.maven.apache.org/maven2/org/springframework/spring-test/6.1.13/spring-test-6.1.13.jar (857 kB at 186 kB/s)
Downloading from central: https://repo.maven.apache.org/maven2/org/testcontainers/junit-jupiter/1.19.8/junit-jupiter-1.19.8.jar
Progress (2): 1.3/1.9 MB | 7.7/560 kB
Progress (2): 1.3/1.9 MB | 12/560 kB 
Progress (2): 1.3/1.9 MB | 12/560 kB
Progress (2): 1.3/1.9 MB | 28/560 kB
Progress (2): 1.3/1.9 MB | 28/560 kB
Progress (2): 1.3/1.9 MB | 44/560 kB
Progress (2): 1.3/1.9 MB | 44/560 kB
Progress (2): 1.3/1.9 MB | 44/560 kB
Progress (2): 1.4/1.9 MB | 44/560 kB
Progress (2): 1.4/1.9 MB | 44/560 kB
Progress (2): 1.4/1.9 MB | 44/560 kB
Progress (2): 1.4/1.9 MB | 44/560 kB
Progress (2): 1.4/1.9 MB | 44/560 kB
Progress (2): 1.4/1.9 MB | 44/560 kB
Progress (2): 1.4/1.9 MB | 44/560 kB
Progress (2): 1.4/1.9 MB | 61/560 kB
Progress (2): 1.4/1.9 MB | 77/560 kB
Progress (2): 1.4/1.9 MB | 93/560 kB
Progress (2): 1.4/1.9 MB | 102/560 kB
Progress (2): 1.5/1.9 MB | 102/560 kB
Progress (2): 1.5/1.9 MB | 102/560 kB
Progress (2): 1.5/1.9 MB | 118/560 kB
Progress (2): 1.5/1.9 MB | 134/560 kB
Progress (2): 1.5/1.9 MB | 134/560 kB
Progress (2): 1.5/1.9 MB | 134/560 kB
Progress (2): 1.5/1.9 MB | 143/560 kB
Progress (2): 1.5/1.9 MB | 143/560 kB
Progress (2): 1.5/1.9 MB | 159/560 kB
Progress (3): 1.5/1.9 MB | 159/560 kB | 8.2/175 kB
Progress (3): 1.5/1.9 MB | 167/560 kB | 8.2/175 kB
Progress (3): 1.5/1.9 MB | 167/560 kB | 8.2/175 kB
Progress (3): 1.5/1.9 MB | 167/560 kB | 16/175 kB 
Progress (3): 1.5/1.9 MB | 184/560 kB | 16/175 kB
Progress (3): 1.5/1.9 MB | 192/560 kB | 16/175 kB
Progress (3): 1.5/1.9 MB | 200/560 kB | 16/175 kB
Progress (3): 1.6/1.9 MB | 200/560 kB | 16/175 kB
Progress (3): 1.6/1.9 MB | 200/560 kB | 33/175 kB
Progress (3): 1.6/1.9 MB | 200/560 kB | 33/175 kB
Progress (3): 1.6/1.9 MB | 216/560 kB | 33/175 kB
Progress (3): 1.6/1.9 MB | 233/560 kB | 33/175 kB
Progress (3): 1.6/1.9 MB | 233/560 kB | 49/175 kB
Progress (3): 1.6/1.9 MB | 233/560 kB | 66/175 kB
Progress (3): 1.6/1.9 MB | 233/560 kB | 66/175 kB
Progress (3): 1.6/1.9 MB | 233/560 kB | 66/175 kB
Progress (3): 1.6/1.9 MB | 233/560 kB | 74/175 kB
Progress (3): 1.6/1.9 MB | 233/560 kB | 74/175 kB
Progress (3): 1.6/1.9 MB | 249/560 kB | 74/175 kB
Progress (3): 1.6/1.9 MB | 249/560 kB | 90/175 kB
Progress (3): 1.6/1.9 MB | 258/560 kB | 90/175 kB
Progress (3): 1.6/1.9 MB | 258/560 kB | 90/175 kB
Progress (3): 1.6/1.9 MB | 258/560 kB | 106/175 kB
Progress (3): 1.6/1.9 MB | 258/560 kB | 123/175 kB
Progress (3): 1.7/1.9 MB | 258/560 kB | 123/175 kB
Progress (3): 1.7/1.9 MB | 258/560 kB | 139/175 kB
Progress (3): 1.7/1.9 MB | 274/560 kB | 139/175 kB
Progress (3): 1.7/1.9 MB | 274/560 kB | 139/175 kB
Progress (3): 1.7/1.9 MB | 274/560 kB | 139/175 kB
Progress (3): 1.7/1.9 MB | 274/560 kB | 156/175 kB
Progress (3): 1.7/1.9 MB | 274/560 kB | 172/175 kB
Progress (3): 1.7/1.9 MB | 274/560 kB | 175 kB    
                                              
Downloaded from central: https://repo.maven.apache.org/maven2/org/xmlunit/xmlunit-core/2.9.1/xmlunit-core-2.9.1.jar (175 kB at 38 kB/s)
Downloading from central: https://repo.maven.apache.org/maven2/org/testcontainers/testcontainers/1.19.8/testcontainers-1.19.8.jar
Progress (2): 1.7/1.9 MB | 282/560 kB
Progress (2): 1.7/1.9 MB | 282/560 kB
Progress (2): 1.7/1.9 MB | 290/560 kB
Progress (2): 1.7/1.9 MB | 290/560 kB
Progress (2): 1.7/1.9 MB | 290/560 kB
Progress (2): 1.7/1.9 MB | 307/560 kB
Progress (2): 1.7/1.9 MB | 323/560 kB
Progress (2): 1.8/1.9 MB | 323/560 kB
Progress (2): 1.8/1.9 MB | 340/560 kB
Progress (2): 1.8/1.9 MB | 340/560 kB
Progress (2): 1.8/1.9 MB | 340/560 kB
Progress (2): 1.8/1.9 MB | 340/560 kB
Progress (2): 1.8/1.9 MB | 356/560 kB
Progress (2): 1.8/1.9 MB | 356/560 kB
Progress (2): 1.8/1.9 MB | 356/560 kB
Progress (2): 1.8/1.9 MB | 372/560 kB
Progress (2): 1.9/1.9 MB | 372/560 kB
Progress (2): 1.9/1.9 MB | 372/560 kB
Progress (2): 1.9 MB | 372/560 kB    
                                 
Downloaded from central: https://repo.maven.apache.org/maven2/org/springframework/spring-core/6.1.13/spring-core-6.1.13.jar (1.9 MB at 401 kB/s)
Downloading from central: https://repo.maven.apache.org/maven2/junit/junit/4.13.2/junit-4.13.2.jar
Progress (1): 389/560 kB
Progress (1): 401/560 kB
Progress (1): 410/560 kB
Progress (1): 426/560 kB
Progress (1): 438/560 kB
Progress (1): 454/560 kB
Progress (1): 471/560 kB
Progress (1): 487/560 kB
Progress (1): 503/560 kB
Progress (1): 520/560 kB
Progress (1): 536/560 kB
Progress (1): 553/560 kB
Progress (1): 560 kB    
                    
Downloaded from central: https://repo.maven.apache.org/maven2/org/springframework/security/spring-security-core/6.3.3/spring-security-core-6.3.3.jar (560 kB at 119 kB/s)
Downloading from central: https://repo.maven.apache.org/maven2/org/hamcrest/hamcrest-core/2.2/hamcrest-core-2.2.jar
Progress (1): 7.7/12 kB
Progress (1): 12 kB    
                   
Downloaded from central: https://repo.maven.apache.org/maven2/org/testcontainers/junit-jupiter/1.19.8/junit-jupiter-1.19.8.jar (12 kB at 2.5 kB/s)
Downloading from central: https://repo.maven.apache.org/maven2/org/apache/commons/commons-compress/1.24.0/commons-compress-1.24.0.jar
Progress (1): 0/18 MB
Progress (1): 0/18 MB
Progress (2): 0/18 MB | 7.7/385 kB
Progress (2): 0/18 MB | 7.7/385 kB
Progress (2): 0/18 MB | 12/385 kB 
Progress (2): 0/18 MB | 12/385 kB
Progress (2): 0/18 MB | 12/385 kB
Progress (2): 0/18 MB | 28/385 kB
Progress (2): 0.1/18 MB | 28/385 kB
Progress (2): 0.1/18 MB | 44/385 kB
Progress (2): 0.1/18 MB | 44/385 kB
Progress (2): 0.1/18 MB | 44/385 kB
Progress (2): 0.1/18 MB | 61/385 kB
Progress (2): 0.1/18 MB | 61/385 kB
Progress (2): 0.1/18 MB | 77/385 kB
Progress (2): 0.1/18 MB | 77/385 kB
Progress (2): 0.1/18 MB | 93/385 kB
Progress (2): 0.1/18 MB | 93/385 kB
Progress (2): 0.1/18 MB | 93/385 kB
Progress (3): 0.1/18 MB | 93/385 kB | 1.5 kB
Progress (3): 0.1/18 MB | 110/385 kB | 1.5 kB
                                             
Downloaded from central: https://repo.maven.apache.org/maven2/org/hamcrest/hamcrest-core/2.2/hamcrest-core-2.2.jar (1.5 kB at 311 B/s)
Downloading from central: https://repo.maven.apache.org/maven2/org/rnorth/duct-tape/duct-tape/1.0.8/duct-tape-1.0.8.jar
Progress (2): 0.2/18 MB | 110/385 kB
Progress (2): 0.2/18 MB | 126/385 kB
Progress (2): 0.2/18 MB | 143/385 kB
Progress (2): 0.2/18 MB | 159/385 kB
Progress (2): 0.2/18 MB | 159/385 kB
Progress (2): 0.2/18 MB | 175/385 kB
Progress (2): 0.2/18 MB | 192/385 kB
Progress (2): 0.2/18 MB | 208/385 kB
Progress (2): 0.2/18 MB | 208/385 kB
Progress (2): 0.2/18 MB | 208/385 kB
Progress (2): 0.2/18 MB | 216/385 kB
Progress (2): 0.2/18 MB | 233/385 kB
Progress (2): 0.2/18 MB | 233/385 kB
Progress (2): 0.2/18 MB | 249/385 kB
Progress (2): 0.2/18 MB | 266/385 kB
Progress (2): 0.2/18 MB | 266/385 kB
Progress (2): 0.2/18 MB | 266/385 kB
Progress (2): 0.3/18 MB | 266/385 kB
Progress (2): 0.3/18 MB | 266/385 kB
Progress (2): 0.3/18 MB | 282/385 kB
Progress (2): 0.3/18 MB | 299/385 kB
Progress (2): 0.3/18 MB | 315/385 kB
Progress (2): 0.3/18 MB | 315/385 kB
Progress (2): 0.3/18 MB | 323/385 kB
Progress (2): 0.3/18 MB | 323/385 kB
Progress (2): 0.3/18 MB | 323/385 kB
Progress (2): 0.3/18 MB | 340/385 kB
Progress (2): 0.3/18 MB | 356/385 kB
Progress (2): 0.3/18 MB | 356/385 kB
Progress (2): 0.4/18 MB | 356/385 kB
Progress (2): 0.4/18 MB | 372/385 kB
Progress (2): 0.4/18 MB | 372/385 kB
Progress (2): 0.4/18 MB | 372/385 kB
Progress (2): 0.4/18 MB | 385 kB    
Progress (2): 0.4/18 MB | 385 kB
Progress (2): 0.4/18 MB | 385 kB
                                
Downloaded from central: https://repo.maven.apache.org/maven2/junit/junit/4.13.2/junit-4.13.2.jar (385 kB at 79 kB/s)
Downloading from central: https://repo.maven.apache.org/maven2/org/jetbrains/annotations/17.0.0/annotations-17.0.0.jar
Progress (1): 0.4/18 MB
Progress (1): 0.5/18 MB
Progress (1): 0.5/18 MB
Progress (1): 0.5/18 MB
Progress (1): 0.5/18 MB
Progress (2): 0.5/18 MB | 0/1.1 MB
Progress (2): 0.5/18 MB | 0/1.1 MB
Progress (3): 0.5/18 MB | 0/1.1 MB | 8.2/100 kB
Progress (4): 0.5/18 MB | 0/1.1 MB | 8.2/100 kB | 3.4/25 kB
Progress (4): 0.5/18 MB | 0/1.1 MB | 8.2/100 kB | 3.4/25 kB
Progress (4): 0.5/18 MB | 0/1.1 MB | 25/100 kB | 3.4/25 kB 
Progress (4): 0.5/18 MB | 0/1.1 MB | 41/100 kB | 3.4/25 kB
Progress (4): 0.5/18 MB | 0/1.1 MB | 41/100 kB | 20/25 kB 
Progress (4): 0.5/18 MB | 0/1.1 MB | 41/100 kB | 25 kB   
Progress (4): 0.5/18 MB | 0/1.1 MB | 41/100 kB | 25 kB
                                                      
Downloaded from central: https://repo.maven.apache.org/maven2/org/rnorth/duct-tape/duct-tape/1.0.8/duct-tape-1.0.8.jar (25 kB at 5.2 kB/s)
Downloading from central: https://repo.maven.apache.org/maven2/com/github/docker-java/docker-java-api/3.3.6/docker-java-api-3.3.6.jar
Progress (3): 0.5/18 MB | 0/1.1 MB | 41/100 kB
Progress (3): 0.5/18 MB | 0/1.1 MB | 57/100 kB
Progress (3): 0.5/18 MB | 0/1.1 MB | 74/100 kB
Progress (3): 0.5/18 MB | 0/1.1 MB | 74/100 kB
Progress (3): 0.5/18 MB | 0.1/1.1 MB | 74/100 kB
Progress (3): 0.5/18 MB | 0.1/1.1 MB | 74/100 kB
Progress (3): 0.5/18 MB | 0.1/1.1 MB | 90/100 kB
Progress (3): 0.5/18 MB | 0.1/1.1 MB | 100 kB   
Progress (3): 0.6/18 MB | 0.1/1.1 MB | 100 kB
Progress (3): 0.6/18 MB | 0.1/1.1 MB | 100 kB
                                             
Downloaded from central: https://repo.maven.apache.org/maven2/org/springframework/security/spring-security-crypto/6.3.3/spring-security-crypto-6.3.3.jar (100 kB at 20 kB/s)
Downloading from central: https://repo.maven.apache.org/maven2/com/github/docker-java/docker-java-transport-zerodep/3.3.6/docker-java-transport-zerodep-3.3.6.jar
Progress (2): 0.6/18 MB | 0.1/1.1 MB
Progress (2): 0.6/18 MB | 0.1/1.1 MB
Progress (2): 0.6/18 MB | 0.1/1.1 MB
Progress (2): 0.6/18 MB | 0.1/1.1 MB
Progress (2): 0.6/18 MB | 0.1/1.1 MB
Progress (2): 0.6/18 MB | 0.1/1.1 MB
Progress (2): 0.6/18 MB | 0.2/1.1 MB
Progress (2): 0.6/18 MB | 0.2/1.1 MB
Progress (2): 0.6/18 MB | 0.2/1.1 MB
Progress (2): 0.6/18 MB | 0.2/1.1 MB
Progress (2): 0.6/18 MB | 0.2/1.1 MB
Progress (2): 0.6/18 MB | 0.2/1.1 MB
Progress (2): 0.6/18 MB | 0.2/1.1 MB
Progress (3): 0.6/18 MB | 0.2/1.1 MB | 7.7/19 kB
Progress (3): 0.6/18 MB | 0.2/1.1 MB | 8.2/19 kB
Progress (3): 0.6/18 MB | 0.2/1.1 MB | 19 kB    
                                            
Downloaded from central: https://repo.maven.apache.org/maven2/org/jetbrains/annotations/17.0.0/annotations-17.0.0.jar (19 kB at 3.8 kB/s)
Downloading from central: https://repo.maven.apache.org/maven2/com/github/docker-java/docker-java-transport/3.3.6/docker-java-transport-3.3.6.jar
Progress (2): 0.7/18 MB | 0.2/1.1 MB
Progress (2): 0.7/18 MB | 0.2/1.1 MB
Progress (2): 0.7/18 MB | 0.2/1.1 MB
Progress (2): 0.7/18 MB | 0.2/1.1 MB
Progress (2): 0.7/18 MB | 0.2/1.1 MB
Progress (2): 0.7/18 MB | 0.2/1.1 MB
Progress (2): 0.7/18 MB | 0.3/1.1 MB
Progress (2): 0.7/18 MB | 0.3/1.1 MB
Progress (2): 0.7/18 MB | 0.3/1.1 MB
Progress (2): 0.7/18 MB | 0.3/1.1 MB
Progress (2): 0.7/18 MB | 0.3/1.1 MB
Progress (2): 0.7/18 MB | 0.3/1.1 MB
Progress (2): 0.8/18 MB | 0.3/1.1 MB
Progress (2): 0.8/18 MB | 0.3/1.1 MB
Progress (2): 0.8/18 MB | 0.3/1.1 MB
Progress (2): 0.8/18 MB | 0.3/1.1 MB
Progress (2): 0.8/18 MB | 0.3/1.1 MB
Progress (2): 0.8/18 MB | 0.3/1.1 MB
Progress (2): 0.8/18 MB | 0.3/1.1 MB
Progress (2): 0.8/18 MB | 0.3/1.1 MB
Progress (2): 0.8/18 MB | 0.3/1.1 MB
Progress (2): 0.8/18 MB | 0.4/1.1 MB
Progress (2): 0.9/18 MB | 0.4/1.1 MB
Progress (2): 0.9/18 MB | 0.4/1.1 MB
Progress (2): 0.9/18 MB | 0.4/1.1 MB
Progress (2): 0.9/18 MB | 0.4/1.1 MB
Progress (2): 0.9/18 MB | 0.4/1.1 MB
Progress (2): 0.9/18 MB | 0.4/1.1 MB
Progress (2): 0.9/18 MB | 0.4/1.1 MB
Progress (2): 0.9/18 MB | 0.4/1.1 MB
Progress (2): 0.9/18 MB | 0.4/1.1 MB
Progress (2): 0.9/18 MB | 0.4/1.1 MB
Progress (2): 0.9/18 MB | 0.4/1.1 MB
Progress (2): 0.9/18 MB | 0.5/1.1 MB
Progress (2): 1.0/18 MB | 0.5/1.1 MB
Progress (2): 1.0/18 MB | 0.5/1.1 MB
Progress (2): 1.0/18 MB | 0.5/1.1 MB
Progress (2): 1.0/18 MB | 0.5/1.1 MB
Progress (2): 1.0/18 MB | 0.5/1.1 MB
Progress (2): 1.0/18 MB | 0.5/1.1 MB
Progress (2): 1.0/18 MB | 0.5/1.1 MB
Progress (2): 1.0/18 MB | 0.5/1.1 MB
Progress (2): 1.0/18 MB | 0.5/1.1 MB
Progress (2): 1.0/18 MB | 0.5/1.1 MB
Progress (2): 1.1/18 MB | 0.5/1.1 MB
Progress (2): 1.1/18 MB | 0.5/1.1 MB
Progress (2): 1.1/18 MB | 0.5/1.1 MB
Progress (2): 1.1/18 MB | 0.6/1.1 MB
Progress (2): 1.1/18 MB | 0.6/1.1 MB
Progress (2): 1.1/18 MB | 0.6/1.1 MB
Progress (2): 1.1/18 MB | 0.6/1.1 MB
Progress (2): 1.1/18 MB | 0.6/1.1 MB
Progress (2): 1.1/18 MB | 0.6/1.1 MB
Progress (2): 1.1/18 MB | 0.6/1.1 MB
Progress (2): 1.1/18 MB | 0.6/1.1 MB
Progress (2): 1.1/18 MB | 0.6/1.1 MB
Progress (2): 1.1/18 MB | 0.6/1.1 MB
Progress (2): 1.2/18 MB | 0.6/1.1 MB
Progress (2): 1.2/18 MB | 0.6/1.1 MB
Progress (2): 1.2/18 MB | 0.7/1.1 MB
Progress (2): 1.2/18 MB | 0.7/1.1 MB
Progress (3): 1.2/18 MB | 0.7/1.1 MB | 7.7/473 kB
Progress (3): 1.2/18 MB | 0.7/1.1 MB | 8.2/473 kB
Progress (3): 1.2/18 MB | 0.7/1.1 MB | 8.2/473 kB
Progress (3): 1.2/18 MB | 0.7/1.1 MB | 8.2/473 kB
Progress (3): 1.2/18 MB | 0.7/1.1 MB | 8.2/473 kB
Progress (3): 1.2/18 MB | 0.7/1.1 MB | 25/473 kB 
Progress (3): 1.2/18 MB | 0.7/1.1 MB | 25/473 kB
Progress (3): 1.2/18 MB | 0.7/1.1 MB | 25/473 kB
Progress (3): 1.2/18 MB | 0.7/1.1 MB | 25/473 kB
Progress (3): 1.2/18 MB | 0.7/1.1 MB | 25/473 kB
Progress (3): 1.2/18 MB | 0.7/1.1 MB | 41/473 kB
Progress (3): 1.2/18 MB | 0.7/1.1 MB | 41/473 kB
Progress (3): 1.2/18 MB | 0.7/1.1 MB | 57/473 kB
Progress (3): 1.2/18 MB | 0.7/1.1 MB | 57/473 kB
Progress (3): 1.2/18 MB | 0.7/1.1 MB | 57/473 kB
Progress (3): 1.2/18 MB | 0.7/1.1 MB | 66/473 kB
Progress (3): 1.2/18 MB | 0.8/1.1 MB | 66/473 kB
Progress (3): 1.2/18 MB | 0.8/1.1 MB | 66/473 kB
Progress (3): 1.2/18 MB | 0.8/1.1 MB | 82/473 kB
Progress (3): 1.2/18 MB | 0.8/1.1 MB | 82/473 kB
Progress (3): 1.3/18 MB | 0.8/1.1 MB | 82/473 kB
Progress (3): 1.3/18 MB | 0.8/1.1 MB | 82/473 kB
Progress (3): 1.3/18 MB | 0.8/1.1 MB | 98/473 kB
Progress (3): 1.3/18 MB | 0.8/1.1 MB | 98/473 kB
Progress (3): 1.3/18 MB | 0.8/1.1 MB | 98/473 kB
Progress (3): 1.3/18 MB | 0.8/1.1 MB | 98/473 kB
Progress (3): 1.3/18 MB | 0.8/1.1 MB | 98/473 kB
Progress (3): 1.3/18 MB | 0.8/1.1 MB | 98/473 kB
Progress (3): 1.3/18 MB | 0.8/1.1 MB | 115/473 kB
Progress (3): 1.3/18 MB | 0.8/1.1 MB | 115/473 kB
Progress (3): 1.3/18 MB | 0.9/1.1 MB | 115/473 kB
Progress (3): 1.3/18 MB | 0.9/1.1 MB | 115/473 kB
Progress (3): 1.3/18 MB | 0.9/1.1 MB | 115/473 kB
Progress (3): 1.3/18 MB | 0.9/1.1 MB | 131/473 kB
Progress (3): 1.3/18 MB | 0.9/1.1 MB | 131/473 kB
Progress (3): 1.3/18 MB | 0.9/1.1 MB | 131/473 kB
Progress (3): 1.3/18 MB | 0.9/1.1 MB | 131/473 kB
Progress (3): 1.3/18 MB | 0.9/1.1 MB | 147/473 kB
Progress (3): 1.4/18 MB | 0.9/1.1 MB | 147/473 kB
Progress (3): 1.4/18 MB | 0.9/1.1 MB | 156/473 kB
Progress (3): 1.4/18 MB | 0.9/1.1 MB | 156/473 kB
Progress (3): 1.4/18 MB | 0.9/1.1 MB | 156/473 kB
Progress (3): 1.4/18 MB | 0.9/1.1 MB | 156/473 kB
Progress (3): 1.4/18 MB | 0.9/1.1 MB | 156/473 kB
Progress (3): 1.4/18 MB | 0.9/1.1 MB | 172/473 kB
Progress (3): 1.4/18 MB | 0.9/1.1 MB | 172/473 kB
Progress (3): 1.4/18 MB | 0.9/1.1 MB | 172/473 kB
Progress (3): 1.4/18 MB | 0.9/1.1 MB | 172/473 kB
Progress (3): 1.4/18 MB | 0.9/1.1 MB | 172/473 kB
Progress (3): 1.4/18 MB | 1.0/1.1 MB | 172/473 kB
Progress (3): 1.5/18 MB | 1.0/1.1 MB | 172/473 kB
Progress (3): 1.5/18 MB | 1.0/1.1 MB | 172/473 kB
Progress (3): 1.5/18 MB | 1.0/1.1 MB | 172/473 kB
Progress (3): 1.5/18 MB | 1.0/1.1 MB | 188/473 kB
Progress (3): 1.5/18 MB | 1.0/1.1 MB | 197/473 kB
Progress (3): 1.5/18 MB | 1.0/1.1 MB | 197/473 kB
Progress (3): 1.5/18 MB | 1.0/1.1 MB | 197/473 kB
Progress (3): 1.5/18 MB | 1.0/1.1 MB | 197/473 kB
Progress (3): 1.5/18 MB | 1.0/1.1 MB | 197/473 kB
Progress (3): 1.5/18 MB | 1.0/1.1 MB | 197/473 kB
Progress (3): 1.5/18 MB | 1.0/1.1 MB | 213/473 kB
Progress (3): 1.5/18 MB | 1.0/1.1 MB | 213/473 kB
Progress (3): 1.5/18 MB | 1.0/1.1 MB | 213/473 kB
Progress (4): 1.5/18 MB | 1.0/1.1 MB | 213/473 kB | 0/2.3 MB
Progress (4): 1.5/18 MB | 1.0/1.1 MB | 213/473 kB | 0/2.3 MB
Progress (4): 1.5/18 MB | 1.1/1.1 MB | 213/473 kB | 0/2.3 MB
Progress (4): 1.5/18 MB | 1.1/1.1 MB | 213/473 kB | 0/2.3 MB
Progress (4): 1.6/18 MB | 1.1/1.1 MB | 213/473 kB | 0/2.3 MB
Progress (4): 1.6/18 MB | 1.1/1.1 MB | 229/473 kB | 0/2.3 MB
Progress (4): 1.6/18 MB | 1.1/1.1 MB | 229/473 kB | 0/2.3 MB
Progress (4): 1.6/18 MB | 1.1 MB | 229/473 kB | 0/2.3 MB    
Progress (4): 1.6/18 MB | 1.1 MB | 229/473 kB | 0/2.3 MB
Progress (4): 1.6/18 MB | 1.1 MB | 229/473 kB | 0/2.3 MB
                                                        
Downloaded from central: https://repo.maven.apache.org/maven2/org/apache/commons/commons-compress/1.24.0/commons-compress-1.24.0.jar (1.1 MB at 211 kB/s)
Downloading from central: https://repo.maven.apache.org/maven2/net/java/dev/jna/jna/5.13.0/jna-5.13.0.jar
Progress (3): 1.6/18 MB | 246/473 kB | 0/2.3 MB
Progress (3): 1.6/18 MB | 246/473 kB | 0/2.3 MB
Progress (3): 1.6/18 MB | 262/473 kB | 0/2.3 MB
Progress (3): 1.6/18 MB | 270/473 kB | 0/2.3 MB
Progress (3): 1.6/18 MB | 279/473 kB | 0/2.3 MB
Progress (3): 1.6/18 MB | 279/473 kB | 0/2.3 MB
Progress (3): 1.6/18 MB | 295/473 kB | 0/2.3 MB
Progress (3): 1.6/18 MB | 295/473 kB | 0/2.3 MB
Progress (3): 1.6/18 MB | 295/473 kB | 0.1/2.3 MB
Progress (4): 1.6/18 MB | 295/473 kB | 0.1/2.3 MB | 7.7/38 kB
Progress (4): 1.6/18 MB | 295/473 kB | 0.1/2.3 MB | 16/38 kB 
Progress (4): 1.6/18 MB | 311/473 kB | 0.1/2.3 MB | 16/38 kB
Progress (4): 1.6/18 MB | 311/473 kB | 0.1/2.3 MB | 16/38 kB
Progress (4): 1.6/18 MB | 311/473 kB | 0.1/2.3 MB | 16/38 kB
Progress (4): 1.6/18 MB | 311/473 kB | 0.1/2.3 MB | 25/38 kB
Progress (4): 1.6/18 MB | 311/473 kB | 0.1/2.3 MB | 25/38 kB
Progress (4): 1.6/18 MB | 311/473 kB | 0.1/2.3 MB | 25/38 kB
Progress (4): 1.6/18 MB | 328/473 kB | 0.1/2.3 MB | 25/38 kB
Progress (4): 1.6/18 MB | 344/473 kB | 0.1/2.3 MB | 25/38 kB
Progress (4): 1.6/18 MB | 360/473 kB | 0.1/2.3 MB | 25/38 kB
Progress (4): 1.6/18 MB | 360/473 kB | 0.1/2.3 MB | 38 kB   
Progress (4): 1.7/18 MB | 360/473 kB | 0.1/2.3 MB | 38 kB
Progress (4): 1.7/18 MB | 369/473 kB | 0.1/2.3 MB | 38 kB
Progress (4): 1.7/18 MB | 377/473 kB | 0.1/2.3 MB | 38 kB
                                                         
Downloaded from central: https://repo.maven.apache.org/maven2/com/github/docker-java/docker-java-transport/3.3.6/docker-java-transport-3.3.6.jar (38 kB at 7.3 kB/s)
Downloading from central: https://repo.maven.apache.org/maven2/org/testcontainers/postgresql/1.19.8/postgresql-1.19.8.jar
Progress (3): 1.7/18 MB | 377/473 kB | 0.1/2.3 MB
Progress (3): 1.7/18 MB | 377/473 kB | 0.1/2.3 MB
Progress (3): 1.7/18 MB | 393/473 kB | 0.1/2.3 MB
Progress (3): 1.7/18 MB | 393/473 kB | 0.1/2.3 MB
Progress (3): 1.7/18 MB | 410/473 kB | 0.1/2.3 MB
Progress (3): 1.7/18 MB | 410/473 kB | 0.1/2.3 MB
Progress (3): 1.7/18 MB | 410/473 kB | 0.1/2.3 MB
Progress (3): 1.7/18 MB | 418/473 kB | 0.1/2.3 MB
Progress (3): 1.7/18 MB | 418/473 kB | 0.1/2.3 MB
Progress (3): 1.7/18 MB | 418/473 kB | 0.1/2.3 MB
Progress (3): 1.7/18 MB | 434/473 kB | 0.1/2.3 MB
Progress (3): 1.7/18 MB | 434/473 kB | 0.1/2.3 MB
Progress (3): 1.8/18 MB | 434/473 kB | 0.1/2.3 MB
Progress (3): 1.8/18 MB | 434/473 kB | 0.2/2.3 MB
Progress (3): 1.8/18 MB | 434/473 kB | 0.2/2.3 MB
Progress (3): 1.8/18 MB | 434/473 kB | 0.2/2.3 MB
Progress (3): 1.8/18 MB | 451/473 kB | 0.2/2.3 MB
Progress (3): 1.8/18 MB | 451/473 kB | 0.2/2.3 MB
Progress (3): 1.8/18 MB | 451/473 kB | 0.2/2.3 MB
Progress (3): 1.8/18 MB | 451/473 kB | 0.2/2.3 MB
Progress (3): 1.8/18 MB | 451/473 kB | 0.2/2.3 MB
Progress (3): 1.8/18 MB | 451/473 kB | 0.2/2.3 MB
Progress (3): 1.8/18 MB | 451/473 kB | 0.2/2.3 MB
Progress (3): 1.8/18 MB | 454/473 kB | 0.2/2.3 MB
Progress (3): 1.8/18 MB | 454/473 kB | 0.2/2.3 MB
Progress (3): 1.8/18 MB | 454/473 kB | 0.2/2.3 MB
Progress (3): 1.8/18 MB | 471/473 kB | 0.2/2.3 MB
Progress (3): 1.8/18 MB | 471/473 kB | 0.2/2.3 MB
Progress (3): 1.9/18 MB | 471/473 kB | 0.2/2.3 MB
Progress (3): 1.9/18 MB | 471/473 kB | 0.3/2.3 MB
Progress (3): 1.9/18 MB | 471/473 kB | 0.3/2.3 MB
Progress (3): 1.9/18 MB | 473 kB | 0.3/2.3 MB    
Progress (3): 1.9/18 MB | 473 kB | 0.3/2.3 MB
Progress (3): 1.9/18 MB | 473 kB | 0.3/2.3 MB
                                             
Downloaded from central: https://repo.maven.apache.org/maven2/com/github/docker-java/docker-java-api/3.3.6/docker-java-api-3.3.6.jar (473 kB at 92 kB/s)
Downloading from central: https://repo.maven.apache.org/maven2/org/testcontainers/jdbc/1.19.8/jdbc-1.19.8.jar
Progress (2): 1.9/18 MB | 0.3/2.3 MB
Progress (2): 1.9/18 MB | 0.3/2.3 MB
Progress (2): 1.9/18 MB | 0.3/2.3 MB
Progress (2): 1.9/18 MB | 0.3/2.3 MB
Progress (2): 1.9/18 MB | 0.3/2.3 MB
Progress (2): 1.9/18 MB | 0.3/2.3 MB
Progress (2): 1.9/18 MB | 0.4/2.3 MB
Progress (2): 1.9/18 MB | 0.4/2.3 MB
Progress (2): 1.9/18 MB | 0.4/2.3 MB
Progress (2): 1.9/18 MB | 0.4/2.3 MB
Progress (2): 1.9/18 MB | 0.4/2.3 MB
Progress (2): 1.9/18 MB | 0.4/2.3 MB
Progress (2): 1.9/18 MB | 0.4/2.3 MB
Progress (2): 1.9/18 MB | 0.4/2.3 MB
Progress (2): 2.0/18 MB | 0.4/2.3 MB
Progress (2): 2.0/18 MB | 0.5/2.3 MB
Progress (2): 2.0/18 MB | 0.5/2.3 MB
Progress (2): 2.0/18 MB | 0.5/2.3 MB
Progress (2): 2.0/18 MB | 0.5/2.3 MB
Progress (2): 2.0/18 MB | 0.5/2.3 MB
Progress (2): 2.0/18 MB | 0.5/2.3 MB
Progress (2): 2.0/18 MB | 0.5/2.3 MB
Progress (2): 2.0/18 MB | 0.5/2.3 MB
Progress (2): 2.0/18 MB | 0.6/2.3 MB
Progress (2): 2.0/18 MB | 0.6/2.3 MB
Progress (2): 2.0/18 MB | 0.6/2.3 MB
Progress (2): 2.0/18 MB | 0.6/2.3 MB
Progress (2): 2.0/18 MB | 0.6/2.3 MB
Progress (2): 2.0/18 MB | 0.6/2.3 MB
Progress (2): 2.0/18 MB | 0.6/2.3 MB
Progress (2): 2.1/18 MB | 0.6/2.3 MB
Progress (2): 2.1/18 MB | 0.6/2.3 MB
Progress (2): 2.1/18 MB | 0.6/2.3 MB
Progress (2): 2.1/18 MB | 0.6/2.3 MB
Progress (2): 2.1/18 MB | 0.6/2.3 MB
Progress (2): 2.1/18 MB | 0.6/2.3 MB
Progress (2): 2.1/18 MB | 0.6/2.3 MB
Progress (2): 2.1/18 MB | 0.7/2.3 MB
Progress (2): 2.1/18 MB | 0.7/2.3 MB
Progress (2): 2.1/18 MB | 0.7/2.3 MB
Progress (2): 2.1/18 MB | 0.7/2.3 MB
Progress (2): 2.1/18 MB | 0.7/2.3 MB
Progress (2): 2.1/18 MB | 0.7/2.3 MB
Progress (2): 2.2/18 MB | 0.7/2.3 MB
Progress (2): 2.2/18 MB | 0.7/2.3 MB
Progress (2): 2.2/18 MB | 0.8/2.3 MB
Progress (2): 2.2/18 MB | 0.8/2.3 MB
Progress (2): 2.2/18 MB | 0.8/2.3 MB
Progress (2): 2.2/18 MB | 0.8/2.3 MB
Progress (2): 2.2/18 MB | 0.8/2.3 MB
Progress (2): 2.2/18 MB | 0.8/2.3 MB
Progress (2): 2.2/18 MB | 0.8/2.3 MB
Progress (2): 2.2/18 MB | 0.8/2.3 MB
Progress (2): 2.2/18 MB | 0.8/2.3 MB
Progress (2): 2.2/18 MB | 0.9/2.3 MB
Progress (2): 2.2/18 MB | 0.9/2.3 MB
Progress (2): 2.2/18 MB | 0.9/2.3 MB
Progress (2): 2.2/18 MB | 0.9/2.3 MB
Progress (2): 2.2/18 MB | 0.9/2.3 MB
Progress (2): 2.2/18 MB | 0.9/2.3 MB
Progress (2): 2.3/18 MB | 0.9/2.3 MB
Progress (2): 2.3/18 MB | 0.9/2.3 MB
Progress (2): 2.3/18 MB | 0.9/2.3 MB
Progress (2): 2.3/18 MB | 0.9/2.3 MB
Progress (2): 2.3/18 MB | 0.9/2.3 MB
Progress (2): 2.3/18 MB | 0.9/2.3 MB
Progress (2): 2.3/18 MB | 0.9/2.3 MB
Progress (2): 2.3/18 MB | 0.9/2.3 MB
Progress (2): 2.3/18 MB | 1.0/2.3 MB
Progress (2): 2.3/18 MB | 1.0/2.3 MB
Progress (2): 2.3/18 MB | 1.0/2.3 MB
Progress (2): 2.3/18 MB | 1.0/2.3 MB
Progress (2): 2.4/18 MB | 1.0/2.3 MB
Progress (2): 2.4/18 MB | 1.0/2.3 MB
Progress (2): 2.4/18 MB | 1.0/2.3 MB
Progress (2): 2.4/18 MB | 1.0/2.3 MB
Progress (2): 2.4/18 MB | 1.0/2.3 MB
Progress (2): 2.4/18 MB | 1.0/2.3 MB
Progress (2): 2.4/18 MB | 1.0/2.3 MB
Progress (2): 2.4/18 MB | 1.1/2.3 MB
Progress (2): 2.4/18 MB | 1.1/2.3 MB
Progress (2): 2.4/18 MB | 1.1/2.3 MB
Progress (2): 2.4/18 MB | 1.1/2.3 MB
Progress (2): 2.4/18 MB | 1.1/2.3 MB
Progress (2): 2.4/18 MB | 1.1/2.3 MB
Progress (2): 2.4/18 MB | 1.1/2.3 MB
Progress (2): 2.4/18 MB | 1.1/2.3 MB
Progress (2): 2.4/18 MB | 1.2/2.3 MB
Progress (2): 2.4/18 MB | 1.2/2.3 MB
Progress (2): 2.4/18 MB | 1.2/2.3 MB
Progress (2): 2.5/18 MB | 1.2/2.3 MB
Progress (2): 2.5/18 MB | 1.2/2.3 MB
Progress (3): 2.5/18 MB | 1.2/2.3 MB | 7.7/9.8 kB
Progress (3): 2.5/18 MB | 1.2/2.3 MB | 9.8 kB    
Progress (3): 2.5/18 MB | 1.2/2.3 MB | 9.8 kB
                                             
Downloaded from central: https://repo.maven.apache.org/maven2/org/testcontainers/postgresql/1.19.8/postgresql-1.19.8.jar (9.8 kB at 1.9 kB/s)
Downloading from central: https://repo.maven.apache.org/maven2/org/testcontainers/database-commons/1.19.8/database-commons-1.19.8.jar
Progress (2): 2.5/18 MB | 1.2/2.3 MB
Progress (2): 2.5/18 MB | 1.2/2.3 MB
Progress (2): 2.5/18 MB | 1.2/2.3 MB
Progress (2): 2.5/18 MB | 1.2/2.3 MB
Progress (2): 2.5/18 MB | 1.2/2.3 MB
Progress (2): 2.5/18 MB | 1.2/2.3 MB
Progress (2): 2.5/18 MB | 1.3/2.3 MB
Progress (2): 2.5/18 MB | 1.3/2.3 MB
Progress (2): 2.5/18 MB | 1.3/2.3 MB
Progress (2): 2.6/18 MB | 1.3/2.3 MB
Progress (2): 2.6/18 MB | 1.3/2.3 MB
Progress (2): 2.6/18 MB | 1.3/2.3 MB
Progress (2): 2.6/18 MB | 1.3/2.3 MB
Progress (2): 2.6/18 MB | 1.3/2.3 MB
Progress (2): 2.6/18 MB | 1.3/2.3 MB
Progress (2): 2.6/18 MB | 1.3/2.3 MB
Progress (2): 2.6/18 MB | 1.4/2.3 MB
Progress (2): 2.6/18 MB | 1.4/2.3 MB
Progress (2): 2.6/18 MB | 1.4/2.3 MB
Progress (2): 2.6/18 MB | 1.4/2.3 MB
Progress (2): 2.6/18 MB | 1.4/2.3 MB
Progress (2): 2.6/18 MB | 1.4/2.3 MB
Progress (2): 2.6/18 MB | 1.4/2.3 MB
Progress (2): 2.6/18 MB | 1.4/2.3 MB
Progress (3): 2.6/18 MB | 1.4/2.3 MB | 0/1.9 MB
Progress (3): 2.7/18 MB | 1.4/2.3 MB | 0/1.9 MB
Progress (3): 2.7/18 MB | 1.4/2.3 MB | 0/1.9 MB
Progress (3): 2.7/18 MB | 1.4/2.3 MB | 0/1.9 MB
Progress (3): 2.7/18 MB | 1.4/2.3 MB | 0/1.9 MB
Progress (3): 2.7/18 MB | 1.4/2.3 MB | 0/1.9 MB
Progress (4): 2.7/18 MB | 1.4/2.3 MB | 0/1.9 MB | 7.7/29 kB
Progress (4): 2.7/18 MB | 1.4/2.3 MB | 0/1.9 MB | 8.2/29 kB
Progress (4): 2.7/18 MB | 1.4/2.3 MB | 0/1.9 MB | 8.2/29 kB
Progress (4): 2.7/18 MB | 1.4/2.3 MB | 0/1.9 MB | 8.2/29 kB
Progress (4): 2.7/18 MB | 1.4/2.3 MB | 0/1.9 MB | 25/29 kB 
Progress (4): 2.7/18 MB | 1.4/2.3 MB | 0/1.9 MB | 25/29 kB
Progress (4): 2.7/18 MB | 1.4/2.3 MB | 0/1.9 MB | 29 kB   
Progress (4): 2.7/18 MB | 1.5/2.3 MB | 0/1.9 MB | 29 kB
Progress (4): 2.7/18 MB | 1.5/2.3 MB | 0/1.9 MB | 29 kB
Progress (4): 2.7/18 MB | 1.5/2.3 MB | 0/1.9 MB | 29 kB
Progress (4): 2.7/18 MB | 1.5/2.3 MB | 0/1.9 MB | 29 kB
                                                       
Downloaded from central: https://repo.maven.apache.org/maven2/org/testcontainers/jdbc/1.19.8/jdbc-1.19.8.jar (29 kB at 5.5 kB/s)
Progress (3): 2.8/18 MB | 1.5/2.3 MB | 0/1.9 MB
Progress (3): 2.8/18 MB | 1.5/2.3 MB | 0.1/1.9 MB
Progress (3): 2.8/18 MB | 1.5/2.3 MB | 0.1/1.9 MB
Progress (3): 2.8/18 MB | 1.5/2.3 MB | 0.1/1.9 MB
Progress (3): 2.8/18 MB | 1.5/2.3 MB | 0.1/1.9 MB
Progress (3): 2.8/18 MB | 1.5/2.3 MB | 0.1/1.9 MB
Progress (3): 2.8/18 MB | 1.5/2.3 MB | 0.1/1.9 MB
Progress (3): 2.8/18 MB | 1.5/2.3 MB | 0.1/1.9 MB
Progress (3): 2.8/18 MB | 1.5/2.3 MB | 0.1/1.9 MB
Progress (3): 2.8/18 MB | 1.5/2.3 MB | 0.1/1.9 MB
Progress (3): 2.8/18 MB | 1.5/2.3 MB | 0.1/1.9 MB
Progress (3): 2.8/18 MB | 1.5/2.3 MB | 0.1/1.9 MB
Progress (3): 2.8/18 MB | 1.5/2.3 MB | 0.1/1.9 MB
Progress (3): 2.8/18 MB | 1.5/2.3 MB | 0.1/1.9 MB
Progress (3): 2.8/18 MB | 1.5/2.3 MB | 0.1/1.9 MB
Progress (3): 2.8/18 MB | 1.5/2.3 MB | 0.1/1.9 MB
Progress (3): 2.8/18 MB | 1.6/2.3 MB | 0.1/1.9 MB
Progress (3): 2.8/18 MB | 1.6/2.3 MB | 0.1/1.9 MB
Progress (3): 2.8/18 MB | 1.6/2.3 MB | 0.1/1.9 MB
Progress (3): 2.8/18 MB | 1.6/2.3 MB | 0.1/1.9 MB
Progress (3): 2.8/18 MB | 1.6/2.3 MB | 0.2/1.9 MB
Progress (3): 2.9/18 MB | 1.6/2.3 MB | 0.2/1.9 MB
Progress (3): 2.9/18 MB | 1.6/2.3 MB | 0.2/1.9 MB
Progress (3): 2.9/18 MB | 1.6/2.3 MB | 0.2/1.9 MB
Progress (3): 2.9/18 MB | 1.6/2.3 MB | 0.2/1.9 MB
Progress (3): 2.9/18 MB | 1.6/2.3 MB | 0.2/1.9 MB
Progress (3): 2.9/18 MB | 1.6/2.3 MB | 0.2/1.9 MB
Progress (3): 2.9/18 MB | 1.6/2.3 MB | 0.2/1.9 MB
Progress (3): 2.9/18 MB | 1.6/2.3 MB | 0.2/1.9 MB
Progress (3): 2.9/18 MB | 1.6/2.3 MB | 0.2/1.9 MB
Progress (3): 2.9/18 MB | 1.6/2.3 MB | 0.2/1.9 MB
Progress (3): 2.9/18 MB | 1.6/2.3 MB | 0.2/1.9 MB
Progress (3): 2.9/18 MB | 1.6/2.3 MB | 0.2/1.9 MB
Progress (3): 2.9/18 MB | 1.6/2.3 MB | 0.2/1.9 MB
Progress (3): 2.9/18 MB | 1.6/2.3 MB | 0.2/1.9 MB
Progress (3): 2.9/18 MB | 1.6/2.3 MB | 0.2/1.9 MB
Progress (3): 2.9/18 MB | 1.6/2.3 MB | 0.3/1.9 MB
Progress (3): 2.9/18 MB | 1.7/2.3 MB | 0.3/1.9 MB
Progress (3): 2.9/18 MB | 1.7/2.3 MB | 0.3/1.9 MB
Progress (3): 2.9/18 MB | 1.7/2.3 MB | 0.3/1.9 MB
Progress (3): 2.9/18 MB | 1.7/2.3 MB | 0.3/1.9 MB
Progress (3): 2.9/18 MB | 1.7/2.3 MB | 0.3/1.9 MB
Progress (3): 2.9/18 MB | 1.7/2.3 MB | 0.3/1.9 MB
Progress (3): 3.0/18 MB | 1.7/2.3 MB | 0.3/1.9 MB
Progress (3): 3.0/18 MB | 1.7/2.3 MB | 0.3/1.9 MB
Progress (3): 3.0/18 MB | 1.7/2.3 MB | 0.3/1.9 MB
Progress (3): 3.0/18 MB | 1.7/2.3 MB | 0.3/1.9 MB
Progress (3): 3.0/18 MB | 1.7/2.3 MB | 0.3/1.9 MB
Progress (3): 3.0/18 MB | 1.7/2.3 MB | 0.3/1.9 MB
Progress (3): 3.0/18 MB | 1.7/2.3 MB | 0.3/1.9 MB
Progress (3): 3.0/18 MB | 1.7/2.3 MB | 0.3/1.9 MB
Progress (3): 3.0/18 MB | 1.7/2.3 MB | 0.3/1.9 MB
Progress (3): 3.0/18 MB | 1.7/2.3 MB | 0.3/1.9 MB
Progress (3): 3.0/18 MB | 1.7/2.3 MB | 0.3/1.9 MB
Progress (3): 3.0/18 MB | 1.7/2.3 MB | 0.3/1.9 MB
Progress (3): 3.1/18 MB | 1.7/2.3 MB | 0.3/1.9 MB
Progress (3): 3.1/18 MB | 1.7/2.3 MB | 0.3/1.9 MB
Progress (3): 3.1/18 MB | 1.7/2.3 MB | 0.3/1.9 MB
Progress (3): 3.1/18 MB | 1.7/2.3 MB | 0.4/1.9 MB
Progress (3): 3.1/18 MB | 1.7/2.3 MB | 0.4/1.9 MB
Progress (3): 3.1/18 MB | 1.7/2.3 MB | 0.4/1.9 MB
Progress (3): 3.1/18 MB | 1.8/2.3 MB | 0.4/1.9 MB
Progress (3): 3.1/18 MB | 1.8/2.3 MB | 0.4/1.9 MB
Progress (3): 3.1/18 MB | 1.8/2.3 MB | 0.4/1.9 MB
Progress (3): 3.1/18 MB | 1.8/2.3 MB | 0.4/1.9 MB
Progress (3): 3.1/18 MB | 1.8/2.3 MB | 0.4/1.9 MB
Progress (3): 3.1/18 MB | 1.8/2.3 MB | 0.4/1.9 MB
Progress (3): 3.1/18 MB | 1.8/2.3 MB | 0.4/1.9 MB
Progress (3): 3.1/18 MB | 1.8/2.3 MB | 0.4/1.9 MB
Progress (3): 3.1/18 MB | 1.8/2.3 MB | 0.4/1.9 MB
Progress (3): 3.1/18 MB | 1.8/2.3 MB | 0.4/1.9 MB
Progress (3): 3.1/18 MB | 1.8/2.3 MB | 0.4/1.9 MB
Progress (3): 3.2/18 MB | 1.8/2.3 MB | 0.4/1.9 MB
Progress (3): 3.2/18 MB | 1.8/2.3 MB | 0.4/1.9 MB
Progress (3): 3.2/18 MB | 1.8/2.3 MB | 0.4/1.9 MB
Progress (3): 3.2/18 MB | 1.8/2.3 MB | 0.5/1.9 MB
Progress (3): 3.2/18 MB | 1.8/2.3 MB | 0.5/1.9 MB
Progress (3): 3.2/18 MB | 1.8/2.3 MB | 0.5/1.9 MB
Progress (3): 3.2/18 MB | 1.8/2.3 MB | 0.5/1.9 MB
Progress (3): 3.2/18 MB | 1.8/2.3 MB | 0.5/1.9 MB
Progress (3): 3.2/18 MB | 1.9/2.3 MB | 0.5/1.9 MB
Progress (3): 3.2/18 MB | 1.9/2.3 MB | 0.5/1.9 MB
Progress (3): 3.2/18 MB | 1.9/2.3 MB | 0.5/1.9 MB
Progress (3): 3.2/18 MB | 1.9/2.3 MB | 0.5/1.9 MB
Progress (3): 3.2/18 MB | 1.9/2.3 MB | 0.5/1.9 MB
Progress (3): 3.2/18 MB | 1.9/2.3 MB | 0.5/1.9 MB
Progress (3): 3.2/18 MB | 1.9/2.3 MB | 0.5/1.9 MB
Progress (3): 3.2/18 MB | 1.9/2.3 MB | 0.5/1.9 MB
Progress (3): 3.3/18 MB | 1.9/2.3 MB | 0.5/1.9 MB
Progress (4): 3.3/18 MB | 1.9/2.3 MB | 0.5/1.9 MB | 7.7/15 kB
Progress (4): 3.3/18 MB | 1.9/2.3 MB | 0.5/1.9 MB | 15 kB    
Progress (4): 3.3/18 MB | 1.9/2.3 MB | 0.5/1.9 MB | 15 kB
Progress (4): 3.3/18 MB | 1.9/2.3 MB | 0.5/1.9 MB | 15 kB
Progress (4): 3.3/18 MB | 1.9/2.3 MB | 0.5/1.9 MB | 15 kB
                                                         
Downloaded from central: https://repo.maven.apache.org/maven2/org/testcontainers/database-commons/1.19.8/database-commons-1.19.8.jar (15 kB at 2.8 kB/s)
Progress (3): 3.3/18 MB | 1.9/2.3 MB | 0.5/1.9 MB
Progress (3): 3.3/18 MB | 1.9/2.3 MB | 0.5/1.9 MB
Progress (3): 3.3/18 MB | 1.9/2.3 MB | 0.5/1.9 MB
Progress (3): 3.3/18 MB | 1.9/2.3 MB | 0.6/1.9 MB
Progress (3): 3.3/18 MB | 1.9/2.3 MB | 0.6/1.9 MB
Progress (3): 3.3/18 MB | 1.9/2.3 MB | 0.6/1.9 MB
Progress (3): 3.3/18 MB | 1.9/2.3 MB | 0.6/1.9 MB
Progress (3): 3.3/18 MB | 2.0/2.3 MB | 0.6/1.9 MB
Progress (3): 3.3/18 MB | 2.0/2.3 MB | 0.6/1.9 MB
Progress (3): 3.3/18 MB | 2.0/2.3 MB | 0.6/1.9 MB
Progress (3): 3.3/18 MB | 2.0/2.3 MB | 0.6/1.9 MB
Progress (3): 3.3/18 MB | 2.0/2.3 MB | 0.6/1.9 MB
Progress (3): 3.3/18 MB | 2.0/2.3 MB | 0.6/1.9 MB
Progress (3): 3.3/18 MB | 2.0/2.3 MB | 0.6/1.9 MB
Progress (3): 3.3/18 MB | 2.0/2.3 MB | 0.6/1.9 MB
Progress (3): 3.4/18 MB | 2.0/2.3 MB | 0.6/1.9 MB
Progress (3): 3.4/18 MB | 2.0/2.3 MB | 0.6/1.9 MB
Progress (3): 3.4/18 MB | 2.0/2.3 MB | 0.6/1.9 MB
Progress (3): 3.4/18 MB | 2.0/2.3 MB | 0.6/1.9 MB
Progress (3): 3.4/18 MB | 2.0/2.3 MB | 0.6/1.9 MB
Progress (3): 3.4/18 MB | 2.0/2.3 MB | 0.6/1.9 MB
Progress (3): 3.4/18 MB | 2.0/2.3 MB | 0.6/1.9 MB
Progress (3): 3.4/18 MB | 2.1/2.3 MB | 0.6/1.9 MB
Progress (3): 3.4/18 MB | 2.1/2.3 MB | 0.6/1.9 MB
Progress (3): 3.4/18 MB | 2.1/2.3 MB | 0.6/1.9 MB
Progress (3): 3.4/18 MB | 2.1/2.3 MB | 0.7/1.9 MB
Progress (3): 3.4/18 MB | 2.1/2.3 MB | 0.7/1.9 MB
Progress (3): 3.4/18 MB | 2.1/2.3 MB | 0.7/1.9 MB
Progress (3): 3.4/18 MB | 2.1/2.3 MB | 0.7/1.9 MB
Progress (3): 3.4/18 MB | 2.1/2.3 MB | 0.7/1.9 MB
Progress (3): 3.4/18 MB | 2.1/2.3 MB | 0.7/1.9 MB
Progress (3): 3.4/18 MB | 2.1/2.3 MB | 0.7/1.9 MB
Progress (3): 3.4/18 MB | 2.1/2.3 MB | 0.7/1.9 MB
Progress (3): 3.4/18 MB | 2.1/2.3 MB | 0.7/1.9 MB
Progress (3): 3.4/18 MB | 2.1/2.3 MB | 0.7/1.9 MB
Progress (3): 3.5/18 MB | 2.1/2.3 MB | 0.7/1.9 MB
Progress (3): 3.5/18 MB | 2.1/2.3 MB | 0.7/1.9 MB
Progress (3): 3.5/18 MB | 2.1/2.3 MB | 0.7/1.9 MB
Progress (3): 3.5/18 MB | 2.2/2.3 MB | 0.7/1.9 MB
Progress (3): 3.5/18 MB | 2.2/2.3 MB | 0.7/1.9 MB
Progress (3): 3.5/18 MB | 2.2/2.3 MB | 0.7/1.9 MB
Progress (3): 3.5/18 MB | 2.2/2.3 MB | 0.7/1.9 MB
Progress (3): 3.5/18 MB | 2.2/2.3 MB | 0.8/1.9 MB
Progress (3): 3.5/18 MB | 2.2/2.3 MB | 0.8/1.9 MB
Progress (3): 3.5/18 MB | 2.2/2.3 MB | 0.8/1.9 MB
Progress (3): 3.5/18 MB | 2.2/2.3 MB | 0.8/1.9 MB
Progress (3): 3.5/18 MB | 2.2/2.3 MB | 0.8/1.9 MB
Progress (3): 3.5/18 MB | 2.2/2.3 MB | 0.8/1.9 MB
Progress (3): 3.5/18 MB | 2.2/2.3 MB | 0.8/1.9 MB
Progress (3): 3.5/18 MB | 2.2/2.3 MB | 0.8/1.9 MB
Progress (3): 3.5/18 MB | 2.2/2.3 MB | 0.8/1.9 MB
Progress (3): 3.5/18 MB | 2.2/2.3 MB | 0.8/1.9 MB
Progress (3): 3.5/18 MB | 2.2/2.3 MB | 0.8/1.9 MB
Progress (3): 3.5/18 MB | 2.2/2.3 MB | 0.8/1.9 MB
Progress (3): 3.6/18 MB | 2.2/2.3 MB | 0.8/1.9 MB
Progress (3): 3.6/18 MB | 2.2/2.3 MB | 0.8/1.9 MB
Progress (3): 3.6/18 MB | 2.3/2.3 MB | 0.8/1.9 MB
Progress (3): 3.6/18 MB | 2.3/2.3 MB | 0.8/1.9 MB
Progress (3): 3.6/18 MB | 2.3/2.3 MB | 0.8/1.9 MB
Progress (3): 3.6/18 MB | 2.3/2.3 MB | 0.8/1.9 MB
Progress (3): 3.6/18 MB | 2.3 MB | 0.8/1.9 MB    
Progress (3): 3.6/18 MB | 2.3 MB | 0.8/1.9 MB
Progress (3): 3.6/18 MB | 2.3 MB | 0.9/1.9 MB
                                             
Downloaded from central: https://repo.maven.apache.org/maven2/com/github/docker-java/docker-java-transport-zerodep/3.3.6/docker-java-transport-zerodep-3.3.6.jar (2.3 MB at 423 kB/s)
Progress (2): 3.6/18 MB | 0.9/1.9 MB
Progress (2): 3.6/18 MB | 0.9/1.9 MB
Progress (2): 3.6/18 MB | 0.9/1.9 MB
Progress (2): 3.6/18 MB | 0.9/1.9 MB
Progress (2): 3.6/18 MB | 0.9/1.9 MB
Progress (2): 3.6/18 MB | 0.9/1.9 MB
Progress (2): 3.6/18 MB | 0.9/1.9 MB
Progress (2): 3.6/18 MB | 0.9/1.9 MB
Progress (2): 3.7/18 MB | 0.9/1.9 MB
Progress (2): 3.7/18 MB | 1.0/1.9 MB
Progress (2): 3.7/18 MB | 1.0/1.9 MB
Progress (2): 3.7/18 MB | 1.0/1.9 MB
Progress (2): 3.7/18 MB | 1.0/1.9 MB
Progress (2): 3.7/18 MB | 1.0/1.9 MB
Progress (2): 3.7/18 MB | 1.0/1.9 MB
Progress (2): 3.7/18 MB | 1.0/1.9 MB
Progress (2): 3.7/18 MB | 1.0/1.9 MB
Progress (2): 3.7/18 MB | 1.0/1.9 MB
Progress (2): 3.8/18 MB | 1.0/1.9 MB
Progress (2): 3.8/18 MB | 1.0/1.9 MB
Progress (2): 3.8/18 MB | 1.0/1.9 MB
Progress (2): 3.8/18 MB | 1.0/1.9 MB
Progress (2): 3.8/18 MB | 1.0/1.9 MB
Progress (2): 3.8/18 MB | 1.0/1.9 MB
Progress (2): 3.8/18 MB | 1.0/1.9 MB
Progress (2): 3.8/18 MB | 1.1/1.9 MB
Progress (2): 3.8/18 MB | 1.1/1.9 MB
Progress (2): 3.8/18 MB | 1.1/1.9 MB
Progress (2): 3.8/18 MB | 1.1/1.9 MB
Progress (2): 3.8/18 MB | 1.1/1.9 MB
Progress (2): 3.8/18 MB | 1.1/1.9 MB
Progress (2): 3.8/18 MB | 1.1/1.9 MB
Progress (2): 3.9/18 MB | 1.1/1.9 MB
Progress (2): 3.9/18 MB | 1.1/1.9 MB
Progress (2): 3.9/18 MB | 1.2/1.9 MB
Progress (2): 3.9/18 MB | 1.2/1.9 MB
Progress (2): 3.9/18 MB | 1.2/1.9 MB
Progress (2): 3.9/18 MB | 1.2/1.9 MB
Progress (2): 3.9/18 MB | 1.2/1.9 MB
Progress (2): 3.9/18 MB | 1.2/1.9 MB
Progress (2): 3.9/18 MB | 1.2/1.9 MB
Progress (2): 3.9/18 MB | 1.2/1.9 MB
Progress (2): 3.9/18 MB | 1.2/1.9 MB
Progress (2): 3.9/18 MB | 1.2/1.9 MB
Progress (2): 3.9/18 MB | 1.2/1.9 MB
Progress (2): 3.9/18 MB | 1.2/1.9 MB
Progress (2): 3.9/18 MB | 1.3/1.9 MB
Progress (2): 4.0/18 MB | 1.3/1.9 MB
Progress (2): 4.0/18 MB | 1.3/1.9 MB
Progress (2): 4.0/18 MB | 1.3/1.9 MB
Progress (2): 4.0/18 MB | 1.3/1.9 MB
Progress (2): 4.0/18 MB | 1.3/1.9 MB
Progress (2): 4.0/18 MB | 1.3/1.9 MB
Progress (2): 4.0/18 MB | 1.3/1.9 MB
Progress (2): 4.0/18 MB | 1.3/1.9 MB
Progress (2): 4.0/18 MB | 1.3/1.9 MB
Progress (2): 4.0/18 MB | 1.3/1.9 MB
Progress (2): 4.0/18 MB | 1.4/1.9 MB
Progress (2): 4.0/18 MB | 1.4/1.9 MB
Progress (2): 4.0/18 MB | 1.4/1.9 MB
Progress (2): 4.0/18 MB | 1.4/1.9 MB
Progress (2): 4.0/18 MB | 1.4/1.9 MB
Progress (2): 4.1/18 MB | 1.4/1.9 MB
Progress (2): 4.1/18 MB | 1.4/1.9 MB
Progress (2): 4.1/18 MB | 1.4/1.9 MB
Progress (2): 4.1/18 MB | 1.4/1.9 MB
Progress (2): 4.1/18 MB | 1.4/1.9 MB
Progress (2): 4.1/18 MB | 1.4/1.9 MB
Progress (2): 4.1/18 MB | 1.4/1.9 MB
Progress (2): 4.1/18 MB | 1.5/1.9 MB
Progress (2): 4.1/18 MB | 1.5/1.9 MB
Progress (2): 4.1/18 MB | 1.5/1.9 MB
Progress (2): 4.1/18 MB | 1.5/1.9 MB
Progress (2): 4.1/18 MB | 1.5/1.9 MB
Progress (2): 4.2/18 MB | 1.5/1.9 MB
Progress (2): 4.2/18 MB | 1.5/1.9 MB
Progress (2): 4.2/18 MB | 1.5/1.9 MB
Progress (2): 4.2/18 MB | 1.5/1.9 MB
Progress (2): 4.2/18 MB | 1.5/1.9 MB
Progress (2): 4.2/18 MB | 1.5/1.9 MB
Progress (2): 4.2/18 MB | 1.5/1.9 MB
Progress (2): 4.2/18 MB | 1.5/1.9 MB
Progress (2): 4.2/18 MB | 1.5/1.9 MB
Progress (2): 4.3/18 MB | 1.5/1.9 MB
Progress (2): 4.3/18 MB | 1.6/1.9 MB
Progress (2): 4.3/18 MB | 1.6/1.9 MB
Progress (2): 4.3/18 MB | 1.6/1.9 MB
Progress (2): 4.3/18 MB | 1.6/1.9 MB
Progress (2): 4.3/18 MB | 1.6/1.9 MB
Progress (2): 4.3/18 MB | 1.6/1.9 MB
Progress (2): 4.3/18 MB | 1.6/1.9 MB
Progress (2): 4.3/18 MB | 1.6/1.9 MB
Progress (2): 4.3/18 MB | 1.6/1.9 MB
Progress (2): 4.3/18 MB | 1.6/1.9 MB
Progress (2): 4.3/18 MB | 1.7/1.9 MB
Progress (2): 4.3/18 MB | 1.7/1.9 MB
Progress (2): 4.3/18 MB | 1.7/1.9 MB
Progress (2): 4.4/18 MB | 1.7/1.9 MB
Progress (2): 4.4/18 MB | 1.7/1.9 MB
Progress (2): 4.4/18 MB | 1.7/1.9 MB
Progress (2): 4.4/18 MB | 1.7/1.9 MB
Progress (2): 4.4/18 MB | 1.7/1.9 MB
Progress (2): 4.4/18 MB | 1.7/1.9 MB
Progress (2): 4.4/18 MB | 1.7/1.9 MB
Progress (2): 4.4/18 MB | 1.7/1.9 MB
Progress (2): 4.4/18 MB | 1.7/1.9 MB
Progress (2): 4.4/18 MB | 1.7/1.9 MB
Progress (2): 4.4/18 MB | 1.8/1.9 MB
Progress (2): 4.4/18 MB | 1.8/1.9 MB
Progress (2): 4.5/18 MB | 1.8/1.9 MB
Progress (2): 4.5/18 MB | 1.8/1.9 MB
Progress (2): 4.5/18 MB | 1.8/1.9 MB
Progress (2): 4.5/18 MB | 1.8/1.9 MB
Progress (2): 4.5/18 MB | 1.8/1.9 MB
Progress (2): 4.5/18 MB | 1.8/1.9 MB
Progress (2): 4.5/18 MB | 1.8/1.9 MB
Progress (2): 4.5/18 MB | 1.8/1.9 MB
Progress (2): 4.5/18 MB | 1.9/1.9 MB
Progress (2): 4.5/18 MB | 1.9/1.9 MB
Progress (2): 4.5/18 MB | 1.9/1.9 MB
Progress (2): 4.5/18 MB | 1.9 MB    
Progress (2): 4.5/18 MB | 1.9 MB
                                
Downloaded from central: https://repo.maven.apache.org/maven2/net/java/dev/jna/jna/5.13.0/jna-5.13.0.jar (1.9 MB at 343 kB/s)
Progress (1): 4.6/18 MB
Progress (1): 4.6/18 MB
Progress (1): 4.6/18 MB
Progress (1): 4.6/18 MB
Progress (1): 4.6/18 MB
Progress (1): 4.6/18 MB
Progress (1): 4.7/18 MB
Progress (1): 4.7/18 MB
Progress (1): 4.7/18 MB
Progress (1): 4.7/18 MB
Progress (1): 4.7/18 MB
Progress (1): 4.7/18 MB
Progress (1): 4.8/18 MB
Progress (1): 4.8/18 MB
Progress (1): 4.8/18 MB
Progress (1): 4.8/18 MB
Progress (1): 4.8/18 MB
Progress (1): 4.8/18 MB
Progress (1): 4.8/18 MB
Progress (1): 4.9/18 MB
Progress (1): 4.9/18 MB
Progress (1): 4.9/18 MB
Progress (1): 4.9/18 MB
Progress (1): 4.9/18 MB
Progress (1): 4.9/18 MB
Progress (1): 5.0/18 MB
Progress (1): 5.0/18 MB
Progress (1): 5.0/18 MB
Progress (1): 5.0/18 MB
Progress (1): 5.0/18 MB
Progress (1): 5.0/18 MB
Progress (1): 5.1/18 MB
Progress (1): 5.1/18 MB
Progress (1): 5.1/18 MB
Progress (1): 5.1/18 MB
Progress (1): 5.1/18 MB
Progress (1): 5.1/18 MB
Progress (1): 5.2/18 MB
Progress (1): 5.2/18 MB
Progress (1): 5.2/18 MB
Progress (1): 5.2/18 MB
Progress (1): 5.2/18 MB
Progress (1): 5.2/18 MB
Progress (1): 5.2/18 MB
Progress (1): 5.3/18 MB
Progress (1): 5.3/18 MB
Progress (1): 5.3/18 MB
Progress (1): 5.3/18 MB
Progress (1): 5.3/18 MB
Progress (1): 5.3/18 MB
Progress (1): 5.4/18 MB
Progress (1): 5.4/18 MB
Progress (1): 5.4/18 MB
Progress (1): 5.4/18 MB
Progress (1): 5.4/18 MB
Progress (1): 5.4/18 MB
Progress (1): 5.5/18 MB
Progress (1): 5.5/18 MB
Progress (1): 5.5/18 MB
Progress (1): 5.5/18 MB
Progress (1): 5.5/18 MB
Progress (1): 5.5/18 MB
Progress (1): 5.6/18 MB
Progress (1): 5.6/18 MB
Progress (1): 5.6/18 MB
Progress (1): 5.6/18 MB
Progress (1): 5.6/18 MB
Progress (1): 5.6/18 MB
Progress (1): 5.7/18 MB
Progress (1): 5.7/18 MB
Progress (1): 5.7/18 MB
Progress (1): 5.7/18 MB
Progress (1): 5.7/18 MB
Progress (1): 5.7/18 MB
Progress (1): 5.8/18 MB
Progress (1): 5.8/18 MB
Progress (1): 5.8/18 MB
Progress (1): 5.8/18 MB
Progress (1): 5.8/18 MB
Progress (1): 5.8/18 MB
Progress (1): 5.9/18 MB
Progress (1): 5.9/18 MB
Progress (1): 5.9/18 MB
Progress (1): 5.9/18 MB
Progress (1): 5.9/18 MB
Progress (1): 5.9/18 MB
Progress (1): 6.0/18 MB
Progress (1): 6.0/18 MB
Progress (1): 6.0/18 MB
Progress (1): 6.0/18 MB
Progress (1): 6.0/18 MB
Progress (1): 6.0/18 MB
Progress (1): 6.1/18 MB
Progress (1): 6.1/18 MB
Progress (1): 6.1/18 MB
Progress (1): 6.1/18 MB
Progress (1): 6.1/18 MB
Progress (1): 6.1/18 MB
Progress (1): 6.2/18 MB
Progress (1): 6.2/18 MB
Progress (1): 6.2/18 MB
Progress (1): 6.2/18 MB
Progress (1): 6.2/18 MB
Progress (1): 6.2/18 MB
Progress (1): 6.2/18 MB
Progress (1): 6.3/18 MB
Progress (1): 6.3/18 MB
Progress (1): 6.3/18 MB
Progress (1): 6.3/18 MB
Progress (1): 6.3/18 MB
Progress (1): 6.3/18 MB
Progress (1): 6.4/18 MB
Progress (1): 6.4/18 MB
Progress (1): 6.4/18 MB
Progress (1): 6.4/18 MB
Progress (1): 6.4/18 MB
Progress (1): 6.4/18 MB
Progress (1): 6.5/18 MB
Progress (1): 6.5/18 MB
Progress (1): 6.5/18 MB
Progress (1): 6.5/18 MB
Progress (1): 6.5/18 MB
Progress (1): 6.5/18 MB
Progress (1): 6.6/18 MB
Progress (1): 6.6/18 MB
Progress (1): 6.6/18 MB
Progress (1): 6.6/18 MB
Progress (1): 6.6/18 MB
Progress (1): 6.6/18 MB
Progress (1): 6.7/18 MB
Progress (1): 6.7/18 MB
Progress (1): 6.7/18 MB
Progress (1): 6.7/18 MB
Progress (1): 6.7/18 MB
Progress (1): 6.7/18 MB
Progress (1): 6.8/18 MB
Progress (1): 6.8/18 MB
Progress (1): 6.8/18 MB
Progress (1): 6.8/18 MB
Progress (1): 6.8/18 MB
Progress (1): 6.8/18 MB
Progress (1): 6.9/18 MB
Progress (1): 6.9/18 MB
Progress (1): 6.9/18 MB
Progress (1): 6.9/18 MB
Progress (1): 6.9/18 MB
Progress (1): 6.9/18 MB
Progress (1): 7.0/18 MB
Progress (1): 7.0/18 MB
Progress (1): 7.0/18 MB
Progress (1): 7.0/18 MB
Progress (1): 7.0/18 MB
Progress (1): 7.0/18 MB
Progress (1): 7.1/18 MB
Progress (1): 7.1/18 MB
Progress (1): 7.1/18 MB
Progress (1): 7.1/18 MB
Progress (1): 7.1/18 MB
Progress (1): 7.1/18 MB
Progress (1): 7.2/18 MB
Progress (1): 7.2/18 MB
Progress (1): 7.2/18 MB
Progress (1): 7.2/18 MB
Progress (1): 7.2/18 MB
Progress (1): 7.2/18 MB
Progress (1): 7.2/18 MB
Progress (1): 7.3/18 MB
Progress (1): 7.3/18 MB
Progress (1): 7.3/18 MB
Progress (1): 7.3/18 MB
Progress (1): 7.3/18 MB
Progress (1): 7.3/18 MB
Progress (1): 7.4/18 MB
Progress (1): 7.4/18 MB
Progress (1): 7.4/18 MB
Progress (1): 7.4/18 MB
Progress (1): 7.4/18 MB
Progress (1): 7.4/18 MB
Progress (1): 7.5/18 MB
Progress (1): 7.5/18 MB
Progress (1): 7.5/18 MB
Progress (1): 7.5/18 MB
Progress (1): 7.5/18 MB
Progress (1): 7.5/18 MB
Progress (1): 7.6/18 MB
Progress (1): 7.6/18 MB
Progress (1): 7.6/18 MB
Progress (1): 7.6/18 MB
Progress (1): 7.6/18 MB
Progress (1): 7.6/18 MB
Progress (1): 7.7/18 MB
Progress (1): 7.7/18 MB
Progress (1): 7.7/18 MB
Progress (1): 7.7/18 MB
Progress (1): 7.7/18 MB
Progress (1): 7.7/18 MB
Progress (1): 7.8/18 MB
Progress (1): 7.8/18 MB
Progress (1): 7.8/18 MB
Progress (1): 7.8/18 MB
Progress (1): 7.8/18 MB
Progress (1): 7.8/18 MB
Progress (1): 7.9/18 MB
Progress (1): 7.9/18 MB
Progress (1): 7.9/18 MB
Progress (1): 7.9/18 MB
Progress (1): 7.9/18 MB
Progress (1): 7.9/18 MB
Progress (1): 7.9/18 MB
Progress (1): 8.0/18 MB
Progress (1): 8.0/18 MB
Progress (1): 8.0/18 MB
Progress (1): 8.0/18 MB
Progress (1): 8.0/18 MB
Progress (1): 8.0/18 MB
Progress (1): 8.1/18 MB
Progress (1): 8.1/18 MB
Progress (1): 8.1/18 MB
Progress (1): 8.1/18 MB
Progress (1): 8.1/18 MB
Progress (1): 8.1/18 MB
Progress (1): 8.2/18 MB
Progress (1): 8.2/18 MB
Progress (1): 8.2/18 MB
Progress (1): 8.2/18 MB
Progress (1): 8.2/18 MB
Progress (1): 8.2/18 MB
Progress (1): 8.3/18 MB
Progress (1): 8.3/18 MB
Progress (1): 8.3/18 MB
Progress (1): 8.3/18 MB
Progress (1): 8.3/18 MB
Progress (1): 8.3/18 MB
Progress (1): 8.4/18 MB
Progress (1): 8.4/18 MB
Progress (1): 8.4/18 MB
Progress (1): 8.4/18 MB
Progress (1): 8.4/18 MB
Progress (1): 8.4/18 MB
Progress (1): 8.5/18 MB
Progress (1): 8.5/18 MB
Progress (1): 8.5/18 MB
Progress (1): 8.5/18 MB
Progress (1): 8.5/18 MB
Progress (1): 8.5/18 MB
Progress (1): 8.6/18 MB
Progress (1): 8.6/18 MB
Progress (1): 8.6/18 MB
Progress (1): 8.6/18 MB
Progress (1): 8.6/18 MB
Progress (1): 8.6/18 MB
Progress (1): 8.7/18 MB
Progress (1): 8.7/18 MB
Progress (1): 8.7/18 MB
Progress (1): 8.7/18 MB
Progress (1): 8.7/18 MB
Progress (1): 8.7/18 MB
Progress (1): 8.8/18 MB
Progress (1): 8.8/18 MB
Progress (1): 8.8/18 MB
Progress (1): 8.8/18 MB
Progress (1): 8.8/18 MB
Progress (1): 8.8/18 MB
Progress (1): 8.9/18 MB
Progress (1): 8.9/18 MB
Progress (1): 8.9/18 MB
Progress (1): 8.9/18 MB
Progress (1): 8.9/18 MB
Progress (1): 8.9/18 MB
Progress (1): 8.9/18 MB
Progress (1): 9.0/18 MB
Progress (1): 9.0/18 MB
Progress (1): 9.0/18 MB
Progress (1): 9.0/18 MB
Progress (1): 9.0/18 MB
Progress (1): 9.0/18 MB
Progress (1): 9.1/18 MB
Progress (1): 9.1/18 MB
Progress (1): 9.1/18 MB
Progress (1): 9.1/18 MB
Progress (1): 9.1/18 MB
Progress (1): 9.1/18 MB
Progress (1): 9.2/18 MB
Progress (1): 9.2/18 MB
Progress (1): 9.2/18 MB
Progress (1): 9.2/18 MB
Progress (1): 9.2/18 MB
Progress (1): 9.2/18 MB
Progress (1): 9.3/18 MB
Progress (1): 9.3/18 MB
Progress (1): 9.3/18 MB
Progress (1): 9.3/18 MB
Progress (1): 9.3/18 MB
Progress (1): 9.3/18 MB
Progress (1): 9.4/18 MB
Progress (1): 9.4/18 MB
Progress (1): 9.4/18 MB
Progress (1): 9.4/18 MB
Progress (1): 9.4/18 MB
Progress (1): 9.4/18 MB
Progress (1): 9.5/18 MB
Progress (1): 9.5/18 MB
Progress (1): 9.5/18 MB
Progress (1): 9.5/18 MB
Progress (1): 9.5/18 MB
Progress (1): 9.5/18 MB
Progress (1): 9.6/18 MB
Progress (1): 9.6/18 MB
Progress (1): 9.6/18 MB
Progress (1): 9.6/18 MB
Progress (1): 9.6/18 MB
Progress (1): 9.6/18 MB
Progress (1): 9.7/18 MB
Progress (1): 9.7/18 MB
Progress (1): 9.7/18 MB
Progress (1): 9.7/18 MB
Progress (1): 9.7/18 MB
Progress (1): 9.7/18 MB
Progress (1): 9.8/18 MB
Progress (1): 9.8/18 MB
Progress (1): 9.8/18 MB
Progress (1): 9.8/18 MB
Progress (1): 9.8/18 MB
Progress (1): 9.8/18 MB
Progress (1): 9.9/18 MB
Progress (1): 9.9/18 MB
Progress (1): 9.9/18 MB
Progress (1): 9.9/18 MB
Progress (1): 9.9/18 MB
Progress (1): 9.9/18 MB
Progress (1): 9.9/18 MB
Progress (1): 10.0/18 MB
Progress (1): 10.0/18 MB
Progress (1): 10.0/18 MB
Progress (1): 10/18 MB  
Progress (1): 10/18 MB
Progress (1): 10/18 MB
Progress (1): 10/18 MB
Progress (1): 10/18 MB
Progress (1): 10/18 MB
Progress (1): 10/18 MB
Progress (1): 10/18 MB
Progress (1): 10/18 MB
Progress (1): 10/18 MB
Progress (1): 10/18 MB
Progress (1): 10/18 MB
Progress (1): 10/18 MB
Progress (1): 10/18 MB
Progress (1): 10/18 MB
Progress (1): 10/18 MB
Progress (1): 10/18 MB
Progress (1): 10/18 MB
Progress (1): 10/18 MB
Progress (1): 10/18 MB
Progress (1): 10/18 MB
Progress (1): 10/18 MB
Progress (1): 10/18 MB
Progress (1): 10/18 MB
Progress (1): 10/18 MB
Progress (1): 10/18 MB
Progress (1): 10/18 MB
Progress (1): 10/18 MB
Progress (1): 10/18 MB
Progress (1): 10/18 MB
Progress (1): 11/18 MB
Progress (1): 11/18 MB
Progress (1): 11/18 MB
Progress (1): 11/18 MB
Progress (1): 11/18 MB
Progress (1): 11/18 MB
Progress (1): 11/18 MB
Progress (1): 11/18 MB
Progress (1): 11/18 MB
Progress (1): 11/18 MB
Progress (1): 11/18 MB
Progress (1): 11/18 MB
Progress (1): 11/18 MB
Progress (1): 11/18 MB
Progress (1): 11/18 MB
Progress (1): 11/18 MB
Progress (1): 11/18 MB
Progress (1): 11/18 MB
Progress (1): 11/18 MB
Progress (1): 11/18 MB
Progress (1): 11/18 MB
Progress (1): 11/18 MB
Progress (1): 11/18 MB
Progress (1): 11/18 MB
Progress (1): 11/18 MB
Progress (1): 11/18 MB
Progress (1): 11/18 MB
Progress (1): 11/18 MB
Progress (1): 11/18 MB
Progress (1): 11/18 MB
Progress (1): 11/18 MB
Progress (1): 11/18 MB
Progress (1): 11/18 MB
Progress (1): 11/18 MB
Progress (1): 11/18 MB
Progress (1): 11/18 MB
Progress (1): 11/18 MB
Progress (1): 11/18 MB
Progress (1): 11/18 MB
Progress (1): 11/18 MB
Progress (1): 11/18 MB
Progress (1): 11/18 MB
Progress (1): 11/18 MB
Progress (1): 11/18 MB
Progress (1): 11/18 MB
Progress (1): 11/18 MB
Progress (1): 11/18 MB
Progress (1): 11/18 MB
Progress (1): 11/18 MB
Progress (1): 11/18 MB
Progress (1): 11/18 MB
Progress (1): 11/18 MB
Progress (1): 11/18 MB
Progress (1): 11/18 MB
Progress (1): 11/18 MB
Progress (1): 11/18 MB
Progress (1): 11/18 MB
Progress (1): 11/18 MB
Progress (1): 11/18 MB
Progress (1): 11/18 MB
Progress (1): 11/18 MB
Progress (1): 12/18 MB
Progress (1): 12/18 MB
Progress (1): 12/18 MB
Progress (1): 12/18 MB
Progress (1): 12/18 MB
Progress (1): 12/18 MB
Progress (1): 12/18 MB
Progress (1): 12/18 MB
Progress (1): 12/18 MB
Progress (1): 12/18 MB
Progress (1): 12/18 MB
Progress (1): 12/18 MB
Progress (1): 12/18 MB
Progress (1): 12/18 MB
Progress (1): 12/18 MB
Progress (1): 12/18 MB
Progress (1): 12/18 MB
Progress (1): 12/18 MB
Progress (1): 12/18 MB
Progress (1): 12/18 MB
Progress (1): 12/18 MB
Progress (1): 12/18 MB
Progress (1): 12/18 MB
Progress (1): 12/18 MB
Progress (1): 12/18 MB
Progress (1): 12/18 MB
Progress (1): 12/18 MB
Progress (1): 12/18 MB
Progress (1): 12/18 MB
Progress (1): 12/18 MB
Progress (1): 12/18 MB
Progress (1): 12/18 MB
Progress (1): 12/18 MB
Progress (1): 12/18 MB
Progress (1): 12/18 MB
Progress (1): 12/18 MB
Progress (1): 12/18 MB
Progress (1): 12/18 MB
Progress (1): 12/18 MB
Progress (1): 12/18 MB
Progress (1): 12/18 MB
Progress (1): 12/18 MB
Progress (1): 12/18 MB
Progress (1): 12/18 MB
Progress (1): 12/18 MB
Progress (1): 12/18 MB
Progress (1): 12/18 MB
Progress (1): 12/18 MB
Progress (1): 12/18 MB
Progress (1): 12/18 MB
Progress (1): 12/18 MB
Progress (1): 12/18 MB
Progress (1): 12/18 MB
Progress (1): 12/18 MB
Progress (1): 12/18 MB
Progress (1): 12/18 MB
Progress (1): 12/18 MB
Progress (1): 12/18 MB
Progress (1): 12/18 MB
Progress (1): 12/18 MB
Progress (1): 12/18 MB
Progress (1): 13/18 MB
Progress (1): 13/18 MB
Progress (1): 13/18 MB
Progress (1): 13/18 MB
Progress (1): 13/18 MB
Progress (1): 13/18 MB
Progress (1): 13/18 MB
Progress (1): 13/18 MB
Progress (1): 13/18 MB
Progress (1): 13/18 MB
Progress (1): 13/18 MB
Progress (1): 13/18 MB
Progress (1): 13/18 MB
Progress (1): 13/18 MB
Progress (1): 13/18 MB
Progress (1): 13/18 MB
Progress (1): 13/18 MB
Progress (1): 13/18 MB
Progress (1): 13/18 MB
Progress (1): 13/18 MB
Progress (1): 13/18 MB
Progress (1): 13/18 MB
Progress (1): 13/18 MB
Progress (1): 13/18 MB
Progress (1): 13/18 MB
Progress (1): 13/18 MB
Progress (1): 13/18 MB
Progress (1): 13/18 MB
Progress (1): 13/18 MB
Progress (1): 13/18 MB
Progress (1): 13/18 MB
Progress (1): 13/18 MB
Progress (1): 13/18 MB
Progress (1): 13/18 MB
Progress (1): 13/18 MB
Progress (1): 13/18 MB
Progress (1): 13/18 MB
Progress (1): 13/18 MB
Progress (1): 13/18 MB
Progress (1): 13/18 MB
Progress (1): 13/18 MB
Progress (1): 13/18 MB
Progress (1): 13/18 MB
Progress (1): 13/18 MB
Progress (1): 13/18 MB
Progress (1): 13/18 MB
Progress (1): 13/18 MB
Progress (1): 13/18 MB
Progress (1): 13/18 MB
Progress (1): 13/18 MB
Progress (1): 13/18 MB
Progress (1): 13/18 MB
Progress (1): 13/18 MB
Progress (1): 13/18 MB
Progress (1): 13/18 MB
Progress (1): 13/18 MB
Progress (1): 13/18 MB
Progress (1): 13/18 MB
Progress (1): 13/18 MB
Progress (1): 13/18 MB
Progress (1): 13/18 MB
Progress (1): 13/18 MB
Progress (1): 14/18 MB
Progress (1): 14/18 MB
Progress (1): 14/18 MB
Progress (1): 14/18 MB
Progress (1): 14/18 MB
Progress (1): 14/18 MB
Progress (1): 14/18 MB
Progress (1): 14/18 MB
Progress (1): 14/18 MB
Progress (1): 14/18 MB
Progress (1): 14/18 MB
Progress (1): 14/18 MB
Progress (1): 14/18 MB
Progress (1): 14/18 MB
Progress (1): 14/18 MB
Progress (1): 14/18 MB
Progress (1): 14/18 MB
Progress (1): 14/18 MB
Progress (1): 14/18 MB
Progress (1): 14/18 MB
Progress (1): 14/18 MB
Progress (1): 14/18 MB
Progress (1): 14/18 MB
Progress (1): 14/18 MB
Progress (1): 14/18 MB
Progress (1): 14/18 MB
Progress (1): 14/18 MB
Progress (1): 14/18 MB
Progress (1): 14/18 MB
Progress (1): 14/18 MB
Progress (1): 14/18 MB
Progress (1): 14/18 MB
Progress (1): 14/18 MB
Progress (1): 14/18 MB
Progress (1): 14/18 MB
Progress (1): 14/18 MB
Progress (1): 14/18 MB
Progress (1): 14/18 MB
Progress (1): 14/18 MB
Progress (1): 14/18 MB
Progress (1): 14/18 MB
Progress (1): 14/18 MB
Progress (1): 14/18 MB
Progress (1): 14/18 MB
Progress (1): 14/18 MB
Progress (1): 14/18 MB
Progress (1): 14/18 MB
Progress (1): 14/18 MB
Progress (1): 14/18 MB
Progress (1): 14/18 MB
Progress (1): 14/18 MB
Progress (1): 14/18 MB
Progress (1): 14/18 MB
Progress (1): 14/18 MB
Progress (1): 14/18 MB
Progress (1): 14/18 MB
Progress (1): 14/18 MB
Progress (1): 14/18 MB
Progress (1): 14/18 MB
Progress (1): 14/18 MB
Progress (1): 14/18 MB
Progress (1): 14/18 MB
Progress (1): 15/18 MB
Progress (1): 15/18 MB
Progress (1): 15/18 MB
Progress (1): 15/18 MB
Progress (1): 15/18 MB
Progress (1): 15/18 MB
Progress (1): 15/18 MB
Progress (1): 15/18 MB
Progress (1): 15/18 MB
Progress (1): 15/18 MB
Progress (1): 15/18 MB
Progress (1): 15/18 MB
Progress (1): 15/18 MB
Progress (1): 15/18 MB
Progress (1): 15/18 MB
Progress (1): 15/18 MB
Progress (1): 15/18 MB
Progress (1): 15/18 MB
Progress (1): 15/18 MB
Progress (1): 15/18 MB
Progress (1): 15/18 MB
Progress (1): 15/18 MB
Progress (1): 15/18 MB
Progress (1): 15/18 MB
Progress (1): 15/18 MB
Progress (1): 15/18 MB
Progress (1): 15/18 MB
Progress (1): 15/18 MB
Progress (1): 15/18 MB
Progress (1): 15/18 MB
Progress (1): 15/18 MB
Progress (1): 15/18 MB
Progress (1): 15/18 MB
Progress (1): 15/18 MB
Progress (1): 15/18 MB
Progress (1): 15/18 MB
Progress (1): 15/18 MB
Progress (1): 15/18 MB
Progress (1): 15/18 MB
Progress (1): 15/18 MB
Progress (1): 15/18 MB
Progress (1): 15/18 MB
Progress (1): 15/18 MB
Progress (1): 15/18 MB
Progress (1): 15/18 MB
Progress (1): 15/18 MB
Progress (1): 15/18 MB
Progress (1): 15/18 MB
Progress (1): 15/18 MB
Progress (1): 15/18 MB
Progress (1): 15/18 MB
Progress (1): 15/18 MB
Progress (1): 15/18 MB
Progress (1): 15/18 MB
Progress (1): 15/18 MB
Progress (1): 15/18 MB
Progress (1): 15/18 MB
Progress (1): 15/18 MB
Progress (1): 15/18 MB
Progress (1): 15/18 MB
Progress (1): 15/18 MB
Progress (1): 16/18 MB
Progress (1): 16/18 MB
Progress (1): 16/18 MB
Progress (1): 16/18 MB
Progress (1): 16/18 MB
Progress (1): 16/18 MB
Progress (1): 16/18 MB
Progress (1): 16/18 MB
Progress (1): 16/18 MB
Progress (1): 16/18 MB
Progress (1): 16/18 MB
Progress (1): 16/18 MB
Progress (1): 16/18 MB
Progress (1): 16/18 MB
Progress (1): 16/18 MB
Progress (1): 16/18 MB
Progress (1): 16/18 MB
Progress (1): 16/18 MB
Progress (1): 16/18 MB
Progress (1): 16/18 MB
Progress (1): 16/18 MB
Progress (1): 16/18 MB
Progress (1): 16/18 MB
Progress (1): 16/18 MB
Progress (1): 16/18 MB
Progress (1): 16/18 MB
Progress (1): 16/18 MB
Progress (1): 16/18 MB
Progress (1): 16/18 MB
Progress (1): 16/18 MB
Progress (1): 16/18 MB
Progress (1): 16/18 MB
Progress (1): 16/18 MB
Progress (1): 16/18 MB
Progress (1): 16/18 MB
Progress (1): 16/18 MB
Progress (1): 16/18 MB
Progress (1): 16/18 MB
Progress (1): 16/18 MB
Progress (1): 16/18 MB
Progress (1): 16/18 MB
Progress (1): 16/18 MB
Progress (1): 16/18 MB
Progress (1): 16/18 MB
Progress (1): 16/18 MB
Progress (1): 16/18 MB
Progress (1): 16/18 MB
Progress (1): 16/18 MB
Progress (1): 16/18 MB
Progress (1): 16/18 MB
Progress (1): 16/18 MB
Progress (1): 16/18 MB
Progress (1): 16/18 MB
Progress (1): 16/18 MB
Progress (1): 16/18 MB
Progress (1): 16/18 MB
Progress (1): 16/18 MB
Progress (1): 16/18 MB
Progress (1): 16/18 MB
Progress (1): 16/18 MB
Progress (1): 16/18 MB
Progress (1): 16/18 MB
Progress (1): 17/18 MB
Progress (1): 17/18 MB
Progress (1): 17/18 MB
Progress (1): 17/18 MB
Progress (1): 17/18 MB
Progress (1): 17/18 MB
Progress (1): 17/18 MB
Progress (1): 17/18 MB
Progress (1): 17/18 MB
Progress (1): 17/18 MB
Progress (1): 17/18 MB
Progress (1): 17/18 MB
Progress (1): 17/18 MB
Progress (1): 17/18 MB
Progress (1): 17/18 MB
Progress (1): 17/18 MB
Progress (1): 17/18 MB
Progress (1): 17/18 MB
Progress (1): 17/18 MB
Progress (1): 17/18 MB
Progress (1): 17/18 MB
Progress (1): 17/18 MB
Progress (1): 17/18 MB
Progress (1): 17/18 MB
Progress (1): 17/18 MB
Progress (1): 17/18 MB
Progress (1): 17/18 MB
Progress (1): 17/18 MB
Progress (1): 17/18 MB
Progress (1): 17/18 MB
Progress (1): 17/18 MB
Progress (1): 17/18 MB
Progress (1): 17/18 MB
Progress (1): 17/18 MB
Progress (1): 17/18 MB
Progress (1): 17/18 MB
Progress (1): 17/18 MB
Progress (1): 17/18 MB
Progress (1): 17/18 MB
Progress (1): 17/18 MB
Progress (1): 17/18 MB
Progress (1): 17/18 MB
Progress (1): 17/18 MB
Progress (1): 17/18 MB
Progress (1): 17/18 MB
Progress (1): 17/18 MB
Progress (1): 17/18 MB
Progress (1): 17/18 MB
Progress (1): 17/18 MB
Progress (1): 17/18 MB
Progress (1): 17/18 MB
Progress (1): 17/18 MB
Progress (1): 17/18 MB
Progress (1): 17/18 MB
Progress (1): 17/18 MB
Progress (1): 17/18 MB
Progress (1): 17/18 MB
Progress (1): 17/18 MB
Progress (1): 17/18 MB
Progress (1): 17/18 MB
Progress (1): 17/18 MB
Progress (1): 18/18 MB
Progress (1): 18/18 MB
Progress (1): 18/18 MB
Progress (1): 18/18 MB
Progress (1): 18/18 MB
Progress (1): 18/18 MB
Progress (1): 18/18 MB
Progress (1): 18/18 MB
Progress (1): 18/18 MB
Progress (1): 18/18 MB
Progress (1): 18/18 MB
Progress (1): 18/18 MB
Progress (1): 18/18 MB
Progress (1): 18/18 MB
Progress (1): 18/18 MB
Progress (1): 18/18 MB
Progress (1): 18 MB   
                   
Downloaded from central: https://repo.maven.apache.org/maven2/org/testcontainers/testcontainers/1.19.8/testcontainers-1.19.8.jar (18 MB at 2.8 MB/s)
[INFO] 
[INFO] --- clean:3.3.2:clean (default-clean) @ backend ---
Downloading from central: https://repo.maven.apache.org/maven2/org/codehaus/plexus/plexus-utils/4.0.0/plexus-utils-4.0.0.pom
Progress (1): 724 B
Progress (1): 2.3 kB
Progress (1): 4.5 kB
Progress (1): 8.7 kB
                    
Downloaded from central: https://repo.maven.apache.org/maven2/org/codehaus/plexus/plexus-utils/4.0.0/plexus-utils-4.0.0.pom (8.7 kB at 58 kB/s)
Downloading from central: https://repo.maven.apache.org/maven2/org/codehaus/plexus/plexus/13/plexus-13.pom
Progress (1): 693 B
Progress (1): 2.5 kB
Progress (1): 6.4 kB
Progress (1): 8.9 kB
Progress (1): 11 kB 
Progress (1): 14 kB
Progress (1): 18 kB
Progress (1): 21 kB
Progress (1): 26 kB
Progress (1): 27 kB
                   
Downloaded from central: https://repo.maven.apache.org/maven2/org/codehaus/plexus/plexus/13/plexus-13.pom (27 kB at 219 kB/s)
Downloading from central: https://repo.maven.apache.org/maven2/org/codehaus/plexus/plexus-utils/4.0.0/plexus-utils-4.0.0.jar
Progress (1): 8.2/192 kB
Progress (1): 25/192 kB 
Progress (1): 41/192 kB
Progress (1): 57/192 kB
Progress (1): 66/192 kB
Progress (1): 82/192 kB
Progress (1): 90/192 kB
Progress (1): 106/192 kB
Progress (1): 123/192 kB
Progress (1): 131/192 kB
Progress (1): 147/192 kB
Progress (1): 164/192 kB
Progress (1): 180/192 kB
Progress (1): 192 kB    
                    
Downloaded from central: https://repo.maven.apache.org/maven2/org/codehaus/plexus/plexus-utils/4.0.0/plexus-utils-4.0.0.jar (192 kB at 345 kB/s)
[INFO] Deleting /workspace/target
[INFO] 
[INFO] --- resources:3.3.1:resources (default-resources) @ backend ---
Downloading from central: https://repo.maven.apache.org/maven2/org/codehaus/plexus/plexus-interpolation/1.26/plexus-interpolation-1.26.pom
Progress (1): 1.4 kB
Progress (1): 2.7 kB
                    
Downloaded from central: https://repo.maven.apache.org/maven2/org/codehaus/plexus/plexus-interpolation/1.26/plexus-interpolation-1.26.pom (2.7 kB at 17 kB/s)
Downloading from central: https://repo.maven.apache.org/maven2/org/codehaus/plexus/plexus/5.1/plexus-5.1.pom
Progress (1): 767 B
Progress (1): 2.8 kB
Progress (1): 6.6 kB
Progress (1): 8.2 kB
Progress (1): 9.9 kB
Progress (1): 14 kB 
Progress (1): 18 kB
Progress (1): 23 kB
                   
Downloaded from central: https://repo.maven.apache.org/maven2/org/codehaus/plexus/plexus/5.1/plexus-5.1.pom (23 kB at 191 kB/s)
Downloading from central: https://repo.maven.apache.org/maven2/org/codehaus/plexus/plexus-utils/3.5.1/plexus-utils-3.5.1.pom
Progress (1): 726 B
Progress (1): 2.4 kB
Progress (1): 4.4 kB
Progress (1): 8.6 kB
Progress (1): 8.8 kB
                    
Downloaded from central: https://repo.maven.apache.org/maven2/org/codehaus/plexus/plexus-utils/3.5.1/plexus-utils-3.5.1.pom (8.8 kB at 73 kB/s)
Downloading from central: https://repo.maven.apache.org/maven2/org/codehaus/plexus/plexus/10/plexus-10.pom
Progress (1): 767 B
Progress (1): 2.9 kB
Progress (1): 6.7 kB
Progress (1): 9.1 kB
Progress (1): 11 kB 
Progress (1): 15 kB
Progress (1): 20 kB
Progress (1): 24 kB
Progress (1): 25 kB
                   
Downloaded from central: https://repo.maven.apache.org/maven2/org/codehaus/plexus/plexus/10/plexus-10.pom (25 kB at 150 kB/s)
Downloading from central: https://repo.maven.apache.org/maven2/org/apache/maven/shared/maven-filtering/3.3.1/maven-filtering-3.3.1.pom
Progress (1): 793 B
Progress (1): 2.3 kB
Progress (1): 5.6 kB
Progress (1): 6.0 kB
                    
Downloaded from central: https://repo.maven.apache.org/maven2/org/apache/maven/shared/maven-filtering/3.3.1/maven-filtering-3.3.1.pom (6.0 kB at 17 kB/s)
Downloading from central: https://repo.maven.apache.org/maven2/org/apache/maven/shared/maven-shared-components/39/maven-shared-components-39.pom
Progress (1): 812 B
Progress (1): 2.2 kB
Progress (1): 3.2 kB
                    
Downloaded from central: https://repo.maven.apache.org/maven2/org/apache/maven/shared/maven-shared-components/39/maven-shared-components-39.pom (3.2 kB at 28 kB/s)
Downloading from central: https://repo.maven.apache.org/maven2/javax/inject/javax.inject/1/javax.inject-1.pom
Progress (1): 612 B
                   
Downloaded from central: https://repo.maven.apache.org/maven2/javax/inject/javax.inject/1/javax.inject-1.pom (612 B at 4.4 kB/s)
Downloading from central: https://repo.maven.apache.org/maven2/org/slf4j/slf4j-api/1.7.36/slf4j-api-1.7.36.pom
Progress (1): 1.0 kB
Progress (1): 2.7 kB
                    
Downloaded from central: https://repo.maven.apache.org/maven2/org/slf4j/slf4j-api/1.7.36/slf4j-api-1.7.36.pom (2.7 kB at 24 kB/s)
Downloading from central: https://repo.maven.apache.org/maven2/org/slf4j/slf4j-parent/1.7.36/slf4j-parent-1.7.36.pom
Progress (1): 1.0 kB
Progress (1): 3.0 kB
Progress (1): 5.9 kB
Progress (1): 8.7 kB
Progress (1): 12 kB 
Progress (1): 14 kB
                   
Downloaded from central: https://repo.maven.apache.org/maven2/org/slf4j/slf4j-parent/1.7.36/slf4j-parent-1.7.36.pom (14 kB at 118 kB/s)
Downloading from central: https://repo.maven.apache.org/maven2/org/sonatype/plexus/plexus-build-api/0.0.7/plexus-build-api-0.0.7.pom
Progress (1): 910 B
Progress (1): 3.2 kB
                    
Downloaded from central: https://repo.maven.apache.org/maven2/org/sonatype/plexus/plexus-build-api/0.0.7/plexus-build-api-0.0.7.pom (3.2 kB at 24 kB/s)
Downloading from central: https://repo.maven.apache.org/maven2/org/sonatype/spice/spice-parent/15/spice-parent-15.pom
Progress (1): 1.2 kB
Progress (1): 3.7 kB
Progress (1): 7.3 kB
Progress (1): 8.4 kB
                    
Downloaded from central: https://repo.maven.apache.org/maven2/org/sonatype/spice/spice-parent/15/spice-parent-15.pom (8.4 kB at 8.7 kB/s)
Downloading from central: https://repo.maven.apache.org/maven2/org/sonatype/forge/forge-parent/5/forge-parent-5.pom
Progress (1): 1.3 kB
Progress (1): 5.5 kB
Progress (1): 8.4 kB
                    
Downloaded from central: https://repo.maven.apache.org/maven2/org/sonatype/forge/forge-parent/5/forge-parent-5.pom (8.4 kB at 44 kB/s)
Downloading from central: https://repo.maven.apache.org/maven2/org/codehaus/plexus/plexus-utils/3.5.0/plexus-utils-3.5.0.pom
Progress (1): 725 B
Progress (1): 2.4 kB
Progress (1): 4.5 kB
Progress (1): 8.0 kB
                    
Downloaded from central: https://repo.maven.apache.org/maven2/org/codehaus/plexus/plexus-utils/3.5.0/plexus-utils-3.5.0.pom (8.0 kB at 37 kB/s)
Downloading from central: https://repo.maven.apache.org/maven2/commons-io/commons-io/2.11.0/commons-io-2.11.0.pom
Progress (1): 764 B
Progress (1): 2.1 kB
Progress (1): 5.2 kB
Progress (1): 7.8 kB
Progress (1): 10 kB 
Progress (1): 12 kB
Progress (1): 15 kB
Progress (1): 18 kB
Progress (1): 20 kB
                   
Downloaded from central: https://repo.maven.apache.org/maven2/commons-io/commons-io/2.11.0/commons-io-2.11.0.pom (20 kB at 144 kB/s)
Downloading from central: https://repo.maven.apache.org/maven2/org/apache/commons/commons-parent/52/commons-parent-52.pom
Progress (1): 703 B
Progress (1): 1.8 kB
Progress (1): 3.1 kB
Progress (1): 4.6 kB
Progress (1): 6.7 kB
Progress (1): 8.1 kB
Progress (1): 10 kB 
Progress (1): 12 kB
Progress (1): 15 kB
Progress (1): 17 kB
Progress (1): 20 kB
Progress (1): 22 kB
Progress (1): 25 kB
Progress (1): 29 kB
Progress (1): 32 kB
Progress (1): 32 kB
Progress (1): 36 kB
Progress (1): 39 kB
Progress (1): 42 kB
Progress (1): 44 kB
Progress (1): 47 kB
Progress (1): 51 kB
Progress (1): 54 kB
Progress (1): 56 kB
Progress (1): 61 kB
Progress (1): 65 kB
Progress (1): 73 kB
Progress (1): 76 kB
Progress (1): 79 kB
                   
Downloaded from central: https://repo.maven.apache.org/maven2/org/apache/commons/commons-parent/52/commons-parent-52.pom (79 kB at 601 kB/s)
Downloading from central: https://repo.maven.apache.org/maven2/org/apache/apache/23/apache-23.pom
Progress (1): 749 B
Progress (1): 2.1 kB
Progress (1): 3.9 kB
Progress (1): 7.9 kB
Progress (1): 13 kB 
Progress (1): 16 kB
Progress (1): 18 kB
                   
Downloaded from central: https://repo.maven.apache.org/maven2/org/apache/apache/23/apache-23.pom (18 kB at 155 kB/s)
Downloading from central: https://repo.maven.apache.org/maven2/org/junit/junit-bom/5.7.2/junit-bom-5.7.2.pom
Progress (1): 925 B
Progress (1): 3.9 kB
Progress (1): 5.1 kB
                    
Downloaded from central: https://repo.maven.apache.org/maven2/org/junit/junit-bom/5.7.2/junit-bom-5.7.2.pom (5.1 kB at 43 kB/s)
Downloading from central: https://repo.maven.apache.org/maven2/org/apache/commons/commons-lang3/3.12.0/commons-lang3-3.12.0.pom
Progress (1): 740 B
Progress (1): 2.1 kB
Progress (1): 5.4 kB
Progress (1): 8.8 kB
Progress (1): 12 kB 
Progress (1): 15 kB
Progress (1): 17 kB
Progress (1): 19 kB
Progress (1): 21 kB
Progress (1): 24 kB
Progress (1): 28 kB
Progress (1): 30 kB
Progress (1): 31 kB
                   
Downloaded from central: https://repo.maven.apache.org/maven2/org/apache/commons/commons-lang3/3.12.0/commons-lang3-3.12.0.pom (31 kB at 166 kB/s)
Downloading from central: https://repo.maven.apache.org/maven2/org/junit/junit-bom/5.7.1/junit-bom-5.7.1.pom
Progress (1): 912 B
Progress (1): 4.1 kB
Progress (1): 5.1 kB
                    
Downloaded from central: https://repo.maven.apache.org/maven2/org/junit/junit-bom/5.7.1/junit-bom-5.7.1.pom (5.1 kB at 41 kB/s)
Downloading from central: https://repo.maven.apache.org/maven2/org/codehaus/plexus/plexus-interpolation/1.26/plexus-interpolation-1.26.jar
Progress (1): 7.7/85 kB
Progress (1): 8.2/85 kB
Progress (1): 25/85 kB 
Progress (1): 41/85 kB
Progress (1): 57/85 kB
Progress (1): 74/85 kB
Progress (1): 85 kB   
                   
Downloaded from central: https://repo.maven.apache.org/maven2/org/codehaus/plexus/plexus-interpolation/1.26/plexus-interpolation-1.26.jar (85 kB at 472 kB/s)
Downloading from central: https://repo.maven.apache.org/maven2/org/codehaus/plexus/plexus-utils/3.5.1/plexus-utils-3.5.1.jar
Downloading from central: https://repo.maven.apache.org/maven2/org/apache/maven/shared/maven-filtering/3.3.1/maven-filtering-3.3.1.jar
Downloading from central: https://repo.maven.apache.org/maven2/javax/inject/javax.inject/1/javax.inject-1.jar
Downloading from central: https://repo.maven.apache.org/maven2/org/slf4j/slf4j-api/1.7.36/slf4j-api-1.7.36.jar
Downloading from central: https://repo.maven.apache.org/maven2/org/sonatype/plexus/plexus-build-api/0.0.7/plexus-build-api-0.0.7.jar
Progress (1): 3.4/41 kB
Progress (1): 20/41 kB 
Progress (1): 36/41 kB
Progress (1): 41 kB   
Progress (2): 41 kB | 7.7/8.5 kB
Progress (2): 41 kB | 8.2/8.5 kB
Progress (2): 41 kB | 8.5 kB    
                            
Downloaded from central: https://repo.maven.apache.org/maven2/org/slf4j/slf4j-api/1.7.36/slf4j-api-1.7.36.jar (41 kB at 381 kB/s)
Downloading from central: https://repo.maven.apache.org/maven2/commons-io/commons-io/2.11.0/commons-io-2.11.0.jar
Downloaded from central: https://repo.maven.apache.org/maven2/org/sonatype/plexus/plexus-build-api/0.0.7/plexus-build-api-0.0.7.jar (8.5 kB at 79 kB/s)
Downloading from central: https://repo.maven.apache.org/maven2/org/apache/commons/commons-lang3/3.12.0/commons-lang3-3.12.0.jar
Progress (1): 2.5 kB
                    
Downloaded from central: https://repo.maven.apache.org/maven2/javax/inject/javax.inject/1/javax.inject-1.jar (2.5 kB at 16 kB/s)
Progress (1): 7.7/55 kB
Progress (1): 7.7/55 kB
Progress (1): 24/55 kB 
Progress (1): 40/55 kB
Progress (1): 55 kB   
                   
Downloaded from central: https://repo.maven.apache.org/maven2/org/apache/maven/shared/maven-filtering/3.3.1/maven-filtering-3.3.1.jar (55 kB at 312 kB/s)
Progress (1): 7.7/269 kB
Progress (1): 16/269 kB 
Progress (1): 32/269 kB
Progress (1): 49/269 kB
Progress (1): 65/269 kB
Progress (1): 66/269 kB
Progress (1): 82/269 kB
Progress (1): 98/269 kB
Progress (2): 98/269 kB | 7.7/587 kB
Progress (2): 98/269 kB | 12/587 kB 
Progress (2): 115/269 kB | 12/587 kB
Progress (2): 115/269 kB | 28/587 kB
Progress (2): 131/269 kB | 28/587 kB
Progress (2): 131/269 kB | 44/587 kB
Progress (2): 147/269 kB | 44/587 kB
Progress (3): 147/269 kB | 44/587 kB | 7.7/327 kB
Progress (3): 147/269 kB | 44/587 kB | 12/327 kB 
Progress (3): 147/269 kB | 44/587 kB | 28/327 kB
Progress (3): 164/269 kB | 44/587 kB | 28/327 kB
Progress (3): 164/269 kB | 44/587 kB | 44/327 kB
Progress (3): 164/269 kB | 61/587 kB | 44/327 kB
Progress (3): 180/269 kB | 61/587 kB | 44/327 kB
Progress (3): 180/269 kB | 77/587 kB | 44/327 kB
Progress (3): 180/269 kB | 77/587 kB | 61/327 kB
Progress (3): 180/269 kB | 93/587 kB | 61/327 kB
Progress (3): 197/269 kB | 93/587 kB | 61/327 kB
Progress (3): 197/269 kB | 110/587 kB | 61/327 kB
Progress (3): 197/269 kB | 115/587 kB | 61/327 kB
Progress (3): 197/269 kB | 115/587 kB | 77/327 kB
Progress (3): 213/269 kB | 115/587 kB | 77/327 kB
Progress (3): 213/269 kB | 131/587 kB | 77/327 kB
Progress (3): 213/269 kB | 131/587 kB | 93/327 kB
Progress (3): 213/269 kB | 131/587 kB | 110/327 kB
Progress (3): 213/269 kB | 147/587 kB | 110/327 kB
Progress (3): 229/269 kB | 147/587 kB | 110/327 kB
Progress (3): 229/269 kB | 147/587 kB | 126/327 kB
Progress (3): 229/269 kB | 164/587 kB | 126/327 kB
Progress (3): 246/269 kB | 164/587 kB | 126/327 kB
Progress (3): 246/269 kB | 164/587 kB | 134/327 kB
Progress (3): 246/269 kB | 172/587 kB | 134/327 kB
Progress (3): 262/269 kB | 172/587 kB | 134/327 kB
Progress (3): 262/269 kB | 172/587 kB | 151/327 kB
Progress (3): 262/269 kB | 188/587 kB | 151/327 kB
Progress (3): 262/269 kB | 197/587 kB | 151/327 kB
Progress (3): 269 kB | 197/587 kB | 151/327 kB    
Progress (3): 269 kB | 197/587 kB | 167/327 kB
                                              
Downloaded from central: https://repo.maven.apache.org/maven2/org/codehaus/plexus/plexus-utils/3.5.1/plexus-utils-3.5.1.jar (269 kB at 1.1 MB/s)
Progress (2): 213/587 kB | 167/327 kB
Progress (2): 229/587 kB | 167/327 kB
Progress (2): 229/587 kB | 184/327 kB
Progress (2): 229/587 kB | 200/327 kB
Progress (2): 229/587 kB | 216/327 kB
Progress (2): 229/587 kB | 225/327 kB
Progress (2): 246/587 kB | 225/327 kB
Progress (2): 262/587 kB | 225/327 kB
Progress (2): 279/587 kB | 225/327 kB
Progress (2): 279/587 kB | 241/327 kB
Progress (2): 279/587 kB | 257/327 kB
Progress (2): 295/587 kB | 257/327 kB
Progress (2): 295/587 kB | 274/327 kB
Progress (2): 311/587 kB | 274/327 kB
Progress (2): 311/587 kB | 290/327 kB
Progress (2): 328/587 kB | 290/327 kB
Progress (2): 328/587 kB | 306/327 kB
Progress (2): 344/587 kB | 306/327 kB
Progress (2): 352/587 kB | 306/327 kB
Progress (2): 352/587 kB | 323/327 kB
Progress (2): 369/587 kB | 323/327 kB
Progress (2): 369/587 kB | 327 kB    
                                 
Downloaded from central: https://repo.maven.apache.org/maven2/commons-io/commons-io/2.11.0/commons-io-2.11.0.jar (327 kB at 1.2 MB/s)
Progress (1): 385/587 kB
Progress (1): 393/587 kB
Progress (1): 410/587 kB
Progress (1): 426/587 kB
Progress (1): 442/587 kB
Progress (1): 451/587 kB
Progress (1): 459/587 kB
Progress (1): 475/587 kB
Progress (1): 483/587 kB
Progress (1): 500/587 kB
Progress (1): 516/587 kB
Progress (1): 532/587 kB
Progress (1): 549/587 kB
Progress (1): 565/587 kB
Progress (1): 582/587 kB
Progress (1): 587 kB    
                    
Downloaded from central: https://repo.maven.apache.org/maven2/org/apache/commons/commons-lang3/3.12.0/commons-lang3-3.12.0.jar (587 kB at 2.0 MB/s)
[INFO] Copying 1 resource from src/main/resources to target/classes
[INFO] Copying 6 resources from src/main/resources to target/classes
[INFO] 
[INFO] --- compiler:3.13.0:compile (default-compile) @ backend ---
Downloading from central: https://repo.maven.apache.org/maven2/org/apache/maven/shared/maven-shared-utils/3.4.2/maven-shared-utils-3.4.2.pom
Progress (1): 793 B
Progress (1): 2.3 kB
Progress (1): 4.3 kB
Progress (1): 5.9 kB
                    
Downloaded from central: https://repo.maven.apache.org/maven2/org/apache/maven/shared/maven-shared-utils/3.4.2/maven-shared-utils-3.4.2.pom (5.9 kB at 57 kB/s)
Downloading from central: https://repo.maven.apache.org/maven2/org/apache/maven/shared/maven-shared-incremental/1.1/maven-shared-incremental-1.1.pom
Progress (1): 806 B
Progress (1): 2.3 kB
Progress (1): 4.7 kB
                    
Downloaded from central: https://repo.maven.apache.org/maven2/org/apache/maven/shared/maven-shared-incremental/1.1/maven-shared-incremental-1.1.pom (4.7 kB at 49 kB/s)
Downloading from central: https://repo.maven.apache.org/maven2/org/apache/maven/shared/maven-shared-components/19/maven-shared-components-19.pom
Progress (1): 773 B
Progress (1): 2.4 kB
Progress (1): 4.2 kB
Progress (1): 6.4 kB
                    
Downloaded from central: https://repo.maven.apache.org/maven2/org/apache/maven/shared/maven-shared-components/19/maven-shared-components-19.pom (6.4 kB at 62 kB/s)
Downloading from central: https://repo.maven.apache.org/maven2/org/apache/maven/maven-parent/23/maven-parent-23.pom
Progress (1): 726 B
Progress (1): 2.0 kB
Progress (1): 5.9 kB
Progress (1): 10 kB 
Progress (1): 15 kB
Progress (1): 19 kB
Progress (1): 22 kB
Progress (1): 25 kB
Progress (1): 27 kB
Progress (1): 31 kB
Progress (1): 33 kB
                   
Downloaded from central: https://repo.maven.apache.org/maven2/org/apache/maven/maven-parent/23/maven-parent-23.pom (33 kB at 326 kB/s)
Downloading from central: https://repo.maven.apache.org/maven2/org/apache/apache/13/apache-13.pom
Progress (1): 749 B
Progress (1): 2.1 kB
Progress (1): 4.1 kB
Progress (1): 9.0 kB
Progress (1): 11 kB 
Progress (1): 14 kB
                   
Downloaded from central: https://repo.maven.apache.org/maven2/org/apache/apache/13/apache-13.pom (14 kB at 140 kB/s)
Downloading from central: https://repo.maven.apache.org/maven2/org/codehaus/plexus/plexus-java/1.2.0/plexus-java-1.2.0.pom
Progress (1): 1.9 kB
Progress (1): 4.3 kB
                    
Downloaded from central: https://repo.maven.apache.org/maven2/org/codehaus/plexus/plexus-java/1.2.0/plexus-java-1.2.0.pom (4.3 kB at 42 kB/s)
Downloading from central: https://repo.maven.apache.org/maven2/org/codehaus/plexus/plexus-languages/1.2.0/plexus-languages-1.2.0.pom
Progress (1): 1.3 kB
Progress (1): 3.2 kB
                    
Downloaded from central: https://repo.maven.apache.org/maven2/org/codehaus/plexus/plexus-languages/1.2.0/plexus-languages-1.2.0.pom (3.2 kB at 32 kB/s)
Downloading from central: https://repo.maven.apache.org/maven2/org/codehaus/plexus/plexus/15/plexus-15.pom
Progress (1): 692 B
Progress (1): 2.7 kB
Progress (1): 6.4 kB
Progress (1): 8.9 kB
Progress (1): 11 kB 
Progress (1): 14 kB
Progress (1): 18 kB
Progress (1): 21 kB
Progress (1): 25 kB
Progress (1): 28 kB
                   
Downloaded from central: https://repo.maven.apache.org/maven2/org/codehaus/plexus/plexus/15/plexus-15.pom (28 kB at 275 kB/s)
Downloading from central: https://repo.maven.apache.org/maven2/com/thoughtworks/qdox/qdox/2.0.3/qdox-2.0.3.pom
Progress (1): 872 B
Progress (1): 3.4 kB
Progress (1): 6.6 kB
Progress (1): 11 kB 
Progress (1): 13 kB
Progress (1): 17 kB
                   
Downloaded from central: https://repo.maven.apache.org/maven2/com/thoughtworks/qdox/qdox/2.0.3/qdox-2.0.3.pom (17 kB at 171 kB/s)
Downloading from central: https://repo.maven.apache.org/maven2/org/codehaus/plexus/plexus-compiler-api/2.15.0/plexus-compiler-api-2.15.0.pom
Progress (1): 1.4 kB
                    
Downloaded from central: https://repo.maven.apache.org/maven2/org/codehaus/plexus/plexus-compiler-api/2.15.0/plexus-compiler-api-2.15.0.pom (1.4 kB at 14 kB/s)
Downloading from central: https://repo.maven.apache.org/maven2/org/codehaus/plexus/plexus-compiler/2.15.0/plexus-compiler-2.15.0.pom
Progress (1): 1.2 kB
Progress (1): 4.5 kB
Progress (1): 7.6 kB
Progress (1): 7.6 kB
                    
Downloaded from central: https://repo.maven.apache.org/maven2/org/codehaus/plexus/plexus-compiler/2.15.0/plexus-compiler-2.15.0.pom (7.6 kB at 73 kB/s)
Downloading from central: https://repo.maven.apache.org/maven2/org/codehaus/plexus/plexus/17/plexus-17.pom
Progress (1): 691 B
Progress (1): 2.5 kB
Progress (1): 6.4 kB
Progress (1): 8.9 kB
Progress (1): 11 kB 
Progress (1): 14 kB
Progress (1): 19 kB
Progress (1): 21 kB
Progress (1): 25 kB
Progress (1): 28 kB
                   
Downloaded from central: https://repo.maven.apache.org/maven2/org/codehaus/plexus/plexus/17/plexus-17.pom (28 kB at 282 kB/s)
Downloading from central: https://repo.maven.apache.org/maven2/org/codehaus/plexus/plexus-compiler-manager/2.15.0/plexus-compiler-manager-2.15.0.pom
Progress (1): 1.3 kB
                    
Downloaded from central: https://repo.maven.apache.org/maven2/org/codehaus/plexus/plexus-compiler-manager/2.15.0/plexus-compiler-manager-2.15.0.pom (1.3 kB at 14 kB/s)
Downloading from central: https://repo.maven.apache.org/maven2/org/codehaus/plexus/plexus-xml/3.0.0/plexus-xml-3.0.0.pom
Progress (1): 815 B
Progress (1): 2.7 kB
Progress (1): 3.7 kB
                    
Downloaded from central: https://repo.maven.apache.org/maven2/org/codehaus/plexus/plexus-xml/3.0.0/plexus-xml-3.0.0.pom (3.7 kB at 38 kB/s)
Downloading from central: https://repo.maven.apache.org/maven2/org/codehaus/plexus/plexus-compiler-javac/2.15.0/plexus-compiler-javac-2.15.0.pom
Progress (1): 1.3 kB
                    
Downloaded from central: https://repo.maven.apache.org/maven2/org/codehaus/plexus/plexus-compiler-javac/2.15.0/plexus-compiler-javac-2.15.0.pom (1.3 kB at 13 kB/s)
Downloading from central: https://repo.maven.apache.org/maven2/org/codehaus/plexus/plexus-compilers/2.15.0/plexus-compilers-2.15.0.pom
Progress (1): 1.6 kB
Progress (1): 1.6 kB
                    
Downloaded from central: https://repo.maven.apache.org/maven2/org/codehaus/plexus/plexus-compilers/2.15.0/plexus-compilers-2.15.0.pom (1.6 kB at 16 kB/s)
Downloading from central: https://repo.maven.apache.org/maven2/org/apache/maven/shared/maven-shared-utils/3.4.2/maven-shared-utils-3.4.2.jar
Progress (1): 3.4/151 kB
Progress (1): 20/151 kB 
Progress (1): 36/151 kB
Progress (1): 53/151 kB
Progress (1): 69/151 kB
Progress (1): 77/151 kB
Progress (1): 93/151 kB
Progress (1): 110/151 kB
Progress (1): 126/151 kB
Progress (1): 143/151 kB
Progress (1): 151 kB    
                    
Downloaded from central: https://repo.maven.apache.org/maven2/org/apache/maven/shared/maven-shared-utils/3.4.2/maven-shared-utils-3.4.2.jar (151 kB at 1.2 MB/s)
Downloading from central: https://repo.maven.apache.org/maven2/org/apache/maven/shared/maven-shared-incremental/1.1/maven-shared-incremental-1.1.jar
Downloading from central: https://repo.maven.apache.org/maven2/org/codehaus/plexus/plexus-java/1.2.0/plexus-java-1.2.0.jar
Downloading from central: https://repo.maven.apache.org/maven2/com/thoughtworks/qdox/qdox/2.0.3/qdox-2.0.3.jar
Downloading from central: https://repo.maven.apache.org/maven2/org/codehaus/plexus/plexus-compiler-api/2.15.0/plexus-compiler-api-2.15.0.jar
Downloading from central: https://repo.maven.apache.org/maven2/org/codehaus/plexus/plexus-compiler-manager/2.15.0/plexus-compiler-manager-2.15.0.jar
Progress (1): 7.7/14 kB
Progress (1): 8.2/14 kB
Progress (1): 14 kB    
Progress (2): 14 kB | 7.7/29 kB
Progress (2): 14 kB | 16/29 kB 
                              
Downloaded from central: https://repo.maven.apache.org/maven2/org/apache/maven/shared/maven-shared-incremental/1.1/maven-shared-incremental-1.1.jar (14 kB at 103 kB/s)
Downloading from central: https://repo.maven.apache.org/maven2/org/codehaus/plexus/plexus-xml/3.0.0/plexus-xml-3.0.0.jar
Progress (1): 29 kB
Progress (2): 29 kB | 5.2 kB
                            
Downloaded from central: https://repo.maven.apache.org/maven2/org/codehaus/plexus/plexus-compiler-api/2.15.0/plexus-compiler-api-2.15.0.jar (29 kB at 215 kB/s)
Downloading from central: https://repo.maven.apache.org/maven2/org/codehaus/plexus/plexus-compiler-javac/2.15.0/plexus-compiler-javac-2.15.0.jar
Downloaded from central: https://repo.maven.apache.org/maven2/org/codehaus/plexus/plexus-compiler-manager/2.15.0/plexus-compiler-manager-2.15.0.jar (5.2 kB at 39 kB/s)
Progress (1): 7.7/58 kB
Progress (1): 16/58 kB 
Progress (1): 25/58 kB
Progress (1): 33/58 kB
Progress (1): 49/58 kB
Progress (1): 58 kB   
                   
Downloaded from central: https://repo.maven.apache.org/maven2/org/codehaus/plexus/plexus-java/1.2.0/plexus-java-1.2.0.jar (58 kB at 397 kB/s)
Progress (1): 8.2/334 kB
Progress (1): 25/334 kB 
Progress (1): 33/334 kB
Progress (1): 41/334 kB
Progress (1): 57/334 kB
Progress (1): 66/334 kB
Progress (1): 82/334 kB
Progress (1): 98/334 kB
Progress (1): 115/334 kB
Progress (1): 131/334 kB
Progress (1): 147/334 kB
Progress (1): 164/334 kB
Progress (1): 172/334 kB
Progress (1): 188/334 kB
Progress (1): 197/334 kB
Progress (1): 213/334 kB
Progress (1): 229/334 kB
Progress (1): 238/334 kB
Progress (1): 254/334 kB
Progress (1): 262/334 kB
Progress (1): 279/334 kB
Progress (1): 295/334 kB
Progress (1): 311/334 kB
Progress (1): 319/334 kB
Progress (1): 328/334 kB
Progress (1): 334 kB    
                    
Downloaded from central: https://repo.maven.apache.org/maven2/com/thoughtworks/qdox/qdox/2.0.3/qdox-2.0.3.jar (334 kB at 1.5 MB/s)
Progress (1): 3.4/93 kB
Progress (1): 12/93 kB 
Progress (1): 28/93 kB
Progress (1): 44/93 kB
Progress (1): 61/93 kB
Progress (1): 77/93 kB
Progress (1): 93 kB   
                   
Downloaded from central: https://repo.maven.apache.org/maven2/org/codehaus/plexus/plexus-xml/3.0.0/plexus-xml-3.0.0.jar (93 kB at 401 kB/s)
Progress (1): 16/26 kB
Progress (1): 26 kB   
                   
Downloaded from central: https://repo.maven.apache.org/maven2/org/codehaus/plexus/plexus-compiler-javac/2.15.0/plexus-compiler-javac-2.15.0.jar (26 kB at 97 kB/s)
[INFO] Recompiling the module because of changed source code.
[INFO] Compiling 71 source files with javac [debug parameters release 17] to target/classes
[INFO] -------------------------------------------------------------
[ERROR] COMPILATION ERROR : 
[INFO] -------------------------------------------------------------
[ERROR] /workspace/src/main/java/com/reparando/platform/application/service/WorkWorkflowService.java:[273,102] local variables referenced from a lambda expression must be final or effectively final
[ERROR] /workspace/src/main/java/com/reparando/platform/infrastructure/adapter/in/web/ImageUploadController.java:[44,28] cannot find symbol
  symbol:   method release()
  location: variable dataBuffer1 of type org.springframework.core.io.buffer.DataBuffer
[ERROR] /workspace/src/main/java/com/reparando/platform/infrastructure/adapter/in/web/ImageUploadController.java:[45,28] cannot find symbol
  symbol:   method release()
  location: variable dataBuffer2 of type org.springframework.core.io.buffer.DataBuffer
[ERROR] /workspace/src/main/java/com/reparando/platform/infrastructure/adapter/in/web/ImageUploadController.java:[54,27] cannot find symbol
  symbol:   method release()
  location: variable dataBuffer of type org.springframework.core.io.buffer.DataBuffer
[INFO] 4 errors 
[INFO] -------------------------------------------------------------
[INFO] ------------------------------------------------------------------------
[INFO] BUILD FAILURE
[INFO] ------------------------------------------------------------------------
[INFO] Total time:  01:41 min
[INFO] Finished at: 2026-03-31T02:37:37Z
[INFO] ------------------------------------------------------------------------
[ERROR] Failed to execute goal org.apache.maven.plugins:maven-compiler-plugin:3.13.0:compile (default-compile) on project backend: Compilation failure: Compilation failure: 
[ERROR] /workspace/src/main/java/com/reparando/platform/application/service/WorkWorkflowService.java:[273,102] local variables referenced from a lambda expression must be final or effectively final
[ERROR] /workspace/src/main/java/com/reparando/platform/infrastructure/adapter/in/web/ImageUploadController.java:[44,28] cannot find symbol
[ERROR]   symbol:   method release()
[ERROR]   location: variable dataBuffer1 of type org.springframework.core.io.buffer.DataBuffer
[ERROR] /workspace/src/main/java/com/reparando/platform/infrastructure/adapter/in/web/ImageUploadController.java:[45,28] cannot find symbol
[ERROR]   symbol:   method release()
[ERROR]   location: variable dataBuffer2 of type org.springframework.core.io.buffer.DataBuffer
[ERROR] /workspace/src/main/java/com/reparando/platform/infrastructure/adapter/in/web/ImageUploadController.java:[54,27] cannot find symbol
[ERROR]   symbol:   method release()
[ERROR]   location: variable dataBuffer of type org.springframework.core.io.buffer.DataBuffer
[ERROR] -> [Help 1]
[ERROR] 
[ERROR] To see the full stack trace of the errors, re-run Maven with the -e switch.
[ERROR] Re-run Maven using the -X switch to enable full debug logging.
[ERROR] 
[ERROR] For more information about the errors and possible solutions, please read the following articles:
[ERROR] [Help 1] http://cwiki.apache.org/confluence/display/MAVEN/MojoFailureException
